Archive member included because of file (symbol)

/home/tx/workspace/nacl_sdk/pepper_29/toolchain/linux_arm_newlib/bin/../lib/gcc/arm-nacl/4.8.1/../../../../arm-nacl/lib/libppapi_stub.a(plugin_main_irt.o)
                              (main)
/home/tx/workspace/nacl_sdk/pepper_29/toolchain/linux_arm_newlib/bin/../lib/gcc/arm-nacl/4.8.1/../../../../arm-nacl/lib/libppapi_stub.a(ppapi_plugin_main.o)
                              /home/tx/workspace/nacl_sdk/pepper_29/toolchain/linux_arm_newlib/bin/../lib/gcc/arm-nacl/4.8.1/../../../../arm-nacl/lib/libppapi_stub.a(plugin_main_irt.o) (PpapiPluginMain)
/home/tx/workspace/nacl_sdk/pepper_29/toolchain/linux_arm_newlib/bin/../lib/gcc/arm-nacl/4.8.1/../../../../arm-nacl/lib/libppapi_stub.a(ppapi_plugin_start.o)
                              /home/tx/workspace/nacl_sdk/pepper_29/toolchain/linux_arm_newlib/bin/../lib/gcc/arm-nacl/4.8.1/../../../../arm-nacl/lib/libppapi_stub.a(ppapi_plugin_main.o) (PpapiPluginStart)
/home/tx/workspace/nacl_sdk/pepper_29/toolchain/linux_arm_newlib/bin/../lib/gcc/arm-nacl/4.8.1/../../../../arm-nacl/lib/libppapi_stub.a(thread_creator.o)
                              /home/tx/workspace/nacl_sdk/pepper_29/toolchain/linux_arm_newlib/bin/../lib/gcc/arm-nacl/4.8.1/../../../../arm-nacl/lib/libppapi_stub.a(ppapi_plugin_start.o) (__nacl_register_thread_creator)
/home/tx/workspace/nacl_sdk/pepper_29/toolchain/linux_arm_newlib/bin/../lib/gcc/arm-nacl/4.8.1/../../../../arm-nacl/lib/libpthread.a(nc_thread.o)
                              /home/tx/workspace/nacl_sdk/pepper_29/toolchain/linux_arm_newlib/bin/../lib/gcc/arm-nacl/4.8.1/../../../../arm-nacl/lib/libppapi_stub.a(thread_creator.o) (pthread_create)
/home/tx/workspace/nacl_sdk/pepper_29/toolchain/linux_arm_newlib/bin/../lib/gcc/arm-nacl/4.8.1/../../../../arm-nacl/lib/libpthread.a(nc_mutex.o)
                              /home/tx/workspace/nacl_sdk/pepper_29/toolchain/linux_arm_newlib/bin/../lib/gcc/arm-nacl/4.8.1/../../../../arm-nacl/lib/libpthread.a(nc_thread.o) (pthread_mutex_init)
/home/tx/workspace/nacl_sdk/pepper_29/toolchain/linux_arm_newlib/bin/../lib/gcc/arm-nacl/4.8.1/../../../../arm-nacl/lib/libpthread.a(nc_condvar.o)
                              /home/tx/workspace/nacl_sdk/pepper_29/toolchain/linux_arm_newlib/bin/../lib/gcc/arm-nacl/4.8.1/../../../../arm-nacl/lib/libpthread.a(nc_thread.o) (pthread_cond_init)
/home/tx/workspace/nacl_sdk/pepper_29/toolchain/linux_arm_newlib/bin/../lib/gcc/arm-nacl/4.8.1/../../../../arm-nacl/lib/libpthread.a(nc_init_irt.o)
                              /home/tx/workspace/nacl_sdk/pepper_29/toolchain/linux_arm_newlib/bin/../lib/gcc/arm-nacl/4.8.1/../../../../arm-nacl/lib/libpthread.a(nc_thread.o) (__nc_initialize_interfaces)
/home/tx/workspace/nacl_sdk/pepper_29/toolchain/linux_arm_newlib/bin/../lib/gcc/arm-nacl/4.8.1/../../../../arm-nacl/lib/libpthread.a(dynamic_annotations.o)
                              /home/tx/workspace/nacl_sdk/pepper_29/toolchain/linux_arm_newlib/bin/../lib/gcc/arm-nacl/4.8.1/../../../../arm-nacl/lib/libpthread.a(nc_thread.o) (NACL_AnnotateCondVarWait)
/home/tx/workspace/nacl_sdk/pepper_29/toolchain/linux_arm_newlib/bin/../lib/gcc/arm-nacl/4.8.1/../../../../arm-nacl/lib/libpthread.a(futex.o)
                              /home/tx/workspace/nacl_sdk/pepper_29/toolchain/linux_arm_newlib/bin/../lib/gcc/arm-nacl/4.8.1/../../../../arm-nacl/lib/libpthread.a(nc_thread.o) (__nc_futex_init)
/home/tx/workspace/nacl_sdk/pepper_29/toolchain/linux_arm_newlib/bin/../lib/gcc/arm-nacl/4.8.1/../../../../arm-nacl/lib/libcrt_common.a(lib_a-assert.o)
                              /home/tx/workspace/nacl_sdk/pepper_29/toolchain/linux_arm_newlib/bin/../lib/gcc/arm-nacl/4.8.1/../../../../arm-nacl/lib/libpthread.a(futex.o) (__assert_func)
/home/tx/workspace/nacl_sdk/pepper_29/toolchain/linux_arm_newlib/bin/../lib/gcc/arm-nacl/4.8.1/../../../../arm-nacl/lib/libcrt_common.a(lib_a-environ.o)
                              /home/tx/workspace/nacl_sdk/pepper_29/toolchain/linux_arm_newlib/bin/../lib/gcc/arm-nacl/4.8.1/../../../../arm-nacl/lib/libppapi_stub.a(ppapi_plugin_start.o) (environ)
/home/tx/workspace/nacl_sdk/pepper_29/toolchain/linux_arm_newlib/bin/../lib/gcc/arm-nacl/4.8.1/../../../../arm-nacl/lib/libcrt_common.a(lib_a-exit.o)
                              (exit)
/home/tx/workspace/nacl_sdk/pepper_29/toolchain/linux_arm_newlib/bin/../lib/gcc/arm-nacl/4.8.1/../../../../arm-nacl/lib/libcrt_common.a(lib_a-fiprintf.o)
                              /home/tx/workspace/nacl_sdk/pepper_29/toolchain/linux_arm_newlib/bin/../lib/gcc/arm-nacl/4.8.1/../../../../arm-nacl/lib/libcrt_common.a(lib_a-assert.o) (fiprintf)
/home/tx/workspace/nacl_sdk/pepper_29/toolchain/linux_arm_newlib/bin/../lib/gcc/arm-nacl/4.8.1/../../../../arm-nacl/lib/libcrt_common.a(lib_a-getenv.o)
                              /home/tx/workspace/nacl_sdk/pepper_29/toolchain/linux_arm_newlib/bin/../lib/gcc/arm-nacl/4.8.1/../../../../arm-nacl/lib/libpthread.a(dynamic_annotations.o) (getenv)
[...]
Memory Configuration

Name             Origin             Length             Attributes
*default*        0x00000000         0xffffffff

Linker script and memory map

LOAD /home/tx/workspace/nacl_sdk/pepper_29/toolchain/linux_arm_newlib/bin/../lib/gcc/arm-nacl/4.8.1/../../../../arm-nacl/lib/crt1.o
LOAD /home/tx/workspace/nacl_sdk/pepper_29/toolchain/linux_arm_newlib/bin/../lib/gcc/arm-nacl/4.8.1/../../../../arm-nacl/lib/crti.o
LOAD /home/tx/workspace/nacl_sdk/pepper_29/toolchain/linux_arm_newlib/bin/../lib/gcc/arm-nacl/4.8.1/crtbegin.o
LOAD newlib/Debug/tmp_arm.o
LOAD /home/tx/workspace/nacl_sdk/pepper_29/toolchain/linux_arm_newlib/bin/../lib/gcc/arm-nacl/4.8.1/../../../../arm-nacl/lib/libppapi.a
LOAD /home/tx/workspace/nacl_sdk/pepper_29/toolchain/linux_arm_newlib/bin/../lib/gcc/arm-nacl/4.8.1/../../../../arm-nacl/lib/libppapi_stub.a
LOAD /home/tx/workspace/nacl_sdk/pepper_29/toolchain/linux_arm_newlib/bin/../lib/gcc/arm-nacl/4.8.1/../../../../arm-nacl/lib/libpthread.a
LOAD /home/tx/workspace/nacl_sdk/pepper_29/toolchain/linux_arm_newlib/bin/../lib/gcc/arm-nacl/4.8.1/../../../../arm-nacl/lib/libstdc++.a
LOAD /home/tx/workspace/nacl_sdk/pepper_29/toolchain/linux_arm_newlib/bin/../lib/gcc/arm-nacl/4.8.1/../../../../arm-nacl/lib/libm.a
LOAD /home/tx/workspace/nacl_sdk/pepper_29/toolchain/linux_arm_newlib/bin/../lib/gcc/arm-nacl/4.8.1/libgcc.a
LOAD /home/tx/workspace/nacl_sdk/pepper_29/toolchain/linux_arm_newlib/bin/../lib/gcc/arm-nacl/4.8.1/../../../../arm-nacl/lib/libc.a
START GROUP
LOAD /home/tx/workspace/nacl_sdk/pepper_29/toolchain/linux_arm_newlib/bin/../lib/gcc/arm-nacl/4.8.1/../../../../arm-nacl/lib/libcrt_common.a
LOAD /home/tx/workspace/nacl_sdk/pepper_29/toolchain/linux_arm_newlib/bin/../lib/gcc/arm-nacl/4.8.1/../../../../arm-nacl/lib/libnacl.a
END GROUP
LOAD /home/tx/workspace/nacl_sdk/pepper_29/toolchain/linux_arm_newlib/bin/../lib/gcc/arm-nacl/4.8.1/libgcc.a
LOAD /home/tx/workspace/nacl_sdk/pepper_29/toolchain/linux_arm_newlib/bin/../lib/gcc/arm-nacl/4.8.1/crtend.o
LOAD /home/tx/workspace/nacl_sdk/pepper_29/toolchain/linux_arm_newlib/bin/../lib/gcc/arm-nacl/4.8.1/../../../../arm-nacl/lib/crtn.o
                0x00020000                PROVIDE (__executable_start, 0x20000)
                0x00020000                . = 0x20000

.init           0x00020000       0x10
 *(SORT(.init))
 .init          0x00020000        0x0 /home/tx/workspace/nacl_sdk/pepper_29/toolchain/linux_arm_newlib/bin/../lib/gcc/arm-nacl/4.8.1/../../../../arm-nacl/lib/crti.o
                0x00020000                _init
 .init          0x00020000       0x10 /home/tx/workspace/nacl_sdk/pepper_29/toolchain/linux_arm_newlib/bin/../lib/gcc/arm-nacl/4.8.1/../../../../arm-nacl/lib/crtn.o

.plt
 *(.plt)

.iplt           0x00020010        0x0
 *(.iplt)
 .iplt          0x00000000        0x0 /home/tx/workspace/nacl_sdk/pepper_29/toolchain/linux_arm_newlib/bin/../lib/gcc/arm-nacl/4.8.1/crtbegin.o

.text           0x00020010    0x1c490
 *(.text.unlikely .text.*_unlikely)
 .text.unlikely
                0x00020010       0x40 /home/tx/workspace/nacl_sdk/pepper_29/toolchain/linux_arm_newlib/bin/../lib/gcc/arm-nacl/4.8.1/../../../../arm-nacl/lib/libppapi_stub.a(ppapi_plugin_start.o)
 *(.text.exit .text.exit.*)
 *(.text.startup .text.startup.*)
 .text.startup  0x00020050       0x10 /home/tx/workspace/nacl_sdk/pepper_29/toolchain/linux_arm_newlib/bin/../lib/gcc/arm-nacl/4.8.1/../../../../arm-nacl/lib/libppapi_stub.a(plugin_main_irt.o)
                0x00020050                main
 *(.text.hot .text.hot.*)
 *(.text .stub .text.* .gnu.linkonce.t.*)
 .text          0x00020060        0x0 /home/tx/workspace/nacl_sdk/pepper_29/toolchain/linux_arm_newlib/bin/../lib/gcc/arm-nacl/4.8.1/../../../../arm-nacl/lib/crti.o
 .text          0x00020060      0x1d0 /home/tx/workspace/nacl_sdk/pepper_29/toolchain/linux_arm_newlib/bin/../lib/gcc/arm-nacl/4.8.1/crtbegin.o
 .text          0x00020230      0x940 newlib/Debug/tmp_arm.o
                0x000203b0                VarToCharPoint
                0x00020990                PPP_InitializeModule
                0x00020a90                PPP_GetInterface
                0x00020b50                PPP_ShutdownModule
 .text          0x00020b70        0x0 /home/tx/workspace/nacl_sdk/pepper_29/toolchain/linux_arm_newlib/bin/../lib/gcc/arm-nacl/4.8.1/../../../../arm-nacl/lib/libppapi_stub.a(plugin_main_irt.o)
 .text          0x00020b70       0x10 /home/tx/workspace/nacl_sdk/pepper_29/toolchain/linux_arm_newlib/bin/../lib/gcc/arm-nacl/4.8.1/../../../../arm-nacl/lib/libppapi_stub.a(ppapi_plugin_main.o)
                0x00020b70                PpapiPluginMain
 .text          0x00020b80      0x150 /home/tx/workspace/nacl_sdk/pepper_29/toolchain/linux_arm_newlib/bin/../lib/gcc/arm-nacl/4.8.1/../../../../arm-nacl/lib/libppapi_stub.a(ppapi_plugin_start.o)
                0x00020b80                PpapiPluginStart
 .text          0x00020cd0       0x50 /home/tx/workspace/nacl_sdk/pepper_29/toolchain/linux_arm_newlib/bin/../lib/gcc/arm-nacl/4.8.1/../../../../arm-nacl/lib/libppapi_stub.a(thread_creator.o)
                0x00020cf0                __nacl_register_thread_creator
 .text          0x00020d20     0x18b0 /home/tx/workspace/nacl_sdk/pepper_29/toolchain/linux_arm_newlib/bin/../lib/gcc/arm-nacl/4.8.1/../../../../arm-nacl/lib/libpthread.a(nc_thread.o)
                0x00020f30                __nc_initialize_globals
                0x00021040                __pthread_initialize
                0x00021140                pthread_create
                0x00021550                pthread_cleanup_push
                0x000215c0                pthread_cleanup_pop
                0x00021670                pthread_join
                0x000217f0                pthread_detach
                0x000218a0                pthread_kill
                0x000218b0                pthread_self
                0x000218e0                pthread_equal
                0x00021900                pthread_setschedprio
                0x00021980                pthread_attr_init
                0x000219b0                pthread_attr_destroy
                0x000219d0                pthread_attr_setdetachstate
                0x000219f0                pthread_attr_getdetachstate
                0x00021a10                pthread_attr_setstacksize
                0x00021a50                pthread_attr_getstacksize
                0x00021a80                __local_lock_init
                0x00021ae0                __local_lock_init_recursive
                0x00021b40                __local_lock_close
                0x00021b50                __local_lock_close_recursive
                0x00021b60                __local_lock_acquire
                0x00021b90                __local_lock_acquire_recursive
                0x00021bc0                __local_lock_try_acquire
                0x00021c10                __local_lock_try_acquire_recursive
                0x00021c60                __local_lock_release
                0x00021c90                __local_lock_release_recursive
                0x00021cc0                pthread_key_create
                0x00021da0                pthread_key_delete
                0x00021e50                pthread_setspecific
                0x00021f40                pthread_getspecific
                0x00021fe0                __nc_tsd_exit
                0x00022140                pthread_exit
 .text          0x000225d0      0x590 /home/tx/workspace/nacl_sdk/pepper_29/toolchain/linux_arm_newlib/bin/../lib/gcc/arm-nacl/4.8.1/../../../../arm-nacl/lib/libpthread.a(nc_mutex.o)
                0x000227f0                pthread_mutex_init
                0x00022840                pthread_mutex_destroy
                0x00022890                pthread_mutex_trylock
                0x000228a0                pthread_mutex_lock
                0x000228b0                pthread_mutex_unlock
                0x00022a20                pthread_once
                0x00022af0                pthread_mutexattr_init
                0x00022b10                pthread_mutexattr_destroy
                0x00022b20                pthread_mutexattr_settype
                0x00022b40                pthread_mutexattr_gettype
 .text          0x00022b60      0x1c0 /home/tx/workspace/nacl_sdk/pepper_29/toolchain/linux_arm_newlib/bin/../lib/gcc/arm-nacl/4.8.1/../../../../arm-nacl/lib/libpthread.a(nc_condvar.o)
                0x00022b60                pthread_cond_init
                0x00022b80                pthread_cond_destroy
                0x00022b90                pthread_cond_signal
                0x00022c00                pthread_cond_broadcast
                0x00022c70                pthread_cond_timedwait_abs
                0x00022d10                pthread_cond_wait
 .text          0x00022d20       0x80 /home/tx/workspace/nacl_sdk/pepper_29/toolchain/linux_arm_newlib/bin/../lib/gcc/arm-nacl/4.8.1/../../../../arm-nacl/lib/libpthread.a(nc_init_irt.o)
                0x00022d20                __nc_initialize_interfaces
 .text          0x00022da0      0x2f0 /home/tx/workspace/nacl_sdk/pepper_29/toolchain/linux_arm_newlib/bin/../lib/gcc/arm-nacl/4.8.1/../../../../arm-nacl/lib/libpthread.a(dynamic_annotations.o)
                0x00022da0                NACL_AnnotateRWLockCreate
                0x00022db0                NACL_AnnotateRWLockDestroy
                0x00022dc0                NACL_AnnotateRWLockAcquired
                0x00022dd0                NACL_AnnotateRWLockReleased
                0x00022de0                NACL_AnnotateBarrierInit
                0x00022df0                NACL_AnnotateBarrierWaitBefore
                0x00022e00                NACL_AnnotateBarrierWaitAfter
                0x00022e10                NACL_AnnotateBarrierDestroy
                0x00022e20                NACL_AnnotateCondVarWait
                0x00022e30                NACL_AnnotateCondVarSignal
                0x00022e40                NACL_AnnotateCondVarSignalAll
                0x00022e50                NACL_AnnotateHappensBefore
                0x00022e60                NACL_AnnotateHappensAfter
                0x00022e70                NACL_AnnotatePublishMemoryRange
                0x00022e80                NACL_AnnotateUnpublishMemoryRange
                0x00022e90                NACL_AnnotatePCQCreate
                0x00022ea0                NACL_AnnotatePCQDestroy
                0x00022eb0                NACL_AnnotatePCQPut
                0x00022ec0                NACL_AnnotatePCQGet
                0x00022ed0                NACL_AnnotateNewMemory
                0x00022ee0                NACL_AnnotateExpectRace
                0x00022ef0                NACL_AnnotateFlushExpectedRaces
                0x00022f00                NACL_AnnotateBenignRace
                0x00022f10                NACL_AnnotateBenignRaceSized
                0x00022f20                NACL_AnnotateMutexIsUsedAsCondVar
                0x00022f30                NACL_AnnotateMutexIsNotPHB
                0x00022f40                NACL_AnnotateTraceMemory
                0x00022f50                NACL_AnnotateThreadName
                0x00022f60                NACL_AnnotateIgnoreReadsBegin
                0x00022f70                NACL_AnnotateIgnoreReadsEnd
                0x00022f80                NACL_AnnotateIgnoreWritesBegin
                0x00022f90                NACL_AnnotateIgnoreWritesEnd
                0x00022fa0                NACL_AnnotateIgnoreSyncBegin
                0x00022fb0                NACL_AnnotateIgnoreSyncEnd
                0x00022fc0                NACL_AnnotateEnableRaceDetection
                0x00022fd0                NACL_AnnotateNoOp
                0x00022fe0                NACL_AnnotateFlushState
                0x00022ff0                RunningOnValgrind
 .text          0x00023090      0x610 /home/tx/workspace/nacl_sdk/pepper_29/toolchain/linux_arm_newlib/bin/../lib/gcc/arm-nacl/4.8.1/../../../../arm-nacl/lib/libpthread.a(futex.o)
                0x00023090                __nc_futex_init
                0x00023140                __nc_futex_thread_exit
                0x000231f0                __nc_futex_wait
                0x000234a0                __nc_futex_wake
 .text          0x000236a0       0xc0 /home/tx/workspace/nacl_sdk/pepper_29/toolchain/linux_arm_newlib/bin/../lib/gcc/arm-nacl/4.8.1/../../../../arm-nacl/lib/libcrt_common.a(lib_a-assert.o)
                0x000236a0                __assert_func
                0x00023740                __assert
 .text          0x00023760        0x0 /home/tx/workspace/nacl_sdk/pepper_29/toolchain/linux_arm_newlib/bin/../lib/gcc/arm-nacl/4.8.1/../../../../arm-nacl/lib/libcrt_common.a(lib_a-environ.o)
 .text          0x00023760       0x60 /home/tx/workspace/nacl_sdk/pepper_29/toolchain/linux_arm_newlib/bin/../lib/gcc/arm-nacl/4.8.1/../../../../arm-nacl/lib/libcrt_common.a(lib_a-exit.o)
                0x00023760                exit
 .text          0x000237c0      0x110 /home/tx/workspace/nacl_sdk/pepper_29/toolchain/linux_arm_newlib/bin/../lib/gcc/arm-nacl/4.8.1/../../../../arm-nacl/lib/libcrt_common.a(lib_a-fiprintf.o)
                0x000237c0                _fiprintf_r
                0x00023830                fiprintf
 .text          0x000238d0       0xc0 /home/tx/workspace/nacl_sdk/pepper_29/toolchain/linux_arm_newlib/bin/../lib/gcc/arm-nacl/4.8.1/../../../../arm-nacl/lib/libcrt_common.a(lib_a-getenv.o)
                0x000238d0                _findenv
                0x00023920                getenv
 .text          0x00023990      0x180 /home/tx/workspace/nacl_sdk/pepper_29/toolchain/linux_arm_newlib/bin/../lib/gcc/arm-nacl/4.8.1/../../../../arm-nacl/lib/libcrt_common.a(lib_a-getenv_r.o)
                0x00023990                _findenv_r
                0x00023ad0                _getenv_r
 .text          0x00023b10       0x50 /home/tx/workspace/nacl_sdk/pepper_29/toolchain/linux_arm_newlib/bin/../lib/gcc/arm-nacl/4.8.1/../../../../arm-nacl/lib/libcrt_common.a(lib_a-impure.o)
                0x00023b10                __newlib_thread_init
                0x00023b50                __newlib_thread_exit
 .text          0x00023b60      0x2f0 /home/tx/workspace/nacl_sdk/pepper_29/toolchain/linux_arm_newlib/bin/../lib/gcc/arm-nacl/4.8.1/../../../../arm-nacl/lib/libcrt_common.a(lib_a-memcpy.o)
                0x00023b60                memcpy
 .text          0x00023e50      0x140 /home/tx/workspace/nacl_sdk/pepper_29/toolchain/linux_arm_newlib/bin/../lib/gcc/arm-nacl/4.8.1/../../../../arm-nacl/lib/libcrt_common.a(lib_a-memset.o)
                0x00023e50                memset
 .text          0x00023f90       0xe0 /home/tx/workspace/nacl_sdk/pepper_29/toolchain/linux_arm_newlib/bin/../lib/gcc/arm-nacl/4.8.1/../../../../arm-nacl/lib/libcrt_common.a(lib_a-strcat.o)
                0x00023f90                strcat
 .text          0x00024070      0x2c0 /home/tx/workspace/nacl_sdk/pepper_29/toolchain/linux_arm_newlib/bin/../lib/gcc/arm-nacl/4.8.1/../../../../arm-nacl/lib/libcrt_common.a(lib_a-strcmp.o)
                0x00024070                strcmp
 .text          0x00024330      0x160 /home/tx/workspace/nacl_sdk/pepper_29/toolchain/linux_arm_newlib/bin/../lib/gcc/arm-nacl/4.8.1/../../../../arm-nacl/lib/libcrt_common.a(lib_a-strcpy.o)
                0x00024330                strcpy
 .text          0x00024490       0x90 /home/tx/workspace/nacl_sdk/pepper_29/toolchain/linux_arm_newlib/bin/../lib/gcc/arm-nacl/4.8.1/../../../../arm-nacl/lib/libcrt_common.a(lib_a-strlen-armv7.o)
                0x00024490                strlen
 .text          0x00024520      0x200 /home/tx/workspace/nacl_sdk/pepper_29/toolchain/linux_arm_newlib/bin/../lib/gcc/arm-nacl/4.8.1/../../../../arm-nacl/lib/libcrt_common.a(lib_a-strncmp.o)
                0x00024520                strncmp
 .text          0x00024720     0x2370 /home/tx/workspace/nacl_sdk/pepper_29/toolchain/linux_arm_newlib/bin/../lib/gcc/arm-nacl/4.8.1/../../../../arm-nacl/lib/libcrt_common.a(lib_a-vfiprintf.o)
                0x00024850                __sprint_r
                0x00024890                _vfiprintf_r
                0x000269d0                vfiprintf
 .text          0x00026a90      0x280 /home/tx/workspace/nacl_sdk/pepper_29/toolchain/linux_arm_newlib/bin/../lib/gcc/arm-nacl/4.8.1/../../../../arm-nacl/lib/libcrt_common.a(lib_a-wcrtomb.o)
                0x00026a90                _wcrtomb_r
                0x00026b80                wcrtomb
 .text          0x00026d10       0xc0 /home/tx/workspace/nacl_sdk/pepper_29/toolchain/linux_arm_newlib/bin/../lib/gcc/arm-nacl/4.8.1/../../../../arm-nacl/lib/libcrt_common.a(lib_a-wcsrtombs.o)
                0x00026d10                _wcsrtombs_r
                0x00026d50                wcsrtombs
 .text          0x00026dd0      0x530 /home/tx/workspace/nacl_sdk/pepper_29/toolchain/linux_arm_newlib/bin/../lib/gcc/arm-nacl/4.8.1/../../../../arm-nacl/lib/libcrt_common.a(lib_a-wctomb_r.o)
                0x00026dd0                __ascii_wctomb
                0x00026e10                _wctomb_r
                0x00026e90                __utf8_wctomb
                0x00027010                __sjis_wctomb
                0x000270d0                __eucjp_wctomb
                0x000271c0                __jis_wctomb
 .text          0x00027300      0x250 /home/tx/workspace/nacl_sdk/pepper_29/toolchain/linux_arm_newlib/bin/../lib/gcc/arm-nacl/4.8.1/../../../../arm-nacl/lib/libcrt_common.a(lib_a-wsetup.o)
                0x00027300                __swsetup_r
 .text          0x00027550       0x10 /home/tx/workspace/nacl_sdk/pepper_29/toolchain/linux_arm_newlib/bin/../lib/gcc/arm-nacl/4.8.1/../../../../arm-nacl/lib/libcrt_common.a(lib_a-abort.o)
                0x00027550                abort
 .text          0x00027560      0x2a0 /home/tx/workspace/nacl_sdk/pepper_29/toolchain/linux_arm_newlib/bin/../lib/gcc/arm-nacl/4.8.1/../../../../arm-nacl/lib/libcrt_common.a(lib_a-__call_atexit.o)
                0x00027560                __call_exitprocs
 .text          0x00027800       0x20 /home/tx/workspace/nacl_sdk/pepper_29/toolchain/linux_arm_newlib/bin/../lib/gcc/arm-nacl/4.8.1/../../../../arm-nacl/lib/libcrt_common.a(lib_a-envlock.o)
                0x00027800                __env_lock
                0x00027810                __env_unlock
 .text          0x00027820      0x510 /home/tx/workspace/nacl_sdk/pepper_29/toolchain/linux_arm_newlib/bin/../lib/gcc/arm-nacl/4.8.1/../../../../arm-nacl/lib/libcrt_common.a(lib_a-fflush.o)
                0x00027820                __sflush_r
                0x00027be0                _fflush_r
                0x00027cb0                fflush
 .text          0x00027d30      0x6d0 /home/tx/workspace/nacl_sdk/pepper_29/toolchain/linux_arm_newlib/bin/../lib/gcc/arm-nacl/4.8.1/../../../../arm-nacl/lib/libcrt_common.a(lib_a-findfp.o)
                0x00027d90                _cleanup_r
                0x00027e70                __sfmoreglue
                0x00027ee0                _cleanup
                0x00027f00                __sinit
                0x000280b0                __sfp
                0x000282e0                __sfp_lock_acquire
                0x00028300                __sfp_lock_release
                0x00028320                __sinit_lock_acquire
                0x00028330                __sinit_lock_release
                0x00028340                __fp_lock_all
                0x000283a0                __fp_unlock_all
 .text          0x00028400      0x300 /home/tx/workspace/nacl_sdk/pepper_29/toolchain/linux_arm_newlib/bin/../lib/gcc/arm-nacl/4.8.1/../../../../arm-nacl/lib/libcrt_common.a(lib_a-fputwc.o)
                0x00028400                _fputwc_r
                0x00028670                fputwc
 .text          0x00028700      0x800 /home/tx/workspace/nacl_sdk/pepper_29/toolchain/linux_arm_newlib/bin/../lib/gcc/arm-nacl/4.8.1/../../../../arm-nacl/lib/libcrt_common.a(lib_a-fvwrite.o)
                0x00028700                __sfvwrite_r
 .text          0x00028f00      0x250 /home/tx/workspace/nacl_sdk/pepper_29/toolchain/linux_arm_newlib/bin/../lib/gcc/arm-nacl/4.8.1/../../../../arm-nacl/lib/libcrt_common.a(lib_a-fwalk.o)
                0x00028f00                _fwalk
                0x00029040                _fwalk_reent
 .text          0x00029150     0x13d0 /home/tx/workspace/nacl_sdk/pepper_29/toolchain/linux_arm_newlib/bin/../lib/gcc/arm-nacl/4.8.1/../../../../arm-nacl/lib/libcrt_common.a(lib_a-locale.o)
                0x00029f00                _setlocale_r
                0x0002a410                __locale_charset
                0x0002a430                __locale_mb_cur_max
                0x0002a450                __locale_msgcharset
                0x0002a470                __locale_cjk_lang
                0x0002a490                _localeconv_r
                0x0002a4b0                setlocale
                0x0002a500                localeconv
 .text          0x0002a520      0x250 /home/tx/workspace/nacl_sdk/pepper_29/toolchain/linux_arm_newlib/bin/../lib/gcc/arm-nacl/4.8.1/../../../../arm-nacl/lib/libcrt_common.a(lib_a-makebuf.o)
                0x0002a520                __smakebuf_r
 .text          0x0002a770      0xb00 /home/tx/workspace/nacl_sdk/pepper_29/toolchain/linux_arm_newlib/bin/../lib/gcc/arm-nacl/4.8.1/../../../../arm-nacl/lib/libcrt_common.a(lib_a-mbtowc_r.o)
                0x0002a770                __ascii_mbtowc
                0x0002a7e0                _mbtowc_r
                0x0002a860                __utf8_mbtowc
                0x0002acf0                __sjis_mbtowc
                0x0002ae40                __eucjp_mbtowc
                0x0002b010                __jis_mbtowc
 .text          0x0002b270      0x110 /home/tx/workspace/nacl_sdk/pepper_29/toolchain/linux_arm_newlib/bin/../lib/gcc/arm-nacl/4.8.1/../../../../arm-nacl/lib/libcrt_common.a(lib_a-memchr.o)
                0x0002b270                memchr
 .text          0x0002b380      0x1c0 /home/tx/workspace/nacl_sdk/pepper_29/toolchain/linux_arm_newlib/bin/../lib/gcc/arm-nacl/4.8.1/../../../../arm-nacl/lib/libcrt_common.a(lib_a-memmove.o)
                0x0002b380                memmove
 .text          0x0002b540      0x1a0 /home/tx/workspace/nacl_sdk/pepper_29/toolchain/linux_arm_newlib/bin/../lib/gcc/arm-nacl/4.8.1/../../../../arm-nacl/lib/libcrt_common.a(lib_a-stdio.o)
                0x0002b540                __sread
                0x0002b5a0                __seofread
                0x0002b5b0                __swrite
                0x0002b650                __sseek
                0x0002b6d0                __sclose
 .text          0x0002b6e0       0xa0 /home/tx/workspace/nacl_sdk/pepper_29/toolchain/linux_arm_newlib/bin/../lib/gcc/arm-nacl/4.8.1/../../../../arm-nacl/lib/libcrt_common.a(lib_a-strcasecmp.o)
                0x0002b6e0                strcasecmp
 .text          0x0002b780      0x280 /home/tx/workspace/nacl_sdk/pepper_29/toolchain/linux_arm_newlib/bin/../lib/gcc/arm-nacl/4.8.1/../../../../arm-nacl/lib/libcrt_common.a(lib_a-strchr.o)
                0x0002b780                strchr
 .text          0x0002ba00       0x80 /home/tx/workspace/nacl_sdk/pepper_29/toolchain/linux_arm_newlib/bin/../lib/gcc/arm-nacl/4.8.1/../../../../arm-nacl/lib/libcrt_common.a(lib_a-strlcpy.o)
                0x0002ba00                strlcpy
 .text          0x0002ba80       0xd0 /home/tx/workspace/nacl_sdk/pepper_29/toolchain/linux_arm_newlib/bin/../lib/gcc/arm-nacl/4.8.1/../../../../arm-nacl/lib/libcrt_common.a(lib_a-strncasecmp.o)
                0x0002ba80                strncasecmp
 .text          0x0002bb50      0x120 /home/tx/workspace/nacl_sdk/pepper_29/toolchain/linux_arm_newlib/bin/../lib/gcc/arm-nacl/4.8.1/../../../../arm-nacl/lib/libcrt_common.a(lib_a-strncpy.o)
                0x0002bb50                strncpy
 .text          0x0002bc70      0x310 /home/tx/workspace/nacl_sdk/pepper_29/toolchain/linux_arm_newlib/bin/../lib/gcc/arm-nacl/4.8.1/../../../../arm-nacl/lib/libcrt_common.a(lib_a-strtol.o)
                0x0002bc70                _strtol_r
                0x0002bf20                strtol
 .text          0x0002bf80      0x1f0 /home/tx/workspace/nacl_sdk/pepper_29/toolchain/linux_arm_newlib/bin/../lib/gcc/arm-nacl/4.8.1/../../../../arm-nacl/lib/libcrt_common.a(lib_a-wbuf.o)
                0x0002bf80                __swbuf_r
                0x0002c120                __swbuf
 .text          0x0002c170      0x310 /home/tx/workspace/nacl_sdk/pepper_29/toolchain/linux_arm_newlib/bin/../lib/gcc/arm-nacl/4.8.1/../../../../arm-nacl/lib/libcrt_common.a(lib_a-wcsnrtombs.o)
                0x0002c170                _wcsnrtombs_r
                0x0002c3f0                wcsnrtombs
 .text          0x0002c480       0x70 /home/tx/workspace/nacl_sdk/pepper_29/toolchain/linux_arm_newlib/bin/../lib/gcc/arm-nacl/4.8.1/../../../../arm-nacl/lib/libcrt_common.a(lib_a-writer.o)
                0x0002c480                _write_r
 .text          0x0002c4f0      0x1a0 /home/tx/workspace/nacl_sdk/pepper_29/toolchain/linux_arm_newlib/bin/../lib/gcc/arm-nacl/4.8.1/../../../../arm-nacl/lib/libcrt_common.a(lib_a-__atexit.o)
                0x0002c4f0                __register_exitproc
 .text          0x0002c690       0x70 /home/tx/workspace/nacl_sdk/pepper_29/toolchain/linux_arm_newlib/bin/../lib/gcc/arm-nacl/4.8.1/../../../../arm-nacl/lib/libcrt_common.a(lib_a-closer.o)
                0x0002c690                _close_r
 .text          0x0002c700       0x20 /home/tx/workspace/nacl_sdk/pepper_29/toolchain/linux_arm_newlib/bin/../lib/gcc/arm-nacl/4.8.1/../../../../arm-nacl/lib/libcrt_common.a(lib_a-ctype_.o)
                0x0002c700                __set_ctype
 .text          0x0002c720      0x240 /home/tx/workspace/nacl_sdk/pepper_29/toolchain/linux_arm_newlib/bin/../lib/gcc/arm-nacl/4.8.1/../../../../arm-nacl/lib/libcrt_common.a(lib_a-fclose.o)
                0x0002c720                _fclose_r
                0x0002c910                fclose
 .text          0x0002c960       0x70 /home/tx/workspace/nacl_sdk/pepper_29/toolchain/linux_arm_newlib/bin/../lib/gcc/arm-nacl/4.8.1/../../../../arm-nacl/lib/libcrt_common.a(lib_a-fstatr.o)
                0x0002c960                _fstat_r
 .text          0x0002c9d0       0x70 /home/tx/workspace/nacl_sdk/pepper_29/toolchain/linux_arm_newlib/bin/../lib/gcc/arm-nacl/4.8.1/../../../../arm-nacl/lib/libcrt_common.a(lib_a-isattyr.o)
                0x0002c9d0                _isatty_r
 .text          0x0002ca40       0x90 /home/tx/workspace/nacl_sdk/pepper_29/toolchain/linux_arm_newlib/bin/../lib/gcc/arm-nacl/4.8.1/../../../../arm-nacl/lib/libcrt_common.a(lib_a-lseekr.o)
                0x0002ca40                _lseek_r
 .text          0x0002cad0       0x70 /home/tx/workspace/nacl_sdk/pepper_29/toolchain/linux_arm_newlib/bin/../lib/gcc/arm-nacl/4.8.1/../../../../arm-nacl/lib/libcrt_common.a(lib_a-readr.o)
                0x0002cad0                _read_r
 .text          0x0002cb40      0x330 /home/tx/workspace/nacl_sdk/pepper_29/toolchain/linux_arm_newlib/bin/../lib/gcc/arm-nacl/4.8.1/../../../../arm-nacl/lib/libcrt_common.a(lib_a-reent.o)
                0x0002cb40                cleanup_glue
                0x0002cb80                _reclaim_reent
                0x0002cd70                _wrapup_reent
 .text          0x0002ce70       0x10 /home/tx/workspace/nacl_sdk/pepper_29/toolchain/linux_arm_newlib/bin/../lib/gcc/arm-nacl/4.8.1/../../../../arm-nacl/lib/libcrt_common.a(lib_a-isatty.o)
                0x0002ce70                isatty
 .text          0x0002ce80       0x80 /home/tx/workspace/nacl_sdk/pepper_29/toolchain/linux_arm_newlib/bin/../lib/gcc/arm-nacl/4.8.1/../../../../arm-nacl/lib/libcrt_common.a(lib_a-_isatty.o)
                0x0002ce80                _isatty
 .text          0x0002cf00       0x50 /home/tx/workspace/nacl_sdk/pepper_29/toolchain/linux_arm_newlib/bin/../lib/gcc/arm-nacl/4.8.1/../../../../arm-nacl/lib/libcrt_common.a(lib_a-errno.o)
                0x0002cf00                __errno
 .text          0x0002cf50      0x2c0 /home/tx/workspace/nacl_sdk/pepper_29/toolchain/linux_arm_newlib/bin/../lib/gcc/arm-nacl/4.8.1/../../../../arm-nacl/lib/libnacl.a(nacl_irt.o)
                0x0002d010                __libnacl_irt_query
                0x0002d070                __libnacl_mandatory_irt_query
                0x0002d0a0                __libnacl_irt_init
 .text          0x0002d210       0x70 /home/tx/workspace/nacl_sdk/pepper_29/toolchain/linux_arm_newlib/bin/../lib/gcc/arm-nacl/4.8.1/../../../../arm-nacl/lib/libnacl.a(close.o)
                0x0002d210                close
 .text          0x0002d280       0x50 /home/tx/workspace/nacl_sdk/pepper_29/toolchain/linux_arm_newlib/bin/../lib/gcc/arm-nacl/4.8.1/../../../../arm-nacl/lib/libnacl.a(_exit.o)
                0x0002d280                _exit
 .text          0x0002d2d0       0x70 /home/tx/workspace/nacl_sdk/pepper_29/toolchain/linux_arm_newlib/bin/../lib/gcc/arm-nacl/4.8.1/../../../../arm-nacl/lib/libnacl.a(fstat.o)
                0x0002d2d0                fstat
 .text          0x0002d340       0xa0 /home/tx/workspace/nacl_sdk/pepper_29/toolchain/linux_arm_newlib/bin/../lib/gcc/arm-nacl/4.8.1/../../../../arm-nacl/lib/libnacl.a(lseek.o)
                0x0002d340                lseek
 .text          0x0002d3e0     0x6840 /home/tx/workspace/nacl_sdk/pepper_29/toolchain/linux_arm_newlib/bin/../lib/gcc/arm-nacl/4.8.1/../../../../arm-nacl/lib/libnacl.a(malloc.o)
                0x0002f090                malloc
                0x00031e40                free
                0x00032ab0                calloc
                0x00032b50                realloc
                0x00032d50                realloc_in_place
                0x00032eb0                memalign
                0x00032ed0                posix_memalign
                0x00032fa0                valloc
                0x00032ff0                pvalloc
                0x00033040                independent_calloc
                0x00033090                independent_comalloc
                0x000330a0                bulk_free
                0x000332f0                malloc_trim
                0x00033430                malloc_footprint
                0x00033450                malloc_max_footprint
                0x00033470                malloc_footprint_limit
                0x00033490                malloc_set_footprint_limit
                0x000334d0                mallinfo
                0x000337a0                malloc_stats
                0x00033aa0                mallopt
                0x00033b90                malloc_usable_size
                0x00033be0                _malloc_r
                0x00033bf0                _calloc_r
                0x00033c00                _realloc_r
                0x00033c10                _free_r
 .text          0x00033c20       0xa0 /home/tx/workspace/nacl_sdk/pepper_29/toolchain/linux_arm_newlib/bin/../lib/gcc/arm-nacl/4.8.1/../../../../arm-nacl/lib/libnacl.a(mmap.o)
                0x00033c20                mmap
 .text          0x00033cc0       0x70 /home/tx/workspace/nacl_sdk/pepper_29/toolchain/linux_arm_newlib/bin/../lib/gcc/arm-nacl/4.8.1/../../../../arm-nacl/lib/libnacl.a(munmap.o)
                0x00033cc0                munmap
 .text          0x00033d30       0x10 /home/tx/workspace/nacl_sdk/pepper_29/toolchain/linux_arm_newlib/bin/../lib/gcc/arm-nacl/4.8.1/../../../../arm-nacl/lib/libnacl.a(nacl_read_tp.o)
                0x00033d30                __nacl_read_tp
 .text          0x00033d40       0x80 /home/tx/workspace/nacl_sdk/pepper_29/toolchain/linux_arm_newlib/bin/../lib/gcc/arm-nacl/4.8.1/../../../../arm-nacl/lib/libnacl.a(read.o)
                0x00033d40                read
 .text          0x00033dc0       0x50 /home/tx/workspace/nacl_sdk/pepper_29/toolchain/linux_arm_newlib/bin/../lib/gcc/arm-nacl/4.8.1/../../../../arm-nacl/lib/libnacl.a(pthread_initialize_minimal.o)
                0x00033dc0                __pthread_initialize_minimal
 .text          0x00033e10      0x120 /home/tx/workspace/nacl_sdk/pepper_29/toolchain/linux_arm_newlib/bin/../lib/gcc/arm-nacl/4.8.1/../../../../arm-nacl/lib/libnacl.a(sbrk.o)
                0x00033e10                sbrk
 .text          0x00033f30       0x70 /home/tx/workspace/nacl_sdk/pepper_29/toolchain/linux_arm_newlib/bin/../lib/gcc/arm-nacl/4.8.1/../../../../arm-nacl/lib/libnacl.a(sched_yield.o)
                0x00033f30                sched_yield
 .text          0x00033fa0       0xf0 /home/tx/workspace/nacl_sdk/pepper_29/toolchain/linux_arm_newlib/bin/../lib/gcc/arm-nacl/4.8.1/../../../../arm-nacl/lib/libnacl.a(start.o)
                0x00033fa0                _start
 .text          0x00034090       0x80 /home/tx/workspace/nacl_sdk/pepper_29/toolchain/linux_arm_newlib/bin/../lib/gcc/arm-nacl/4.8.1/../../../../arm-nacl/lib/libnacl.a(sysconf.o)
                0x00034090                sysconf
 .text          0x00034110      0x390 /home/tx/workspace/nacl_sdk/pepper_29/toolchain/linux_arm_newlib/bin/../lib/gcc/arm-nacl/4.8.1/../../../../arm-nacl/lib/libnacl.a(tls.o)
                0x00034290                __tls_get_addr
                0x000342d0                __nacl_tls_combined_size
                0x00034350                __nacl_tls_initialize_memory
 .text          0x000344a0       0x80 /home/tx/workspace/nacl_sdk/pepper_29/toolchain/linux_arm_newlib/bin/../lib/gcc/arm-nacl/4.8.1/../../../../arm-nacl/lib/libnacl.a(write.o)
                0x000344a0                write
 .text          0x00034520       0x10 /home/tx/workspace/nacl_sdk/pepper_29/toolchain/linux_arm_newlib/bin/../lib/gcc/arm-nacl/4.8.1/../../../../arm-nacl/lib/libnacl.a(aeabi_read_tp.o)
                0x00034520                __aeabi_read_tp
 .text          0x00034530       0x40 /home/tx/workspace/nacl_sdk/pepper_29/toolchain/linux_arm_newlib/bin/../lib/gcc/arm-nacl/4.8.1/../../../../arm-nacl/lib/libnacl.a(nacl_tls_get.o)
                0x00034530                nacl_tls_get
 .text          0x00034570       0x40 /home/tx/workspace/nacl_sdk/pepper_29/toolchain/linux_arm_newlib/bin/../lib/gcc/arm-nacl/4.8.1/../../../../arm-nacl/lib/libnacl.a(nacl_tls_init.o)
                0x00034570                nacl_tls_init
 .text          0x000345b0       0x20 /home/tx/workspace/nacl_sdk/pepper_29/toolchain/linux_arm_newlib/bin/../lib/gcc/arm-nacl/4.8.1/../../../../arm-nacl/lib/libcrt_common.a(lib_a-atexit.o)
                0x000345b0                atexit
 .text          0x000345d0       0x70 /home/tx/workspace/nacl_sdk/pepper_29/toolchain/linux_arm_newlib/bin/../lib/gcc/arm-nacl/4.8.1/../../../../arm-nacl/lib/libcrt_common.a(lib_a-fini.o)
                0x000345d0                __libc_fini_array
 .text          0x00034640      0x110 /home/tx/workspace/nacl_sdk/pepper_29/toolchain/linux_arm_newlib/bin/../lib/gcc/arm-nacl/4.8.1/../../../../arm-nacl/lib/libcrt_common.a(lib_a-fprintf.o)
                0x00034640                _fprintf_r
                0x000346b0                fprintf
 .text          0x00034750       0xe0 /home/tx/workspace/nacl_sdk/pepper_29/toolchain/linux_arm_newlib/bin/../lib/gcc/arm-nacl/4.8.1/../../../../arm-nacl/lib/libcrt_common.a(lib_a-init.o)
                0x00034750                __libc_init_array
 .text          0x00034830     0x3b80 /home/tx/workspace/nacl_sdk/pepper_29/toolchain/linux_arm_newlib/bin/../lib/gcc/arm-nacl/4.8.1/../../../../arm-nacl/lib/libcrt_common.a(lib_a-vfprintf.o)
                0x00034830                _vfprintf_r
                0x000382f0                vfprintf
 .text          0x000383b0     0x1c10 /home/tx/workspace/nacl_sdk/pepper_29/toolchain/linux_arm_newlib/bin/../lib/gcc/arm-nacl/4.8.1/../../../../arm-nacl/lib/libcrt_common.a(lib_a-dtoa.o)
                0x00038640                _dtoa_r
 .text          0x00039fc0     0x1370 /home/tx/workspace/nacl_sdk/pepper_29/toolchain/linux_arm_newlib/bin/../lib/gcc/arm-nacl/4.8.1/../../../../arm-nacl/lib/libcrt_common.a(lib_a-mprec.o)
                0x00039fc0                _Balloc
                0x0003a0c0                _Bfree
                0x0003a110                __multadd
                0x0003a270                __s2b
                0x0003a3a0                __hi0bits
                0x0003a410                __lo0bits
                0x0003a4f0                __i2b
                0x0003a540                __multiply
                0x0003a800                __pow5mult
                0x0003a9d0                __lshift
                0x0003ab70                __mcmp
                0x0003ac00                __mdiff
                0x0003adc0                __ulp
                0x0003ae40                __b2d
                0x0003af30                __d2b
                0x0003b0d0                __ratio
                0x0003b180                _mprec_log10
                0x0003b1f0                __copybits
                0x0003b280                __any_on
 .text          0x0003b330       0xa0 /home/tx/workspace/nacl_sdk/pepper_29/toolchain/linux_arm_newlib/bin/../lib/gcc/arm-nacl/4.8.1/../../../../arm-nacl/lib/libcrt_common.a(lib_a-s_fpclassify.o)
                0x0003b330                __fpclassifyd
 .text          0x0003b3d0       0xb0 /home/tx/workspace/nacl_sdk/pepper_29/toolchain/linux_arm_newlib/bin/../lib/gcc/arm-nacl/4.8.1/../../../../arm-nacl/lib/libcrt_common.a(lib_a-s_frexp.o)
                0x0003b3d0                frexp
 .text          0x0003b480      0x2c0 /home/tx/workspace/nacl_sdk/pepper_29/toolchain/linux_arm_newlib/bin/../lib/gcc/arm-nacl/4.8.1/libgcc.a(_udivsi3.o)
                0x0003b480                __udivsi3
                0x0003b480                __aeabi_uidiv
                0x0003b708                __aeabi_uidivmod
 .text          0x0003b740       0x60 /home/tx/workspace/nacl_sdk/pepper_29/toolchain/linux_arm_newlib/bin/../lib/gcc/arm-nacl/4.8.1/libgcc.a(_aeabi_uldivmod.o)
                0x0003b740                __aeabi_uldivmod
 .text          0x0003b7a0       0x10 /home/tx/workspace/nacl_sdk/pepper_29/toolchain/linux_arm_newlib/bin/../lib/gcc/arm-nacl/4.8.1/libgcc.a(_dvmd_nacl.o)
                0x0003b7a0                __aeabi_ldiv0
                0x0003b7a0                __aeabi_idiv0
 .text          0x0003b7b0       0xa0 /home/tx/workspace/nacl_sdk/pepper_29/toolchain/linux_arm_newlib/bin/../lib/gcc/arm-nacl/4.8.1/libgcc.a(bpabi.o)
                0x0003b7b0                __gnu_ldivmod_helper
                0x0003b800                __gnu_uldivmod_helper
 .text          0x0003b850      0x650 /home/tx/workspace/nacl_sdk/pepper_29/toolchain/linux_arm_newlib/bin/../lib/gcc/arm-nacl/4.8.1/libgcc.a(_divdi3.o)
                0x0003b850                __divdi3
 .text          0x0003bea0      0x600 /home/tx/workspace/nacl_sdk/pepper_29/toolchain/linux_arm_newlib/bin/../lib/gcc/arm-nacl/4.8.1/libgcc.a(_udivdi3.o)
                0x0003bea0                __udivdi3
 .text          0x0003c4a0        0x0 /home/tx/workspace/nacl_sdk/pepper_29/toolchain/linux_arm_newlib/bin/../lib/gcc/arm-nacl/4.8.1/crtend.o
 .text          0x0003c4a0        0x0 /home/tx/workspace/nacl_sdk/pepper_29/toolchain/linux_arm_newlib/bin/../lib/gcc/arm-nacl/4.8.1/../../../../arm-nacl/lib/crtn.o
 *(.gnu.warning)
 *(.glue_7t)
 .glue_7t       0x00000000        0x0 linker stubs
 *(.glue_7)
 .glue_7        0x00000000        0x0 linker stubs
 *(.vfp11_veneer)
 .vfp11_veneer  0x00000000        0x0 linker stubs
 *(.v4_bx)
 .v4_bx         0x00000000        0x0 linker stubs

.fini           0x0003c4a0       0x10
 *(SORT(.fini))
 .fini          0x0003c4a0        0x0 /home/tx/workspace/nacl_sdk/pepper_29/toolchain/linux_arm_newlib/bin/../lib/gcc/arm-nacl/4.8.1/../../../../arm-nacl/lib/crti.o
                0x0003c4a0                _fini
 .fini          0x0003c4a0       0x10 /home/tx/workspace/nacl_sdk/pepper_29/toolchain/linux_arm_newlib/bin/../lib/gcc/arm-nacl/4.8.1/../../../../arm-nacl/lib/crtn.o
                0x0003c4b0                PROVIDE (__etext, .)
                0x0003c4b0                PROVIDE (_etext, .)
                0x0003c4b0                PROVIDE (etext, .)
                0x10020228                . = (SEGMENT_START ("rodata-segment", (0x10020000 + SIZEOF_HEADERS)) + SIZEOF_HEADERS)

.interp
 *(.interp)

.note.NaCl.ABI.arm
                0x10020228       0x18
 .note.NaCl.ABI.arm
                0x10020228       0x18 /home/tx/workspace/nacl_sdk/pepper_29/toolchain/linux_arm_newlib/bin/../lib/gcc/arm-nacl/4.8.1/../../../../arm-nacl/lib/crti.o

.note.gnu.build-id
                0x10020240       0x24
 *(.note.gnu.build-id)
 .note.gnu.build-id
                0x10020240       0x24 linker stubs

.hash
 *(.hash)

.gnu.hash
 *(.gnu.hash)

.dynsym
 *(.dynsym)

.dynstr
 *(.dynstr)

.gnu.version
 *(.gnu.version)

.gnu.version_d
 *(.gnu.version_d)

.gnu.version_r
 *(.gnu.version_r)

.rel.dyn        0x10020264        0x0
 *(.rel.init)
 *(.rel.text .rel.text.* .rel.gnu.linkonce.t.*)
 *(.rel.fini)
 *(.rel.rodata .rel.rodata.* .rel.gnu.linkonce.r.*)
 *(.rel.data.rel.ro .rel.data.rel.ro.* .rel.gnu.linkonce.d.rel.ro.*)
 *(.rel.data .rel.data.* .rel.gnu.linkonce.d.*)
 *(.rel.tdata .rel.tdata.* .rel.gnu.linkonce.td.*)
 *(.rel.tbss .rel.tbss.* .rel.gnu.linkonce.tb.*)
 *(.rel.ctors)
 *(.rel.dtors)
 *(.rel.got)
 .rel.got       0x00000000        0x0 /home/tx/workspace/nacl_sdk/pepper_29/toolchain/linux_arm_newlib/bin/../lib/gcc/arm-nacl/4.8.1/crtbegin.o
 *(.rel.bss .rel.bss.* .rel.gnu.linkonce.b.*)
                0x10020264                PROVIDE (__rel_iplt_start, .)
 *(.rel.iplt)
 .rel.iplt      0x00000000        0x0 /home/tx/workspace/nacl_sdk/pepper_29/toolchain/linux_arm_newlib/bin/../lib/gcc/arm-nacl/4.8.1/crtbegin.o
                0x10020264                PROVIDE (__rel_iplt_end, .)
                0x10020264                PROVIDE (__rela_iplt_start, .)
                0x10020264                PROVIDE (__rela_iplt_end, .)

.rela.dyn       0x10020264        0x0
 *(.rela.init)
 *(.rela.text .rela.text.* .rela.gnu.linkonce.t.*)
 *(.rela.fini)
 *(.rela.rodata .rela.rodata.* .rela.gnu.linkonce.r.*)
 *(.rela.data .rela.data.* .rela.gnu.linkonce.d.*)
 *(.rela.tdata .rela.tdata.* .rela.gnu.linkonce.td.*)
 *(.rela.tbss .rela.tbss.* .rela.gnu.linkonce.tb.*)
 *(.rela.ctors)
 *(.rela.dtors)
 *(.rela.got)
 *(.rela.bss .rela.bss.* .rela.gnu.linkonce.b.*)
                0x10020264                PROVIDE (__rel_iplt_start, .)
                0x10020264                PROVIDE (__rel_iplt_end, .)
                0x10020264                PROVIDE (__rela_iplt_start, .)
 *(.rela.iplt)
                0x10020264                PROVIDE (__rela_iplt_end, .)

.rel.plt
 *(.rel.plt)

.rela.plt
 *(.rela.plt)

.rodata         0x10020268      0xa10
 *(.rodata .rodata.* .gnu.linkonce.r.*)
 .rodata        0x10020268       0x84 newlib/Debug/tmp_arm.o
 .rodata        0x100202ec        0xc /home/tx/workspace/nacl_sdk/pepper_29/toolchain/linux_arm_newlib/bin/../lib/gcc/arm-nacl/4.8.1/../../../../arm-nacl/lib/libppapi_stub.a(ppapi_plugin_main.o)
 .rodata.str1.4
                0x100202f8       0xb1 /home/tx/workspace/nacl_sdk/pepper_29/toolchain/linux_arm_newlib/bin/../lib/gcc/arm-nacl/4.8.1/../../../../arm-nacl/lib/libppapi_stub.a(ppapi_plugin_start.o)
                                 0xb4 (size before relaxing)
 *fill*         0x100203a9        0x3 
 .rodata        0x100203ac        0x8 /home/tx/workspace/nacl_sdk/pepper_29/toolchain/linux_arm_newlib/bin/../lib/gcc/arm-nacl/4.8.1/../../../../arm-nacl/lib/libppapi_stub.a(thread_creator.o)
 .rodata        0x100203b4        0x4 /home/tx/workspace/nacl_sdk/pepper_29/toolchain/linux_arm_newlib/bin/../lib/gcc/arm-nacl/4.8.1/../../../../arm-nacl/lib/libpthread.a(nc_thread.o)
                0x100203b4                __nc_kMaxCachedMemoryBlocks
 .rodata.str1.4
                0x100203b8        0xc /home/tx/workspace/nacl_sdk/pepper_29/toolchain/linux_arm_newlib/bin/../lib/gcc/arm-nacl/4.8.1/../../../../arm-nacl/lib/libpthread.a(nc_thread.o)
 .rodata.str1.4
                0x100203c4       0x4d /home/tx/workspace/nacl_sdk/pepper_29/toolchain/linux_arm_newlib/bin/../lib/gcc/arm-nacl/4.8.1/../../../../arm-nacl/lib/libpthread.a(nc_init_irt.o)
                                 0x50 (size before relaxing)
 *fill*         0x10020411        0x3 
 .rodata.str1.4
                0x10020414       0x16 /home/tx/workspace/nacl_sdk/pepper_29/toolchain/linux_arm_newlib/bin/../lib/gcc/arm-nacl/4.8.1/../../../../arm-nacl/lib/libpthread.a(dynamic_annotations.o)
                                 0x18 (size before relaxing)
 *fill*         0x1002042a        0x2 
 .rodata        0x1002042c       0x48 /home/tx/workspace/nacl_sdk/pepper_29/toolchain/linux_arm_newlib/bin/../lib/gcc/arm-nacl/4.8.1/../../../../arm-nacl/lib/libpthread.a(futex.o)
 .rodata.str1.4
                0x10020474       0x24 /home/tx/workspace/nacl_sdk/pepper_29/toolchain/linux_arm_newlib/bin/../lib/gcc/arm-nacl/4.8.1/../../../../arm-nacl/lib/libpthread.a(futex.o)
 .rodata.str1.4
                0x10020498       0x3f /home/tx/workspace/nacl_sdk/pepper_29/toolchain/linux_arm_newlib/bin/../lib/gcc/arm-nacl/4.8.1/../../../../arm-nacl/lib/libcrt_common.a(lib_a-assert.o)
                                 0x44 (size before relaxing)
 *fill*         0x100204d7        0x1 
 .rodata        0x100204d8        0x4 /home/tx/workspace/nacl_sdk/pepper_29/toolchain/linux_arm_newlib/bin/../lib/gcc/arm-nacl/4.8.1/../../../../arm-nacl/lib/libcrt_common.a(lib_a-impure.o)
                0x100204d8                _global_impure_ptr
 .rodata.str1.4
                0x100204dc        0x2 /home/tx/workspace/nacl_sdk/pepper_29/toolchain/linux_arm_newlib/bin/../lib/gcc/arm-nacl/4.8.1/../../../../arm-nacl/lib/libcrt_common.a(lib_a-impure.o)
                                  0x4 (size before relaxing)
 *fill*         0x100204de        0x2 
 .rodata        0x100204e0       0x20 /home/tx/workspace/nacl_sdk/pepper_29/toolchain/linux_arm_newlib/bin/../lib/gcc/arm-nacl/4.8.1/../../../../arm-nacl/lib/libcrt_common.a(lib_a-vfiprintf.o)
 .rodata.str1.4
                0x10020500       0x2f /home/tx/workspace/nacl_sdk/pepper_29/toolchain/linux_arm_newlib/bin/../lib/gcc/arm-nacl/4.8.1/../../../../arm-nacl/lib/libcrt_common.a(lib_a-vfiprintf.o)
                                 0x30 (size before relaxing)
 *fill*         0x1002052f        0x1 
 .rodata        0x10020530       0x1c /home/tx/workspace/nacl_sdk/pepper_29/toolchain/linux_arm_newlib/bin/../lib/gcc/arm-nacl/4.8.1/../../../../arm-nacl/lib/libcrt_common.a(lib_a-locale.o)
 .rodata.str1.4
                0x1002054c      0x126 /home/tx/workspace/nacl_sdk/pepper_29/toolchain/linux_arm_newlib/bin/../lib/gcc/arm-nacl/4.8.1/../../../../arm-nacl/lib/libcrt_common.a(lib_a-locale.o)
                                0x130 (size before relaxing)
 *fill*         0x10020672        0x2 
 .rodata        0x10020674      0x240 /home/tx/workspace/nacl_sdk/pepper_29/toolchain/linux_arm_newlib/bin/../lib/gcc/arm-nacl/4.8.1/../../../../arm-nacl/lib/libcrt_common.a(lib_a-mbtowc_r.o)
 .rodata        0x100208b4      0x104 /home/tx/workspace/nacl_sdk/pepper_29/toolchain/linux_arm_newlib/bin/../lib/gcc/arm-nacl/4.8.1/../../../../arm-nacl/lib/libcrt_common.a(lib_a-ctype_.o)
                0x100208b4                _ctype_
 .rodata.str1.4
                0x100209b8      0x103 /home/tx/workspace/nacl_sdk/pepper_29/toolchain/linux_arm_newlib/bin/../lib/gcc/arm-nacl/4.8.1/../../../../arm-nacl/lib/libnacl.a(nacl_irt.o)
                                0x104 (size before relaxing)
 *fill*         0x10020abb        0x1 
 .rodata.str1.4
                0x10020abc       0x52 /home/tx/workspace/nacl_sdk/pepper_29/toolchain/linux_arm_newlib/bin/../lib/gcc/arm-nacl/4.8.1/../../../../arm-nacl/lib/libnacl.a(malloc.o)
                                 0x54 (size before relaxing)
 *fill*         0x10020b0e        0x2 
 .rodata        0x10020b10       0x20 /home/tx/workspace/nacl_sdk/pepper_29/toolchain/linux_arm_newlib/bin/../lib/gcc/arm-nacl/4.8.1/../../../../arm-nacl/lib/libcrt_common.a(lib_a-vfprintf.o)
 .rodata.str1.4
                0x10020b30       0x10 /home/tx/workspace/nacl_sdk/pepper_29/toolchain/linux_arm_newlib/bin/../lib/gcc/arm-nacl/4.8.1/../../../../arm-nacl/lib/libcrt_common.a(lib_a-vfprintf.o)
                                 0x44 (size before relaxing)
 .rodata.str1.4
                0x10020b40       0x10 /home/tx/workspace/nacl_sdk/pepper_29/toolchain/linux_arm_newlib/bin/../lib/gcc/arm-nacl/4.8.1/../../../../arm-nacl/lib/libcrt_common.a(lib_a-dtoa.o)
                                 0x14 (size before relaxing)
 .rodata        0x10020b50      0x128 /home/tx/workspace/nacl_sdk/pepper_29/toolchain/linux_arm_newlib/bin/../lib/gcc/arm-nacl/4.8.1/../../../../arm-nacl/lib/libcrt_common.a(lib_a-mprec.o)
                0x10020b60                __mprec_tens
                0x10020c28                __mprec_tinytens
                0x10020c50                __mprec_bigtens

.rodata1
 *(.rodata1)

.ARM.extab
 *(.ARM.extab* .gnu.linkonce.armextab.*)
                0x10020c78                PROVIDE (__exidx_start, .)

.ARM.exidx
 *(.ARM.exidx* .gnu.linkonce.armexidx.*)
                0x10020c78                PROVIDE (__exidx_end, .)

.eh_frame_hdr   0x10020c78      0x524
 *(.eh_frame_hdr)
 .eh_frame_hdr  0x10020c78      0x524 /home/tx/workspace/nacl_sdk/pepper_29/toolchain/linux_arm_newlib/bin/../lib/gcc/arm-nacl/4.8.1/../../../../arm-nacl/lib/libppapi_stub.a(plugin_main_irt.o)

.eh_frame       0x1002119c     0x1068
 *(.eh_frame)
 .eh_frame      0x1002119c        0x0 /home/tx/workspace/nacl_sdk/pepper_29/toolchain/linux_arm_newlib/bin/../lib/gcc/arm-nacl/4.8.1/crtbegin.o
 .eh_frame      0x1002119c       0x28 /home/tx/workspace/nacl_sdk/pepper_29/toolchain/linux_arm_newlib/bin/../lib/gcc/arm-nacl/4.8.1/../../../../arm-nacl/lib/libppapi_stub.a(plugin_main_irt.o)
 .eh_frame      0x100211c4       0x14 /home/tx/workspace/nacl_sdk/pepper_29/toolchain/linux_arm_newlib/bin/../lib/gcc/arm-nacl/4.8.1/../../../../arm-nacl/lib/libppapi_stub.a(ppapi_plugin_main.o)
                                 0x28 (size before relaxing)
 .eh_frame      0x100211d8       0x38 /home/tx/workspace/nacl_sdk/pepper_29/toolchain/linux_arm_newlib/bin/../lib/gcc/arm-nacl/4.8.1/../../../../arm-nacl/lib/libppapi_stub.a(ppapi_plugin_start.o)
                                 0x4c (size before relaxing)
 .eh_frame      0x10021210       0x44 /home/tx/workspace/nacl_sdk/pepper_29/toolchain/linux_arm_newlib/bin/../lib/gcc/arm-nacl/4.8.1/../../../../arm-nacl/lib/libppapi_stub.a(thread_creator.o)
                                 0x58 (size before relaxing)
 .eh_frame      0x10021254      0x388 /home/tx/workspace/nacl_sdk/pepper_29/toolchain/linux_arm_newlib/bin/../lib/gcc/arm-nacl/4.8.1/../../../../arm-nacl/lib/libpthread.a(nc_thread.o)
                                0x39c (size before relaxing)
 .eh_frame      0x100215dc      0x114 /home/tx/workspace/nacl_sdk/pepper_29/toolchain/linux_arm_newlib/bin/../lib/gcc/arm-nacl/4.8.1/../../../../arm-nacl/lib/libpthread.a(nc_mutex.o)
                                0x128 (size before relaxing)
 .eh_frame      0x100216f0       0x98 /home/tx/workspace/nacl_sdk/pepper_29/toolchain/linux_arm_newlib/bin/../lib/gcc/arm-nacl/4.8.1/../../../../arm-nacl/lib/libpthread.a(nc_condvar.o)
                                 0xac (size before relaxing)
 .eh_frame      0x10021788       0x1c /home/tx/workspace/nacl_sdk/pepper_29/toolchain/linux_arm_newlib/bin/../lib/gcc/arm-nacl/4.8.1/../../../../arm-nacl/lib/libpthread.a(nc_init_irt.o)
                                 0x30 (size before relaxing)
 .eh_frame      0x100217a4      0x300 /home/tx/workspace/nacl_sdk/pepper_29/toolchain/linux_arm_newlib/bin/../lib/gcc/arm-nacl/4.8.1/../../../../arm-nacl/lib/libpthread.a(dynamic_annotations.o)
                                0x314 (size before relaxing)
 .eh_frame      0x10021aa4       0x88 /home/tx/workspace/nacl_sdk/pepper_29/toolchain/linux_arm_newlib/bin/../lib/gcc/arm-nacl/4.8.1/../../../../arm-nacl/lib/libpthread.a(futex.o)
                                 0x9c (size before relaxing)
 .eh_frame      0x10021b2c       0x84 /home/tx/workspace/nacl_sdk/pepper_29/toolchain/linux_arm_newlib/bin/../lib/gcc/arm-nacl/4.8.1/../../../../arm-nacl/lib/libnacl.a(nacl_irt.o)
                                 0x98 (size before relaxing)
 .eh_frame      0x10021bb0       0x1c /home/tx/workspace/nacl_sdk/pepper_29/toolchain/linux_arm_newlib/bin/../lib/gcc/arm-nacl/4.8.1/../../../../arm-nacl/lib/libnacl.a(close.o)
                                 0x30 (size before relaxing)
 .eh_frame      0x10021bcc       0x1c /home/tx/workspace/nacl_sdk/pepper_29/toolchain/linux_arm_newlib/bin/../lib/gcc/arm-nacl/4.8.1/../../../../arm-nacl/lib/libnacl.a(_exit.o)
                                 0x30 (size before relaxing)
 .eh_frame      0x10021be8       0x1c /home/tx/workspace/nacl_sdk/pepper_29/toolchain/linux_arm_newlib/bin/../lib/gcc/arm-nacl/4.8.1/../../../../arm-nacl/lib/libnacl.a(fstat.o)
                                 0x30 (size before relaxing)
 .eh_frame      0x10021c04       0x1c /home/tx/workspace/nacl_sdk/pepper_29/toolchain/linux_arm_newlib/bin/../lib/gcc/arm-nacl/4.8.1/../../../../arm-nacl/lib/libnacl.a(lseek.o)
                                 0x30 (size before relaxing)
 .eh_frame      0x10021c20      0x3c4 /home/tx/workspace/nacl_sdk/pepper_29/toolchain/linux_arm_newlib/bin/../lib/gcc/arm-nacl/4.8.1/../../../../arm-nacl/lib/libnacl.a(malloc.o)
                                0x3d8 (size before relaxing)
 .eh_frame      0x10021fe4       0x20 /home/tx/workspace/nacl_sdk/pepper_29/toolchain/linux_arm_newlib/bin/../lib/gcc/arm-nacl/4.8.1/../../../../arm-nacl/lib/libnacl.a(mmap.o)
                                 0x34 (size before relaxing)
 .eh_frame      0x10022004       0x1c /home/tx/workspace/nacl_sdk/pepper_29/toolchain/linux_arm_newlib/bin/../lib/gcc/arm-nacl/4.8.1/../../../../arm-nacl/lib/libnacl.a(munmap.o)
                                 0x30 (size before relaxing)
 .eh_frame      0x10022020       0x14 /home/tx/workspace/nacl_sdk/pepper_29/toolchain/linux_arm_newlib/bin/../lib/gcc/arm-nacl/4.8.1/../../../../arm-nacl/lib/libnacl.a(nacl_read_tp.o)
                                 0x28 (size before relaxing)
 .eh_frame      0x10022034       0x1c /home/tx/workspace/nacl_sdk/pepper_29/toolchain/linux_arm_newlib/bin/../lib/gcc/arm-nacl/4.8.1/../../../../arm-nacl/lib/libnacl.a(read.o)
                                 0x30 (size before relaxing)
 .eh_frame      0x10022050       0x1c /home/tx/workspace/nacl_sdk/pepper_29/toolchain/linux_arm_newlib/bin/../lib/gcc/arm-nacl/4.8.1/../../../../arm-nacl/lib/libnacl.a(pthread_initialize_minimal.o)
                                 0x30 (size before relaxing)
 .eh_frame      0x1002206c       0x24 /home/tx/workspace/nacl_sdk/pepper_29/toolchain/linux_arm_newlib/bin/../lib/gcc/arm-nacl/4.8.1/../../../../arm-nacl/lib/libnacl.a(sbrk.o)
                                 0x38 (size before relaxing)
 .eh_frame      0x10022090       0x1c /home/tx/workspace/nacl_sdk/pepper_29/toolchain/linux_arm_newlib/bin/../lib/gcc/arm-nacl/4.8.1/../../../../arm-nacl/lib/libnacl.a(sched_yield.o)
                                 0x30 (size before relaxing)
 .eh_frame      0x100220ac       0x24 /home/tx/workspace/nacl_sdk/pepper_29/toolchain/linux_arm_newlib/bin/../lib/gcc/arm-nacl/4.8.1/../../../../arm-nacl/lib/libnacl.a(start.o)
                                 0x38 (size before relaxing)
 .eh_frame      0x100220d0       0x1c /home/tx/workspace/nacl_sdk/pepper_29/toolchain/linux_arm_newlib/bin/../lib/gcc/arm-nacl/4.8.1/../../../../arm-nacl/lib/libnacl.a(sysconf.o)
                                 0x30 (size before relaxing)
 .eh_frame      0x100220ec       0x70 /home/tx/workspace/nacl_sdk/pepper_29/toolchain/linux_arm_newlib/bin/../lib/gcc/arm-nacl/4.8.1/../../../../arm-nacl/lib/libnacl.a(tls.o)
                                 0x84 (size before relaxing)
 .eh_frame      0x1002215c       0x1c /home/tx/workspace/nacl_sdk/pepper_29/toolchain/linux_arm_newlib/bin/../lib/gcc/arm-nacl/4.8.1/../../../../arm-nacl/lib/libnacl.a(write.o)
                                 0x30 (size before relaxing)
 .eh_frame      0x10022178       0x1c /home/tx/workspace/nacl_sdk/pepper_29/toolchain/linux_arm_newlib/bin/../lib/gcc/arm-nacl/4.8.1/../../../../arm-nacl/lib/libnacl.a(nacl_tls_get.o)
                                 0x30 (size before relaxing)
 .eh_frame      0x10022194       0x1c /home/tx/workspace/nacl_sdk/pepper_29/toolchain/linux_arm_newlib/bin/../lib/gcc/arm-nacl/4.8.1/../../../../arm-nacl/lib/libnacl.a(nacl_tls_init.o)
                                 0x30 (size before relaxing)
 .eh_frame      0x100221b0       0x28 /home/tx/workspace/nacl_sdk/pepper_29/toolchain/linux_arm_newlib/bin/../lib/gcc/arm-nacl/4.8.1/libgcc.a(_divdi3.o)
                                 0x3c (size before relaxing)
 .eh_frame      0x100221d8       0x28 /home/tx/workspace/nacl_sdk/pepper_29/toolchain/linux_arm_newlib/bin/../lib/gcc/arm-nacl/4.8.1/libgcc.a(_udivdi3.o)
                                 0x3c (size before relaxing)
 .eh_frame      0x10022200        0x4 /home/tx/workspace/nacl_sdk/pepper_29/toolchain/linux_arm_newlib/bin/../lib/gcc/arm-nacl/4.8.1/crtend.o

.gcc_except_table
 *(.gcc_except_table .gcc_except_table.*)

.exception_ranges
 *(.exception_ranges .exception_ranges*)
                0x10022204                . = (ALIGN (0x10000) - ((0x10000 - .) & 0xffff))
                0x10032204                . = DATA_SEGMENT_ALIGN (0x10000, 0x1000)

.eh_frame
 *(.eh_frame)

.gcc_except_table
 *(.gcc_except_table .gcc_except_table.*)

.exception_ranges
 *(.exception_ranges .exception_ranges*)

.tdata          0x10032208      0x460
 *(.tdata .tdata.* .gnu.linkonce.td.*)
 .tdata         0x10032208      0x460 /home/tx/workspace/nacl_sdk/pepper_29/toolchain/linux_arm_newlib/bin/../lib/gcc/arm-nacl/4.8.1/../../../../arm-nacl/lib/libcrt_common.a(lib_a-impure.o)
                0x10032208                _impure_ptr

.tbss           0x10032668       0x1c
 *(.tbss .tbss.* .gnu.linkonce.tb.*)
 .tbss          0x10032668        0x8 /home/tx/workspace/nacl_sdk/pepper_29/toolchain/linux_arm_newlib/bin/../lib/gcc/arm-nacl/4.8.1/../../../../arm-nacl/lib/libpthread.a(nc_thread.o)
 .tbss          0x10032670       0x14 /home/tx/workspace/nacl_sdk/pepper_29/toolchain/linux_arm_newlib/bin/../lib/gcc/arm-nacl/4.8.1/../../../../arm-nacl/lib/libpthread.a(futex.o)
 *(.tcommon)

.preinit_array  0x10032668        0x0
                0x10032668                PROVIDE (__preinit_array_start, .)
 *(.preinit_array)
                0x10032668                PROVIDE (__preinit_array_end, .)

.init_array     0x10032668        0x4
                0x10032668                PROVIDE (__init_array_start, .)
 *(SORT(.init_array.*) SORT(.ctors.*))
 *(.init_array)
 .init_array    0x10032668        0x4 /home/tx/workspace/nacl_sdk/pepper_29/toolchain/linux_arm_newlib/bin/../lib/gcc/arm-nacl/4.8.1/crtbegin.o
 *(EXCLUDE_FILE(*crtend?.o *crtend.o *crtbegin?.o *crtbegin.o) .ctors)
                0x1003266c                PROVIDE (__init_array_end, .)

.fini_array     0x1003266c        0x4
                0x1003266c                PROVIDE (__fini_array_start, .)
 *(SORT(.fini_array.*) SORT(.dtors.*))
 *(.fini_array)
 .fini_array    0x1003266c        0x4 /home/tx/workspace/nacl_sdk/pepper_29/toolchain/linux_arm_newlib/bin/../lib/gcc/arm-nacl/4.8.1/crtbegin.o
 *(EXCLUDE_FILE(*crtend?.o *crtend.o *crtbegin?.o *crtbegin.o) .dtors)
                0x10032670                PROVIDE (__fini_array_end, .)

.ctors
 *crtbegin.o(.ctors)
 *crtbegin?.o(.ctors)
 *(EXCLUDE_FILE(*crtend?.o *crtend.o) .ctors)
 *(SORT(.ctors.*))
 *(.ctors)

.dtors
 *crtbegin.o(.dtors)
 *crtbegin?.o(.dtors)
 *(EXCLUDE_FILE(*crtend?.o *crtend.o) .dtors)
 *(SORT(.dtors.*))
 *(.dtors)

.jcr            0x10032670        0x4
 *(.jcr)
 .jcr           0x10032670        0x0 /home/tx/workspace/nacl_sdk/pepper_29/toolchain/linux_arm_newlib/bin/../lib/gcc/arm-nacl/4.8.1/crtbegin.o
 .jcr           0x10032670        0x4 /home/tx/workspace/nacl_sdk/pepper_29/toolchain/linux_arm_newlib/bin/../lib/gcc/arm-nacl/4.8.1/crtend.o

.data.rel.ro
 *(.data.rel.ro.local* .gnu.linkonce.d.rel.ro.local.*)
 *(.data.rel.ro .data.rel.ro.* .gnu.linkonce.d.rel.ro.*)

.dynamic
 *(.dynamic)
                0x10032674                . = DATA_SEGMENT_RELRO_END (., 0x0)

.got            0x10032674       0x10
 *(.got.plt)
 .got.plt       0x10032674        0xc /home/tx/workspace/nacl_sdk/pepper_29/toolchain/linux_arm_newlib/bin/../lib/gcc/arm-nacl/4.8.1/crtbegin.o
                0x10032674                _GLOBAL_OFFSET_TABLE_
 *(.igot.plt)
 .igot.plt      0x00000000        0x0 /home/tx/workspace/nacl_sdk/pepper_29/toolchain/linux_arm_newlib/bin/../lib/gcc/arm-nacl/4.8.1/crtbegin.o
 *(.got)
 .got           0x10032680        0x4 /home/tx/workspace/nacl_sdk/pepper_29/toolchain/linux_arm_newlib/bin/../lib/gcc/arm-nacl/4.8.1/crtbegin.o
 *(.igot)

.data           0x10032688      0x668
                0x10032688                PROVIDE (__data_start, .)
 *(.data .data.* .gnu.linkonce.d.*)
 .data          0x10032688        0x0 /home/tx/workspace/nacl_sdk/pepper_29/toolchain/linux_arm_newlib/bin/../lib/gcc/arm-nacl/4.8.1/../../../../arm-nacl/lib/crti.o
 .data          0x10032688        0x4 /home/tx/workspace/nacl_sdk/pepper_29/toolchain/linux_arm_newlib/bin/../lib/gcc/arm-nacl/4.8.1/crtbegin.o
                0x10032688                __dso_handle
 .data          0x1003268c       0x18 newlib/Debug/tmp_arm.o
 .data          0x100326a4        0x0 /home/tx/workspace/nacl_sdk/pepper_29/toolchain/linux_arm_newlib/bin/../lib/gcc/arm-nacl/4.8.1/../../../../arm-nacl/lib/libppapi_stub.a(plugin_main_irt.o)
 .data          0x100326a4        0x0 /home/tx/workspace/nacl_sdk/pepper_29/toolchain/linux_arm_newlib/bin/../lib/gcc/arm-nacl/4.8.1/../../../../arm-nacl/lib/libppapi_stub.a(ppapi_plugin_main.o)
 .data          0x100326a4        0x0 /home/tx/workspace/nacl_sdk/pepper_29/toolchain/linux_arm_newlib/bin/../lib/gcc/arm-nacl/4.8.1/../../../../arm-nacl/lib/libppapi_stub.a(ppapi_plugin_start.o)
 .data          0x100326a4        0x0 /home/tx/workspace/nacl_sdk/pepper_29/toolchain/linux_arm_newlib/bin/../lib/gcc/arm-nacl/4.8.1/../../../../arm-nacl/lib/libppapi_stub.a(thread_creator.o)
 .data          0x100326a4        0x4 /home/tx/workspace/nacl_sdk/pepper_29/toolchain/linux_arm_newlib/bin/../lib/gcc/arm-nacl/4.8.1/../../../../arm-nacl/lib/libpthread.a(nc_thread.o)
                0x100326a4                __nc_running_threads_counter
 .data          0x100326a8        0x0 /home/tx/workspace/nacl_sdk/pepper_29/toolchain/linux_arm_newlib/bin/../lib/gcc/arm-nacl/4.8.1/../../../../arm-nacl/lib/libpthread.a(nc_mutex.o)
 .data          0x100326a8        0x0 /home/tx/workspace/nacl_sdk/pepper_29/toolchain/linux_arm_newlib/bin/../lib/gcc/arm-nacl/4.8.1/../../../../arm-nacl/lib/libpthread.a(nc_condvar.o)
 .data          0x100326a8        0x0 /home/tx/workspace/nacl_sdk/pepper_29/toolchain/linux_arm_newlib/bin/../lib/gcc/arm-nacl/4.8.1/../../../../arm-nacl/lib/libpthread.a(nc_init_irt.o)
 .data          0x100326a8        0x4 /home/tx/workspace/nacl_sdk/pepper_29/toolchain/linux_arm_newlib/bin/../lib/gcc/arm-nacl/4.8.1/../../../../arm-nacl/lib/libpthread.a(dynamic_annotations.o)
 .data          0x100326ac        0xc /home/tx/workspace/nacl_sdk/pepper_29/toolchain/linux_arm_newlib/bin/../lib/gcc/arm-nacl/4.8.1/../../../../arm-nacl/lib/libpthread.a(futex.o)
 .data          0x100326b8        0x0 /home/tx/workspace/nacl_sdk/pepper_29/toolchain/linux_arm_newlib/bin/../lib/gcc/arm-nacl/4.8.1/../../../../arm-nacl/lib/libcrt_common.a(lib_a-assert.o)
 .data          0x100326b8        0x4 /home/tx/workspace/nacl_sdk/pepper_29/toolchain/linux_arm_newlib/bin/../lib/gcc/arm-nacl/4.8.1/../../../../arm-nacl/lib/libcrt_common.a(lib_a-environ.o)
                0x100326b8                environ
 .data          0x100326bc        0x0 /home/tx/workspace/nacl_sdk/pepper_29/toolchain/linux_arm_newlib/bin/../lib/gcc/arm-nacl/4.8.1/../../../../arm-nacl/lib/libcrt_common.a(lib_a-exit.o)
 .data          0x100326bc        0x0 /home/tx/workspace/nacl_sdk/pepper_29/toolchain/linux_arm_newlib/bin/../lib/gcc/arm-nacl/4.8.1/../../../../arm-nacl/lib/libcrt_common.a(lib_a-fiprintf.o)
 .data          0x100326bc        0x0 /home/tx/workspace/nacl_sdk/pepper_29/toolchain/linux_arm_newlib/bin/../lib/gcc/arm-nacl/4.8.1/../../../../arm-nacl/lib/libcrt_common.a(lib_a-getenv.o)
 .data          0x100326bc        0x0 /home/tx/workspace/nacl_sdk/pepper_29/toolchain/linux_arm_newlib/bin/../lib/gcc/arm-nacl/4.8.1/../../../../arm-nacl/lib/libcrt_common.a(lib_a-getenv_r.o)
 *fill*         0x100326bc        0x4 
 .data          0x100326c0      0x458 /home/tx/workspace/nacl_sdk/pepper_29/toolchain/linux_arm_newlib/bin/../lib/gcc/arm-nacl/4.8.1/../../../../arm-nacl/lib/libcrt_common.a(lib_a-impure.o)
 .data          0x10032b18        0x0 /home/tx/workspace/nacl_sdk/pepper_29/toolchain/linux_arm_newlib/bin/../lib/gcc/arm-nacl/4.8.1/../../../../arm-nacl/lib/libcrt_common.a(lib_a-memcpy.o)
 .data          0x10032b18        0x0 /home/tx/workspace/nacl_sdk/pepper_29/toolchain/linux_arm_newlib/bin/../lib/gcc/arm-nacl/4.8.1/../../../../arm-nacl/lib/libcrt_common.a(lib_a-memset.o)
 .data          0x10032b18        0x0 /home/tx/workspace/nacl_sdk/pepper_29/toolchain/linux_arm_newlib/bin/../lib/gcc/arm-nacl/4.8.1/../../../../arm-nacl/lib/libcrt_common.a(lib_a-strcat.o)
 .data          0x10032b18        0x0 /home/tx/workspace/nacl_sdk/pepper_29/toolchain/linux_arm_newlib/bin/../lib/gcc/arm-nacl/4.8.1/../../../../arm-nacl/lib/libcrt_common.a(lib_a-strcmp.o)
 .data          0x10032b18        0x0 /home/tx/workspace/nacl_sdk/pepper_29/toolchain/linux_arm_newlib/bin/../lib/gcc/arm-nacl/4.8.1/../../../../arm-nacl/lib/libcrt_common.a(lib_a-strcpy.o)
 .data          0x10032b18        0x0 /home/tx/workspace/nacl_sdk/pepper_29/toolchain/linux_arm_newlib/bin/../lib/gcc/arm-nacl/4.8.1/../../../../arm-nacl/lib/libcrt_common.a(lib_a-strlen-armv7.o)
 .data          0x10032b18        0x0 /home/tx/workspace/nacl_sdk/pepper_29/toolchain/linux_arm_newlib/bin/../lib/gcc/arm-nacl/4.8.1/../../../../arm-nacl/lib/libcrt_common.a(lib_a-strncmp.o)
 .data          0x10032b18        0x0 /home/tx/workspace/nacl_sdk/pepper_29/toolchain/linux_arm_newlib/bin/../lib/gcc/arm-nacl/4.8.1/../../../../arm-nacl/lib/libcrt_common.a(lib_a-vfiprintf.o)
 .data          0x10032b18        0x0 /home/tx/workspace/nacl_sdk/pepper_29/toolchain/linux_arm_newlib/bin/../lib/gcc/arm-nacl/4.8.1/../../../../arm-nacl/lib/libcrt_common.a(lib_a-wcrtomb.o)
 .data          0x10032b18        0x0 /home/tx/workspace/nacl_sdk/pepper_29/toolchain/linux_arm_newlib/bin/../lib/gcc/arm-nacl/4.8.1/../../../../arm-nacl/lib/libcrt_common.a(lib_a-wcsrtombs.o)
 .data          0x10032b18        0x4 /home/tx/workspace/nacl_sdk/pepper_29/toolchain/linux_arm_newlib/bin/../lib/gcc/arm-nacl/4.8.1/../../../../arm-nacl/lib/libcrt_common.a(lib_a-wctomb_r.o)
                0x10032b18                __wctomb
 .data          0x10032b1c        0x0 /home/tx/workspace/nacl_sdk/pepper_29/toolchain/linux_arm_newlib/bin/../lib/gcc/arm-nacl/4.8.1/../../../../arm-nacl/lib/libcrt_common.a(lib_a-wsetup.o)
 .data          0x10032b1c        0x0 /home/tx/workspace/nacl_sdk/pepper_29/toolchain/linux_arm_newlib/bin/../lib/gcc/arm-nacl/4.8.1/../../../../arm-nacl/lib/libcrt_common.a(lib_a-abort.o)
 .data          0x10032b1c        0x0 /home/tx/workspace/nacl_sdk/pepper_29/toolchain/linux_arm_newlib/bin/../lib/gcc/arm-nacl/4.8.1/../../../../arm-nacl/lib/libcrt_common.a(lib_a-__call_atexit.o)
 .data          0x10032b1c       0x14 /home/tx/workspace/nacl_sdk/pepper_29/toolchain/linux_arm_newlib/bin/../lib/gcc/arm-nacl/4.8.1/../../../../arm-nacl/lib/libcrt_common.a(lib_a-envlock.o)
 .data          0x10032b30        0x0 /home/tx/workspace/nacl_sdk/pepper_29/toolchain/linux_arm_newlib/bin/../lib/gcc/arm-nacl/4.8.1/../../../../arm-nacl/lib/libcrt_common.a(lib_a-fflush.o)
 .data          0x10032b30       0x28 /home/tx/workspace/nacl_sdk/pepper_29/toolchain/linux_arm_newlib/bin/../lib/gcc/arm-nacl/4.8.1/../../../../arm-nacl/lib/libcrt_common.a(lib_a-findfp.o)
 .data          0x10032b58        0x0 /home/tx/workspace/nacl_sdk/pepper_29/toolchain/linux_arm_newlib/bin/../lib/gcc/arm-nacl/4.8.1/../../../../arm-nacl/lib/libcrt_common.a(lib_a-fputwc.o)
 .data          0x10032b58        0x0 /home/tx/workspace/nacl_sdk/pepper_29/toolchain/linux_arm_newlib/bin/../lib/gcc/arm-nacl/4.8.1/../../../../arm-nacl/lib/libcrt_common.a(lib_a-fvwrite.o)
 .data          0x10032b58        0x0 /home/tx/workspace/nacl_sdk/pepper_29/toolchain/linux_arm_newlib/bin/../lib/gcc/arm-nacl/4.8.1/../../../../arm-nacl/lib/libcrt_common.a(lib_a-fwalk.o)
 .data          0x10032b58      0x17c /home/tx/workspace/nacl_sdk/pepper_29/toolchain/linux_arm_newlib/bin/../lib/gcc/arm-nacl/4.8.1/../../../../arm-nacl/lib/libcrt_common.a(lib_a-locale.o)
                0x10032b58                __default_locale
                0x10032c78                __mb_cur_max
 .data          0x10032cd4        0x0 /home/tx/workspace/nacl_sdk/pepper_29/toolchain/linux_arm_newlib/bin/../lib/gcc/arm-nacl/4.8.1/../../../../arm-nacl/lib/libcrt_common.a(lib_a-makebuf.o)
 .data          0x10032cd4        0x4 /home/tx/workspace/nacl_sdk/pepper_29/toolchain/linux_arm_newlib/bin/../lib/gcc/arm-nacl/4.8.1/../../../../arm-nacl/lib/libcrt_common.a(lib_a-mbtowc_r.o)
                0x10032cd4                __mbtowc
 .data          0x10032cd8        0x0 /home/tx/workspace/nacl_sdk/pepper_29/toolchain/linux_arm_newlib/bin/../lib/gcc/arm-nacl/4.8.1/../../../../arm-nacl/lib/libcrt_common.a(lib_a-memchr.o)
 .data          0x10032cd8        0x0 /home/tx/workspace/nacl_sdk/pepper_29/toolchain/linux_arm_newlib/bin/../lib/gcc/arm-nacl/4.8.1/../../../../arm-nacl/lib/libcrt_common.a(lib_a-memmove.o)
 .data          0x10032cd8        0x0 /home/tx/workspace/nacl_sdk/pepper_29/toolchain/linux_arm_newlib/bin/../lib/gcc/arm-nacl/4.8.1/../../../../arm-nacl/lib/libcrt_common.a(lib_a-stdio.o)
 .data          0x10032cd8        0x0 /home/tx/workspace/nacl_sdk/pepper_29/toolchain/linux_arm_newlib/bin/../lib/gcc/arm-nacl/4.8.1/../../../../arm-nacl/lib/libcrt_common.a(lib_a-strcasecmp.o)
 .data          0x10032cd8        0x0 /home/tx/workspace/nacl_sdk/pepper_29/toolchain/linux_arm_newlib/bin/../lib/gcc/arm-nacl/4.8.1/../../../../arm-nacl/lib/libcrt_common.a(lib_a-strchr.o)
 .data          0x10032cd8        0x0 /home/tx/workspace/nacl_sdk/pepper_29/toolchain/linux_arm_newlib/bin/../lib/gcc/arm-nacl/4.8.1/../../../../arm-nacl/lib/libcrt_common.a(lib_a-strlcpy.o)
 .data          0x10032cd8        0x0 /home/tx/workspace/nacl_sdk/pepper_29/toolchain/linux_arm_newlib/bin/../lib/gcc/arm-nacl/4.8.1/../../../../arm-nacl/lib/libcrt_common.a(lib_a-strncasecmp.o)
 .data          0x10032cd8        0x0 /home/tx/workspace/nacl_sdk/pepper_29/toolchain/linux_arm_newlib/bin/../lib/gcc/arm-nacl/4.8.1/../../../../arm-nacl/lib/libcrt_common.a(lib_a-strncpy.o)
 .data          0x10032cd8        0x0 /home/tx/workspace/nacl_sdk/pepper_29/toolchain/linux_arm_newlib/bin/../lib/gcc/arm-nacl/4.8.1/../../../../arm-nacl/lib/libcrt_common.a(lib_a-strtol.o)
 .data          0x10032cd8        0x0 /home/tx/workspace/nacl_sdk/pepper_29/toolchain/linux_arm_newlib/bin/../lib/gcc/arm-nacl/4.8.1/../../../../arm-nacl/lib/libcrt_common.a(lib_a-wbuf.o)
 .data          0x10032cd8        0x0 /home/tx/workspace/nacl_sdk/pepper_29/toolchain/linux_arm_newlib/bin/../lib/gcc/arm-nacl/4.8.1/../../../../arm-nacl/lib/libcrt_common.a(lib_a-wcsnrtombs.o)
 .data          0x10032cd8        0x0 /home/tx/workspace/nacl_sdk/pepper_29/toolchain/linux_arm_newlib/bin/../lib/gcc/arm-nacl/4.8.1/../../../../arm-nacl/lib/libcrt_common.a(lib_a-writer.o)
 .data          0x10032cd8       0x14 /home/tx/workspace/nacl_sdk/pepper_29/toolchain/linux_arm_newlib/bin/../lib/gcc/arm-nacl/4.8.1/../../../../arm-nacl/lib/libcrt_common.a(lib_a-__atexit.o)
                0x10032cd8                __atexit_lock
 .data          0x10032cec        0x0 /home/tx/workspace/nacl_sdk/pepper_29/toolchain/linux_arm_newlib/bin/../lib/gcc/arm-nacl/4.8.1/../../../../arm-nacl/lib/libcrt_common.a(lib_a-closer.o)
 .data          0x10032cec        0x4 /home/tx/workspace/nacl_sdk/pepper_29/toolchain/linux_arm_newlib/bin/../lib/gcc/arm-nacl/4.8.1/../../../../arm-nacl/lib/libcrt_common.a(lib_a-ctype_.o)
                0x10032cec                __ctype_ptr__
 .data          0x10032cf0        0x0 /home/tx/workspace/nacl_sdk/pepper_29/toolchain/linux_arm_newlib/bin/../lib/gcc/arm-nacl/4.8.1/../../../../arm-nacl/lib/libcrt_common.a(lib_a-fclose.o)
 .data          0x10032cf0        0x0 /home/tx/workspace/nacl_sdk/pepper_29/toolchain/linux_arm_newlib/bin/../lib/gcc/arm-nacl/4.8.1/../../../../arm-nacl/lib/libcrt_common.a(lib_a-fstatr.o)
 .data          0x10032cf0        0x0 /home/tx/workspace/nacl_sdk/pepper_29/toolchain/linux_arm_newlib/bin/../lib/gcc/arm-nacl/4.8.1/../../../../arm-nacl/lib/libcrt_common.a(lib_a-isattyr.o)
 .data          0x10032cf0        0x0 /home/tx/workspace/nacl_sdk/pepper_29/toolchain/linux_arm_newlib/bin/../lib/gcc/arm-nacl/4.8.1/../../../../arm-nacl/lib/libcrt_common.a(lib_a-lseekr.o)
 .data          0x10032cf0        0x0 /home/tx/workspace/nacl_sdk/pepper_29/toolchain/linux_arm_newlib/bin/../lib/gcc/arm-nacl/4.8.1/../../../../arm-nacl/lib/libcrt_common.a(lib_a-readr.o)
 .data          0x10032cf0        0x0 /home/tx/workspace/nacl_sdk/pepper_29/toolchain/linux_arm_newlib/bin/../lib/gcc/arm-nacl/4.8.1/../../../../arm-nacl/lib/libcrt_common.a(lib_a-reent.o)
 .data          0x10032cf0        0x0 /home/tx/workspace/nacl_sdk/pepper_29/toolchain/linux_arm_newlib/bin/../lib/gcc/arm-nacl/4.8.1/../../../../arm-nacl/lib/libcrt_common.a(lib_a-isatty.o)
 .data          0x10032cf0        0x0 /home/tx/workspace/nacl_sdk/pepper_29/toolchain/linux_arm_newlib/bin/../lib/gcc/arm-nacl/4.8.1/../../../../arm-nacl/lib/libcrt_common.a(lib_a-_isatty.o)
 .data          0x10032cf0        0x0 /home/tx/workspace/nacl_sdk/pepper_29/toolchain/linux_arm_newlib/bin/../lib/gcc/arm-nacl/4.8.1/../../../../arm-nacl/lib/libcrt_common.a(lib_a-errno.o)
 .data          0x10032cf0        0x0 /home/tx/workspace/nacl_sdk/pepper_29/toolchain/linux_arm_newlib/bin/../lib/gcc/arm-nacl/4.8.1/../../../../arm-nacl/lib/libnacl.a(nacl_irt.o)
 .data          0x10032cf0        0x0 /home/tx/workspace/nacl_sdk/pepper_29/toolchain/linux_arm_newlib/bin/../lib/gcc/arm-nacl/4.8.1/../../../../arm-nacl/lib/libnacl.a(close.o)
 .data          0x10032cf0        0x0 /home/tx/workspace/nacl_sdk/pepper_29/toolchain/linux_arm_newlib/bin/../lib/gcc/arm-nacl/4.8.1/../../../../arm-nacl/lib/libnacl.a(_exit.o)
 .data          0x10032cf0        0x0 /home/tx/workspace/nacl_sdk/pepper_29/toolchain/linux_arm_newlib/bin/../lib/gcc/arm-nacl/4.8.1/../../../../arm-nacl/lib/libnacl.a(fstat.o)
 .data          0x10032cf0        0x0 /home/tx/workspace/nacl_sdk/pepper_29/toolchain/linux_arm_newlib/bin/../lib/gcc/arm-nacl/4.8.1/../../../../arm-nacl/lib/libnacl.a(lseek.o)
 .data          0x10032cf0        0x0 /home/tx/workspace/nacl_sdk/pepper_29/toolchain/linux_arm_newlib/bin/../lib/gcc/arm-nacl/4.8.1/../../../../arm-nacl/lib/libnacl.a(malloc.o)
 .data          0x10032cf0        0x0 /home/tx/workspace/nacl_sdk/pepper_29/toolchain/linux_arm_newlib/bin/../lib/gcc/arm-nacl/4.8.1/../../../../arm-nacl/lib/libnacl.a(mmap.o)
 .data          0x10032cf0        0x0 /home/tx/workspace/nacl_sdk/pepper_29/toolchain/linux_arm_newlib/bin/../lib/gcc/arm-nacl/4.8.1/../../../../arm-nacl/lib/libnacl.a(munmap.o)
 .data          0x10032cf0        0x0 /home/tx/workspace/nacl_sdk/pepper_29/toolchain/linux_arm_newlib/bin/../lib/gcc/arm-nacl/4.8.1/../../../../arm-nacl/lib/libnacl.a(nacl_read_tp.o)
 .data          0x10032cf0        0x0 /home/tx/workspace/nacl_sdk/pepper_29/toolchain/linux_arm_newlib/bin/../lib/gcc/arm-nacl/4.8.1/../../../../arm-nacl/lib/libnacl.a(read.o)
 .data          0x10032cf0        0x0 /home/tx/workspace/nacl_sdk/pepper_29/toolchain/linux_arm_newlib/bin/../lib/gcc/arm-nacl/4.8.1/../../../../arm-nacl/lib/libnacl.a(pthread_initialize_minimal.o)
 .data          0x10032cf0        0x0 /home/tx/workspace/nacl_sdk/pepper_29/toolchain/linux_arm_newlib/bin/../lib/gcc/arm-nacl/4.8.1/../../../../arm-nacl/lib/libnacl.a(sbrk.o)
 .data          0x10032cf0        0x0 /home/tx/workspace/nacl_sdk/pepper_29/toolchain/linux_arm_newlib/bin/../lib/gcc/arm-nacl/4.8.1/../../../../arm-nacl/lib/libnacl.a(sched_yield.o)
 .data          0x10032cf0        0x0 /home/tx/workspace/nacl_sdk/pepper_29/toolchain/linux_arm_newlib/bin/../lib/gcc/arm-nacl/4.8.1/../../../../arm-nacl/lib/libnacl.a(start.o)
 .data          0x10032cf0        0x0 /home/tx/workspace/nacl_sdk/pepper_29/toolchain/linux_arm_newlib/bin/../lib/gcc/arm-nacl/4.8.1/../../../../arm-nacl/lib/libnacl.a(sysconf.o)
 .data          0x10032cf0        0x0 /home/tx/workspace/nacl_sdk/pepper_29/toolchain/linux_arm_newlib/bin/../lib/gcc/arm-nacl/4.8.1/../../../../arm-nacl/lib/libnacl.a(tls.o)
 .data          0x10032cf0        0x0 /home/tx/workspace/nacl_sdk/pepper_29/toolchain/linux_arm_newlib/bin/../lib/gcc/arm-nacl/4.8.1/../../../../arm-nacl/lib/libnacl.a(write.o)
 .data          0x10032cf0        0x0 /home/tx/workspace/nacl_sdk/pepper_29/toolchain/linux_arm_newlib/bin/../lib/gcc/arm-nacl/4.8.1/../../../../arm-nacl/lib/libnacl.a(aeabi_read_tp.o)
 .data          0x10032cf0        0x0 /home/tx/workspace/nacl_sdk/pepper_29/toolchain/linux_arm_newlib/bin/../lib/gcc/arm-nacl/4.8.1/../../../../arm-nacl/lib/libnacl.a(nacl_tls_get.o)
 .data          0x10032cf0        0x0 /home/tx/workspace/nacl_sdk/pepper_29/toolchain/linux_arm_newlib/bin/../lib/gcc/arm-nacl/4.8.1/../../../../arm-nacl/lib/libnacl.a(nacl_tls_init.o)
 .data          0x10032cf0        0x0 /home/tx/workspace/nacl_sdk/pepper_29/toolchain/linux_arm_newlib/bin/../lib/gcc/arm-nacl/4.8.1/../../../../arm-nacl/lib/libcrt_common.a(lib_a-atexit.o)
 .data          0x10032cf0        0x0 /home/tx/workspace/nacl_sdk/pepper_29/toolchain/linux_arm_newlib/bin/../lib/gcc/arm-nacl/4.8.1/../../../../arm-nacl/lib/libcrt_common.a(lib_a-fini.o)
 .data          0x10032cf0        0x0 /home/tx/workspace/nacl_sdk/pepper_29/toolchain/linux_arm_newlib/bin/../lib/gcc/arm-nacl/4.8.1/../../../../arm-nacl/lib/libcrt_common.a(lib_a-fprintf.o)
 .data          0x10032cf0        0x0 /home/tx/workspace/nacl_sdk/pepper_29/toolchain/linux_arm_newlib/bin/../lib/gcc/arm-nacl/4.8.1/../../../../arm-nacl/lib/libcrt_common.a(lib_a-init.o)
 .data          0x10032cf0        0x0 /home/tx/workspace/nacl_sdk/pepper_29/toolchain/linux_arm_newlib/bin/../lib/gcc/arm-nacl/4.8.1/../../../../arm-nacl/lib/libcrt_common.a(lib_a-vfprintf.o)
 .data          0x10032cf0        0x0 /home/tx/workspace/nacl_sdk/pepper_29/toolchain/linux_arm_newlib/bin/../lib/gcc/arm-nacl/4.8.1/../../../../arm-nacl/lib/libcrt_common.a(lib_a-dtoa.o)
 .data          0x10032cf0        0x0 /home/tx/workspace/nacl_sdk/pepper_29/toolchain/linux_arm_newlib/bin/../lib/gcc/arm-nacl/4.8.1/../../../../arm-nacl/lib/libcrt_common.a(lib_a-mprec.o)
 .data          0x10032cf0        0x0 /home/tx/workspace/nacl_sdk/pepper_29/toolchain/linux_arm_newlib/bin/../lib/gcc/arm-nacl/4.8.1/../../../../arm-nacl/lib/libcrt_common.a(lib_a-s_fpclassify.o)
 .data          0x10032cf0        0x0 /home/tx/workspace/nacl_sdk/pepper_29/toolchain/linux_arm_newlib/bin/../lib/gcc/arm-nacl/4.8.1/../../../../arm-nacl/lib/libcrt_common.a(lib_a-s_frexp.o)
 .data          0x10032cf0        0x0 /home/tx/workspace/nacl_sdk/pepper_29/toolchain/linux_arm_newlib/bin/../lib/gcc/arm-nacl/4.8.1/libgcc.a(_udivsi3.o)
 .data          0x10032cf0        0x0 /home/tx/workspace/nacl_sdk/pepper_29/toolchain/linux_arm_newlib/bin/../lib/gcc/arm-nacl/4.8.1/libgcc.a(_aeabi_uldivmod.o)
 .data          0x10032cf0        0x0 /home/tx/workspace/nacl_sdk/pepper_29/toolchain/linux_arm_newlib/bin/../lib/gcc/arm-nacl/4.8.1/libgcc.a(_dvmd_nacl.o)
 .data          0x10032cf0        0x0 /home/tx/workspace/nacl_sdk/pepper_29/toolchain/linux_arm_newlib/bin/../lib/gcc/arm-nacl/4.8.1/libgcc.a(bpabi.o)
 .data          0x10032cf0        0x0 /home/tx/workspace/nacl_sdk/pepper_29/toolchain/linux_arm_newlib/bin/../lib/gcc/arm-nacl/4.8.1/libgcc.a(_divdi3.o)
 .data          0x10032cf0        0x0 /home/tx/workspace/nacl_sdk/pepper_29/toolchain/linux_arm_newlib/bin/../lib/gcc/arm-nacl/4.8.1/libgcc.a(_udivdi3.o)
 .data          0x10032cf0        0x0 /home/tx/workspace/nacl_sdk/pepper_29/toolchain/linux_arm_newlib/bin/../lib/gcc/arm-nacl/4.8.1/crtend.o
 .data          0x10032cf0        0x0 /home/tx/workspace/nacl_sdk/pepper_29/toolchain/linux_arm_newlib/bin/../lib/gcc/arm-nacl/4.8.1/../../../../arm-nacl/lib/crtn.o

.tm_clone_table
                0x10032cf0        0x0
 .tm_clone_table
                0x10032cf0        0x0 /home/tx/workspace/nacl_sdk/pepper_29/toolchain/linux_arm_newlib/bin/../lib/gcc/arm-nacl/4.8.1/crtbegin.o
 .tm_clone_table
                0x10032cf0        0x0 /home/tx/workspace/nacl_sdk/pepper_29/toolchain/linux_arm_newlib/bin/../lib/gcc/arm-nacl/4.8.1/crtend.o

.data1
 *(.data1)
                0x10032cf0                _edata = .
                0x10032cf0                PROVIDE (edata, .)
                0x10032cf0                . = .
                0x10032cf0                __bss_start = .
                0x10032cf0                __bss_start__ = .

.bss            0x10032cf0     0x15f8
 *(.dynbss)
 *(.bss .bss.* .gnu.linkonce.b.*)
 .bss           0x10032cf0        0x0 /home/tx/workspace/nacl_sdk/pepper_29/toolchain/linux_arm_newlib/bin/../lib/gcc/arm-nacl/4.8.1/../../../../arm-nacl/lib/crti.o
 .bss           0x10032cf0       0x1c /home/tx/workspace/nacl_sdk/pepper_29/toolchain/linux_arm_newlib/bin/../lib/gcc/arm-nacl/4.8.1/crtbegin.o
 .bss           0x10032d0c        0xc newlib/Debug/tmp_arm.o
 .bss           0x10032d18        0x0 /home/tx/workspace/nacl_sdk/pepper_29/toolchain/linux_arm_newlib/bin/../lib/gcc/arm-nacl/4.8.1/../../../../arm-nacl/lib/libppapi_stub.a(plugin_main_irt.o)
 .bss           0x10032d18        0x0 /home/tx/workspace/nacl_sdk/pepper_29/toolchain/linux_arm_newlib/bin/../lib/gcc/arm-nacl/4.8.1/../../../../arm-nacl/lib/libppapi_stub.a(ppapi_plugin_main.o)
 .bss           0x10032d18        0x0 /home/tx/workspace/nacl_sdk/pepper_29/toolchain/linux_arm_newlib/bin/../lib/gcc/arm-nacl/4.8.1/../../../../arm-nacl/lib/libppapi_stub.a(ppapi_plugin_start.o)
 .bss           0x10032d18        0x0 /home/tx/workspace/nacl_sdk/pepper_29/toolchain/linux_arm_newlib/bin/../lib/gcc/arm-nacl/4.8.1/../../../../arm-nacl/lib/libppapi_stub.a(thread_creator.o)
 .bss           0x10032d18     0x1014 /home/tx/workspace/nacl_sdk/pepper_29/toolchain/linux_arm_newlib/bin/../lib/gcc/arm-nacl/4.8.1/../../../../arm-nacl/lib/libpthread.a(nc_thread.o)
 .bss           0x10033d2c        0x0 /home/tx/workspace/nacl_sdk/pepper_29/toolchain/linux_arm_newlib/bin/../lib/gcc/arm-nacl/4.8.1/../../../../arm-nacl/lib/libpthread.a(nc_mutex.o)
 .bss           0x10033d2c        0x0 /home/tx/workspace/nacl_sdk/pepper_29/toolchain/linux_arm_newlib/bin/../lib/gcc/arm-nacl/4.8.1/../../../../arm-nacl/lib/libpthread.a(nc_condvar.o)
 .bss           0x10033d2c        0x0 /home/tx/workspace/nacl_sdk/pepper_29/toolchain/linux_arm_newlib/bin/../lib/gcc/arm-nacl/4.8.1/../../../../arm-nacl/lib/libpthread.a(nc_init_irt.o)
 .bss           0x10033d2c        0x0 /home/tx/workspace/nacl_sdk/pepper_29/toolchain/linux_arm_newlib/bin/../lib/gcc/arm-nacl/4.8.1/../../../../arm-nacl/lib/libpthread.a(dynamic_annotations.o)
 .bss           0x10033d2c        0x0 /home/tx/workspace/nacl_sdk/pepper_29/toolchain/linux_arm_newlib/bin/../lib/gcc/arm-nacl/4.8.1/../../../../arm-nacl/lib/libpthread.a(futex.o)
 .bss           0x10033d2c        0x0 /home/tx/workspace/nacl_sdk/pepper_29/toolchain/linux_arm_newlib/bin/../lib/gcc/arm-nacl/4.8.1/../../../../arm-nacl/lib/libcrt_common.a(lib_a-assert.o)
 .bss           0x10033d2c        0x4 /home/tx/workspace/nacl_sdk/pepper_29/toolchain/linux_arm_newlib/bin/../lib/gcc/arm-nacl/4.8.1/../../../../arm-nacl/lib/libcrt_common.a(lib_a-environ.o)
 .bss           0x10033d30        0x0 /home/tx/workspace/nacl_sdk/pepper_29/toolchain/linux_arm_newlib/bin/../lib/gcc/arm-nacl/4.8.1/../../../../arm-nacl/lib/libcrt_common.a(lib_a-exit.o)
 .bss           0x10033d30        0x0 /home/tx/workspace/nacl_sdk/pepper_29/toolchain/linux_arm_newlib/bin/../lib/gcc/arm-nacl/4.8.1/../../../../arm-nacl/lib/libcrt_common.a(lib_a-fiprintf.o)
 .bss           0x10033d30        0x0 /home/tx/workspace/nacl_sdk/pepper_29/toolchain/linux_arm_newlib/bin/../lib/gcc/arm-nacl/4.8.1/../../../../arm-nacl/lib/libcrt_common.a(lib_a-getenv.o)
 .bss           0x10033d30        0x0 /home/tx/workspace/nacl_sdk/pepper_29/toolchain/linux_arm_newlib/bin/../lib/gcc/arm-nacl/4.8.1/../../../../arm-nacl/lib/libcrt_common.a(lib_a-getenv_r.o)
 .bss           0x10033d30        0x0 /home/tx/workspace/nacl_sdk/pepper_29/toolchain/linux_arm_newlib/bin/../lib/gcc/arm-nacl/4.8.1/../../../../arm-nacl/lib/libcrt_common.a(lib_a-impure.o)
 .bss           0x10033d30        0x0 /home/tx/workspace/nacl_sdk/pepper_29/toolchain/linux_arm_newlib/bin/../lib/gcc/arm-nacl/4.8.1/../../../../arm-nacl/lib/libcrt_common.a(lib_a-memcpy.o)
 .bss           0x10033d30        0x0 /home/tx/workspace/nacl_sdk/pepper_29/toolchain/linux_arm_newlib/bin/../lib/gcc/arm-nacl/4.8.1/../../../../arm-nacl/lib/libcrt_common.a(lib_a-memset.o)
 .bss           0x10033d30        0x0 /home/tx/workspace/nacl_sdk/pepper_29/toolchain/linux_arm_newlib/bin/../lib/gcc/arm-nacl/4.8.1/../../../../arm-nacl/lib/libcrt_common.a(lib_a-strcat.o)
 .bss           0x10033d30        0x0 /home/tx/workspace/nacl_sdk/pepper_29/toolchain/linux_arm_newlib/bin/../lib/gcc/arm-nacl/4.8.1/../../../../arm-nacl/lib/libcrt_common.a(lib_a-strcmp.o)
 .bss           0x10033d30        0x0 /home/tx/workspace/nacl_sdk/pepper_29/toolchain/linux_arm_newlib/bin/../lib/gcc/arm-nacl/4.8.1/../../../../arm-nacl/lib/libcrt_common.a(lib_a-strcpy.o)
 .bss           0x10033d30        0x0 /home/tx/workspace/nacl_sdk/pepper_29/toolchain/linux_arm_newlib/bin/../lib/gcc/arm-nacl/4.8.1/../../../../arm-nacl/lib/libcrt_common.a(lib_a-strlen-armv7.o)
 .bss           0x10033d30        0x0 /home/tx/workspace/nacl_sdk/pepper_29/toolchain/linux_arm_newlib/bin/../lib/gcc/arm-nacl/4.8.1/../../../../arm-nacl/lib/libcrt_common.a(lib_a-strncmp.o)
 .bss           0x10033d30        0x0 /home/tx/workspace/nacl_sdk/pepper_29/toolchain/linux_arm_newlib/bin/../lib/gcc/arm-nacl/4.8.1/../../../../arm-nacl/lib/libcrt_common.a(lib_a-vfiprintf.o)
 .bss           0x10033d30        0x0 /home/tx/workspace/nacl_sdk/pepper_29/toolchain/linux_arm_newlib/bin/../lib/gcc/arm-nacl/4.8.1/../../../../arm-nacl/lib/libcrt_common.a(lib_a-wcrtomb.o)
 .bss           0x10033d30        0x0 /home/tx/workspace/nacl_sdk/pepper_29/toolchain/linux_arm_newlib/bin/../lib/gcc/arm-nacl/4.8.1/../../../../arm-nacl/lib/libcrt_common.a(lib_a-wcsrtombs.o)
 .bss           0x10033d30        0x0 /home/tx/workspace/nacl_sdk/pepper_29/toolchain/linux_arm_newlib/bin/../lib/gcc/arm-nacl/4.8.1/../../../../arm-nacl/lib/libcrt_common.a(lib_a-wctomb_r.o)
 .bss           0x10033d30        0x0 /home/tx/workspace/nacl_sdk/pepper_29/toolchain/linux_arm_newlib/bin/../lib/gcc/arm-nacl/4.8.1/../../../../arm-nacl/lib/libcrt_common.a(lib_a-wsetup.o)
 .bss           0x10033d30        0x0 /home/tx/workspace/nacl_sdk/pepper_29/toolchain/linux_arm_newlib/bin/../lib/gcc/arm-nacl/4.8.1/../../../../arm-nacl/lib/libcrt_common.a(lib_a-abort.o)
 .bss           0x10033d30        0x0 /home/tx/workspace/nacl_sdk/pepper_29/toolchain/linux_arm_newlib/bin/../lib/gcc/arm-nacl/4.8.1/../../../../arm-nacl/lib/libcrt_common.a(lib_a-__call_atexit.o)
 .bss           0x10033d30        0x0 /home/tx/workspace/nacl_sdk/pepper_29/toolchain/linux_arm_newlib/bin/../lib/gcc/arm-nacl/4.8.1/../../../../arm-nacl/lib/libcrt_common.a(lib_a-envlock.o)
 .bss           0x10033d30        0x0 /home/tx/workspace/nacl_sdk/pepper_29/toolchain/linux_arm_newlib/bin/../lib/gcc/arm-nacl/4.8.1/../../../../arm-nacl/lib/libcrt_common.a(lib_a-fflush.o)
 .bss           0x10033d30        0x0 /home/tx/workspace/nacl_sdk/pepper_29/toolchain/linux_arm_newlib/bin/../lib/gcc/arm-nacl/4.8.1/../../../../arm-nacl/lib/libcrt_common.a(lib_a-findfp.o)
 .bss           0x10033d30        0x0 /home/tx/workspace/nacl_sdk/pepper_29/toolchain/linux_arm_newlib/bin/../lib/gcc/arm-nacl/4.8.1/../../../../arm-nacl/lib/libcrt_common.a(lib_a-fputwc.o)
 .bss           0x10033d30        0x0 /home/tx/workspace/nacl_sdk/pepper_29/toolchain/linux_arm_newlib/bin/../lib/gcc/arm-nacl/4.8.1/../../../../arm-nacl/lib/libcrt_common.a(lib_a-fvwrite.o)
 .bss           0x10033d30        0x0 /home/tx/workspace/nacl_sdk/pepper_29/toolchain/linux_arm_newlib/bin/../lib/gcc/arm-nacl/4.8.1/../../../../arm-nacl/lib/libcrt_common.a(lib_a-fwalk.o)
 .bss           0x10033d30      0x2b8 /home/tx/workspace/nacl_sdk/pepper_29/toolchain/linux_arm_newlib/bin/../lib/gcc/arm-nacl/4.8.1/../../../../arm-nacl/lib/libcrt_common.a(lib_a-locale.o)
                0x10033fdc                _PathLocale
                0x10033fe0                __mlocale_changed
                0x10033fe4                __nlocale_changed
 .bss           0x10033fe8        0x0 /home/tx/workspace/nacl_sdk/pepper_29/toolchain/linux_arm_newlib/bin/../lib/gcc/arm-nacl/4.8.1/../../../../arm-nacl/lib/libcrt_common.a(lib_a-makebuf.o)
 .bss           0x10033fe8        0x0 /home/tx/workspace/nacl_sdk/pepper_29/toolchain/linux_arm_newlib/bin/../lib/gcc/arm-nacl/4.8.1/../../../../arm-nacl/lib/libcrt_common.a(lib_a-mbtowc_r.o)
 .bss           0x10033fe8        0x0 /home/tx/workspace/nacl_sdk/pepper_29/toolchain/linux_arm_newlib/bin/../lib/gcc/arm-nacl/4.8.1/../../../../arm-nacl/lib/libcrt_common.a(lib_a-memchr.o)
 .bss           0x10033fe8        0x0 /home/tx/workspace/nacl_sdk/pepper_29/toolchain/linux_arm_newlib/bin/../lib/gcc/arm-nacl/4.8.1/../../../../arm-nacl/lib/libcrt_common.a(lib_a-memmove.o)
 .bss           0x10033fe8        0x0 /home/tx/workspace/nacl_sdk/pepper_29/toolchain/linux_arm_newlib/bin/../lib/gcc/arm-nacl/4.8.1/../../../../arm-nacl/lib/libcrt_common.a(lib_a-stdio.o)
 .bss           0x10033fe8        0x0 /home/tx/workspace/nacl_sdk/pepper_29/toolchain/linux_arm_newlib/bin/../lib/gcc/arm-nacl/4.8.1/../../../../arm-nacl/lib/libcrt_common.a(lib_a-strcasecmp.o)
 .bss           0x10033fe8        0x0 /home/tx/workspace/nacl_sdk/pepper_29/toolchain/linux_arm_newlib/bin/../lib/gcc/arm-nacl/4.8.1/../../../../arm-nacl/lib/libcrt_common.a(lib_a-strchr.o)
 .bss           0x10033fe8        0x0 /home/tx/workspace/nacl_sdk/pepper_29/toolchain/linux_arm_newlib/bin/../lib/gcc/arm-nacl/4.8.1/../../../../arm-nacl/lib/libcrt_common.a(lib_a-strlcpy.o)
 .bss           0x10033fe8        0x0 /home/tx/workspace/nacl_sdk/pepper_29/toolchain/linux_arm_newlib/bin/../lib/gcc/arm-nacl/4.8.1/../../../../arm-nacl/lib/libcrt_common.a(lib_a-strncasecmp.o)
 .bss           0x10033fe8        0x0 /home/tx/workspace/nacl_sdk/pepper_29/toolchain/linux_arm_newlib/bin/../lib/gcc/arm-nacl/4.8.1/../../../../arm-nacl/lib/libcrt_common.a(lib_a-strncpy.o)
 .bss           0x10033fe8        0x0 /home/tx/workspace/nacl_sdk/pepper_29/toolchain/linux_arm_newlib/bin/../lib/gcc/arm-nacl/4.8.1/../../../../arm-nacl/lib/libcrt_common.a(lib_a-strtol.o)
 .bss           0x10033fe8        0x0 /home/tx/workspace/nacl_sdk/pepper_29/toolchain/linux_arm_newlib/bin/../lib/gcc/arm-nacl/4.8.1/../../../../arm-nacl/lib/libcrt_common.a(lib_a-wbuf.o)
 .bss           0x10033fe8        0x0 /home/tx/workspace/nacl_sdk/pepper_29/toolchain/linux_arm_newlib/bin/../lib/gcc/arm-nacl/4.8.1/../../../../arm-nacl/lib/libcrt_common.a(lib_a-wcsnrtombs.o)
 .bss           0x10033fe8        0x0 /home/tx/workspace/nacl_sdk/pepper_29/toolchain/linux_arm_newlib/bin/../lib/gcc/arm-nacl/4.8.1/../../../../arm-nacl/lib/libcrt_common.a(lib_a-writer.o)
 .bss           0x10033fe8        0x0 /home/tx/workspace/nacl_sdk/pepper_29/toolchain/linux_arm_newlib/bin/../lib/gcc/arm-nacl/4.8.1/../../../../arm-nacl/lib/libcrt_common.a(lib_a-__atexit.o)
 .bss           0x10033fe8        0x0 /home/tx/workspace/nacl_sdk/pepper_29/toolchain/linux_arm_newlib/bin/../lib/gcc/arm-nacl/4.8.1/../../../../arm-nacl/lib/libcrt_common.a(lib_a-closer.o)
 .bss           0x10033fe8        0x0 /home/tx/workspace/nacl_sdk/pepper_29/toolchain/linux_arm_newlib/bin/../lib/gcc/arm-nacl/4.8.1/../../../../arm-nacl/lib/libcrt_common.a(lib_a-ctype_.o)
 .bss           0x10033fe8        0x0 /home/tx/workspace/nacl_sdk/pepper_29/toolchain/linux_arm_newlib/bin/../lib/gcc/arm-nacl/4.8.1/../../../../arm-nacl/lib/libcrt_common.a(lib_a-fclose.o)
 .bss           0x10033fe8        0x0 /home/tx/workspace/nacl_sdk/pepper_29/toolchain/linux_arm_newlib/bin/../lib/gcc/arm-nacl/4.8.1/../../../../arm-nacl/lib/libcrt_common.a(lib_a-fstatr.o)
 .bss           0x10033fe8        0x0 /home/tx/workspace/nacl_sdk/pepper_29/toolchain/linux_arm_newlib/bin/../lib/gcc/arm-nacl/4.8.1/../../../../arm-nacl/lib/libcrt_common.a(lib_a-isattyr.o)
 .bss           0x10033fe8        0x0 /home/tx/workspace/nacl_sdk/pepper_29/toolchain/linux_arm_newlib/bin/../lib/gcc/arm-nacl/4.8.1/../../../../arm-nacl/lib/libcrt_common.a(lib_a-lseekr.o)
 .bss           0x10033fe8        0x0 /home/tx/workspace/nacl_sdk/pepper_29/toolchain/linux_arm_newlib/bin/../lib/gcc/arm-nacl/4.8.1/../../../../arm-nacl/lib/libcrt_common.a(lib_a-readr.o)
 .bss           0x10033fe8        0x0 /home/tx/workspace/nacl_sdk/pepper_29/toolchain/linux_arm_newlib/bin/../lib/gcc/arm-nacl/4.8.1/../../../../arm-nacl/lib/libcrt_common.a(lib_a-reent.o)
 .bss           0x10033fe8        0x0 /home/tx/workspace/nacl_sdk/pepper_29/toolchain/linux_arm_newlib/bin/../lib/gcc/arm-nacl/4.8.1/../../../../arm-nacl/lib/libcrt_common.a(lib_a-isatty.o)
 .bss           0x10033fe8        0x0 /home/tx/workspace/nacl_sdk/pepper_29/toolchain/linux_arm_newlib/bin/../lib/gcc/arm-nacl/4.8.1/../../../../arm-nacl/lib/libcrt_common.a(lib_a-_isatty.o)
 .bss           0x10033fe8        0x0 /home/tx/workspace/nacl_sdk/pepper_29/toolchain/linux_arm_newlib/bin/../lib/gcc/arm-nacl/4.8.1/../../../../arm-nacl/lib/libcrt_common.a(lib_a-errno.o)
 .bss           0x10033fe8        0x0 /home/tx/workspace/nacl_sdk/pepper_29/toolchain/linux_arm_newlib/bin/../lib/gcc/arm-nacl/4.8.1/../../../../arm-nacl/lib/libnacl.a(nacl_irt.o)
 .bss           0x10033fe8        0x0 /home/tx/workspace/nacl_sdk/pepper_29/toolchain/linux_arm_newlib/bin/../lib/gcc/arm-nacl/4.8.1/../../../../arm-nacl/lib/libnacl.a(close.o)
 .bss           0x10033fe8        0x0 /home/tx/workspace/nacl_sdk/pepper_29/toolchain/linux_arm_newlib/bin/../lib/gcc/arm-nacl/4.8.1/../../../../arm-nacl/lib/libnacl.a(_exit.o)