Archive member included because of file (symbol)

/home/tx/workspace/nacl_sdk/pepper_29/toolchain/linux_x86_newlib/bin/../lib/gcc/x86_64-nacl/4.4.3/../../../../x86_64-nacl/lib/../lib64/libppapi_stub.a(plugin_main_irt.o)
                              (main)
/home/tx/workspace/nacl_sdk/pepper_29/toolchain/linux_x86_newlib/bin/../lib/gcc/x86_64-nacl/4.4.3/../../../../x86_64-nacl/lib/../lib64/libppapi_stub.a(ppapi_plugin_main.o)
                              /home/tx/workspace/nacl_sdk/pepper_29/toolchain/linux_x86_newlib/bin/../lib/gcc/x86_64-nacl/4.4.3/../../../../x86_64-nacl/lib/../lib64/libppapi_stub.a(plugin_main_irt.o) (PpapiPluginMain)
/home/tx/workspace/nacl_sdk/pepper_29/toolchain/linux_x86_newlib/bin/../lib/gcc/x86_64-nacl/4.4.3/../../../../x86_64-nacl/lib/../lib64/libppapi_stub.a(ppapi_plugin_start.o)
                              /home/tx/workspace/nacl_sdk/pepper_29/toolchain/linux_x86_newlib/bin/../lib/gcc/x86_64-nacl/4.4.3/../../../../x86_64-nacl/lib/../lib64/libppapi_stub.a(ppapi_plugin_main.o) (PpapiPluginStart)
/home/tx/workspace/nacl_sdk/pepper_29/toolchain/linux_x86_newlib/bin/../lib/gcc/x86_64-nacl/4.4.3/../../../../x86_64-nacl/lib/../lib64/libppapi_stub.a(thread_creator.o)
                              /home/tx/workspace/nacl_sdk/pepper_29/toolchain/linux_x86_newlib/bin/../lib/gcc/x86_64-nacl/4.4.3/../../../../x86_64-nacl/lib/../lib64/libppapi_stub.a(ppapi_plugin_start.o) (__nacl_register_thread_creator)
/home/tx/workspace/nacl_sdk/pepper_29/toolchain/linux_x86_newlib/bin/../lib/gcc/x86_64-nacl/4.4.3/../../../../x86_64-nacl/lib/../lib64/libpthread.a(nc_thread.o)
                              /home/tx/workspace/nacl_sdk/pepper_29/toolchain/linux_x86_newlib/bin/../lib/gcc/x86_64-nacl/4.4.3/../../../../x86_64-nacl/lib/../lib64/libppapi_stub.a(thread_creator.o) (pthread_join)
/home/tx/workspace/nacl_sdk/pepper_29/toolchain/linux_x86_newlib/bin/../lib/gcc/x86_64-nacl/4.4.3/../../../../x86_64-nacl/lib/../lib64/libpthread.a(nc_mutex.o)
                              /home/tx/workspace/nacl_sdk/pepper_29/toolchain/linux_x86_newlib/bin/../lib/gcc/x86_64-nacl/4.4.3/../../../../x86_64-nacl/lib/../lib64/libpthread.a(nc_thread.o) (pthread_mutex_init)
/home/tx/workspace/nacl_sdk/pepper_29/toolchain/linux_x86_newlib/bin/../lib/gcc/x86_64-nacl/4.4.3/../../../../x86_64-nacl/lib/../lib64/libpthread.a(nc_condvar.o)
                              /home/tx/workspace/nacl_sdk/pepper_29/toolchain/linux_x86_newlib/bin/../lib/gcc/x86_64-nacl/4.4.3/../../../../x86_64-nacl/lib/../lib64/libpthread.a(nc_thread.o) (pthread_cond_init)
/home/tx/workspace/nacl_sdk/pepper_29/toolchain/linux_x86_newlib/bin/../lib/gcc/x86_64-nacl/4.4.3/../../../../x86_64-nacl/lib/../lib64/libpthread.a(nc_init_irt.o)
                              /home/tx/workspace/nacl_sdk/pepper_29/toolchain/linux_x86_newlib/bin/../lib/gcc/x86_64-nacl/4.4.3/../../../../x86_64-nacl/lib/../lib64/libpthread.a(nc_thread.o) (__nc_initialize_interfaces)
/home/tx/workspace/nacl_sdk/pepper_29/toolchain/linux_x86_newlib/bin/../lib/gcc/x86_64-nacl/4.4.3/../../../../x86_64-nacl/lib/../lib64/libpthread.a(dynamic_annotations.o)
                              /home/tx/workspace/nacl_sdk/pepper_29/toolchain/linux_x86_newlib/bin/../lib/gcc/x86_64-nacl/4.4.3/../../../../x86_64-nacl/lib/../lib64/libpthread.a(nc_thread.o) (NACL_AnnotateCondVarWait)
/home/tx/workspace/nacl_sdk/pepper_29/toolchain/linux_x86_newlib/bin/../lib/gcc/x86_64-nacl/4.4.3/../../../../x86_64-nacl/lib/../lib64/libpthread.a(futex.o)
                              /home/tx/workspace/nacl_sdk/pepper_29/toolchain/linux_x86_newlib/bin/../lib/gcc/x86_64-nacl/4.4.3/../../../../x86_64-nacl/lib/../lib64/libpthread.a(nc_mutex.o) (__nc_futex_wake)
/home/tx/workspace/nacl_sdk/pepper_29/toolchain/linux_x86_newlib/bin/../lib/gcc/x86_64-nacl/4.4.3/../../../../x86_64-nacl/lib/../lib64/libcrt_common.a(lib_a-assert.o)
                              /home/tx/workspace/nacl_sdk/pepper_29/toolchain/linux_x86_newlib/bin/../lib/gcc/x86_64-nacl/4.4.3/../../../../x86_64-nacl/lib/../lib64/libpthread.a(futex.o) (__assert_func)
/home/tx/workspace/nacl_sdk/pepper_29/toolchain/linux_x86_newlib/bin/../lib/gcc/x86_64-nacl/4.4.3/../../../../x86_64-nacl/lib/../lib64/libcrt_common.a(lib_a-environ.o)
                              /home/tx/workspace/nacl_sdk/pepper_29/toolchain/linux_x86_newlib/bin/../lib/gcc/x86_64-nacl/4.4.3/../../../../x86_64-nacl/lib/../lib64/libppapi_stub.a(ppapi_plugin_start.o) (environ)
/home/tx/workspace/nacl_sdk/pepper_29/toolchain/linux_x86_newlib/bin/../lib/gcc/x86_64-nacl/4.4.3/../../../../x86_64-nacl/lib/../lib64/libcrt_common.a(lib_a-exit.o)
                              (exit)
/home/tx/workspace/nacl_sdk/pepper_29/toolchain/linux_x86_newlib/bin/../lib/gcc/x86_64-nacl/4.4.3/../../../../x86_64-nacl/lib/../lib64/libcrt_common.a(lib_a-fiprintf.o)
[...]
Memory Configuration

Name             Origin             Length             Attributes
*default*        0x0000000000000000 0xffffffffffffffff

Linker script and memory map

LOAD /home/tx/workspace/nacl_sdk/pepper_29/toolchain/linux_x86_newlib/bin/../lib/gcc/x86_64-nacl/4.4.3/../../../../x86_64-nacl/lib/../lib64/crt1.o
LOAD /home/tx/workspace/nacl_sdk/pepper_29/toolchain/linux_x86_newlib/bin/../lib/gcc/x86_64-nacl/4.4.3/../../../../x86_64-nacl/lib/../lib64/crti.o
LOAD /home/tx/workspace/nacl_sdk/pepper_29/toolchain/linux_x86_newlib/bin/../lib/gcc/x86_64-nacl/4.4.3/crtbegin.o
LOAD newlib/Debug/tmp_x86_64.o
LOAD /home/tx/workspace/nacl_sdk/pepper_29/toolchain/linux_x86_newlib/bin/../lib/gcc/x86_64-nacl/4.4.3/../../../../x86_64-nacl/lib/../lib64/libppapi.a
LOAD /home/tx/workspace/nacl_sdk/pepper_29/toolchain/linux_x86_newlib/bin/../lib/gcc/x86_64-nacl/4.4.3/../../../../x86_64-nacl/lib/../lib64/libppapi_stub.a
LOAD /home/tx/workspace/nacl_sdk/pepper_29/toolchain/linux_x86_newlib/bin/../lib/gcc/x86_64-nacl/4.4.3/../../../../x86_64-nacl/lib/../lib64/libpthread.a
LOAD /home/tx/workspace/nacl_sdk/pepper_29/toolchain/linux_x86_newlib/bin/../lib/gcc/x86_64-nacl/4.4.3/../../../../x86_64-nacl/lib/../lib64/libstdc++.a
LOAD /home/tx/workspace/nacl_sdk/pepper_29/toolchain/linux_x86_newlib/bin/../lib/gcc/x86_64-nacl/4.4.3/../../../../x86_64-nacl/lib/../lib64/libm.a
LOAD /home/tx/workspace/nacl_sdk/pepper_29/toolchain/linux_x86_newlib/bin/../lib/gcc/x86_64-nacl/4.4.3/libgcc.a
LOAD /home/tx/workspace/nacl_sdk/pepper_29/toolchain/linux_x86_newlib/bin/../lib/gcc/x86_64-nacl/4.4.3/../../../../x86_64-nacl/lib/../lib64/libc.a
START GROUP
LOAD /home/tx/workspace/nacl_sdk/pepper_29/toolchain/linux_x86_newlib/bin/../lib/gcc/x86_64-nacl/4.4.3/../../../../x86_64-nacl/lib/../lib64/libcrt_common.a
LOAD /home/tx/workspace/nacl_sdk/pepper_29/toolchain/linux_x86_newlib/bin/../lib/gcc/x86_64-nacl/4.4.3/../../../../x86_64-nacl/lib/../lib64/libnacl.a
END GROUP
LOAD /home/tx/workspace/nacl_sdk/pepper_29/toolchain/linux_x86_newlib/bin/../lib/gcc/x86_64-nacl/4.4.3/libgcc.a
LOAD /home/tx/workspace/nacl_sdk/pepper_29/toolchain/linux_x86_newlib/bin/../lib/gcc/x86_64-nacl/4.4.3/crtend.o
LOAD /home/tx/workspace/nacl_sdk/pepper_29/toolchain/linux_x86_newlib/bin/../lib/gcc/x86_64-nacl/4.4.3/../../../../x86_64-nacl/lib/../lib64/crtn.o
                0x0000000000020000                PROVIDE (__executable_start, 0x20000)
                0x0000000000020000                . = 0x20000

.interp
 *(.interp)

.hash
 *(.hash)

.gnu.hash
 *(.gnu.hash)

.dynsym
 *(.dynsym)

.dynstr
 *(.dynstr)

.gnu.version
 *(.gnu.version)

.gnu.version_d
 *(.gnu.version_d)

.gnu.version_r
 *(.gnu.version_r)

.rela.init
 *(.rela.init)

.rela.text      0x0000000000020000        0x0
 *(.rela.text .rela.text.* .rela.gnu.linkonce.t.*)
 .rela.text     0x0000000000000000        0x0 /home/tx/workspace/nacl_sdk/pepper_29/toolchain/linux_x86_newlib/bin/../lib/gcc/x86_64-nacl/4.4.3/crtbegin.o

.rela.fini
 *(.rela.fini)

.rela.rodata
 *(.rela.rodata .rela.rodata.* .rela.gnu.linkonce.r.*)

.rela.data.rel.ro
 *(.rela.data.rel.ro* .rela.gnu.linkonce.d.rel.ro.*)

.rela.data
 *(.rela.data .rela.data.* .rela.gnu.linkonce.d.*)

.rela.tdata
 *(.rela.tdata .rela.tdata.* .rela.gnu.linkonce.td.*)

.rela.tbss
 *(.rela.tbss .rela.tbss.* .rela.gnu.linkonce.tb.*)

.rela.ctors
 *(.rela.ctors)

.rela.dtors
 *(.rela.dtors)

.rela.got       0x0000000000020000        0x0
 *(.rela.got)
 .rela.got      0x0000000000000000        0x0 /home/tx/workspace/nacl_sdk/pepper_29/toolchain/linux_x86_newlib/bin/../lib/gcc/x86_64-nacl/4.4.3/crtbegin.o

.rela.bss
 *(.rela.bss .rela.bss.* .rela.gnu.linkonce.b.*)

.rela.ldata
 *(.rela.ldata .rela.ldata.* .rela.gnu.linkonce.l.*)

.rela.lbss
 *(.rela.lbss .rela.lbss.* .rela.gnu.linkonce.lb.*)

.rela.lrodata
 *(.rela.lrodata .rela.lrodata.* .rela.gnu.linkonce.lr.*)

.rela.ifunc
 *(.rela.ifunc)

.rela.plt       0x0000000000020000        0x0
 *(.rela.plt)
                0x0000000000020000                PROVIDE (__rela_iplt_start, .)
 *(.rela.iplt)
 .rela.iplt     0x0000000000000000        0x0 /home/tx/workspace/nacl_sdk/pepper_29/toolchain/linux_x86_newlib/bin/../lib/gcc/x86_64-nacl/4.4.3/crtbegin.o
                0x0000000000020000                PROVIDE (__rela_iplt_end, .)

.init           0x0000000000020000       0x80
 *(.init)
 .init          0x0000000000020000       0x20 /home/tx/workspace/nacl_sdk/pepper_29/toolchain/linux_x86_newlib/bin/../lib/gcc/x86_64-nacl/4.4.3/../../../../x86_64-nacl/lib/../lib64/crti.o
                0x0000000000020000                _init
 .init          0x0000000000020020       0x20 /home/tx/workspace/nacl_sdk/pepper_29/toolchain/linux_x86_newlib/bin/../lib/gcc/x86_64-nacl/4.4.3/crtbegin.o
 .init          0x0000000000020040       0x20 /home/tx/workspace/nacl_sdk/pepper_29/toolchain/linux_x86_newlib/bin/../lib/gcc/x86_64-nacl/4.4.3/crtend.o
 .init          0x0000000000020060       0x20 /home/tx/workspace/nacl_sdk/pepper_29/toolchain/linux_x86_newlib/bin/../lib/gcc/x86_64-nacl/4.4.3/../../../../x86_64-nacl/lib/../lib64/crtn.o

.plt            0x0000000000020080        0x0
 *(.plt)
 *(.iplt)
 .iplt          0x0000000000000000        0x0 /home/tx/workspace/nacl_sdk/pepper_29/toolchain/linux_x86_newlib/bin/../lib/gcc/x86_64-nacl/4.4.3/crtbegin.o

.text           0x0000000000020080    0x22960
 *(.text .stub .text.* .gnu.linkonce.t.*)
 .text          0x0000000000020080        0x0 /home/tx/workspace/nacl_sdk/pepper_29/toolchain/linux_x86_newlib/bin/../lib/gcc/x86_64-nacl/4.4.3/../../../../x86_64-nacl/lib/../lib64/crti.o
 .text          0x0000000000020080      0x160 /home/tx/workspace/nacl_sdk/pepper_29/toolchain/linux_x86_newlib/bin/../lib/gcc/x86_64-nacl/4.4.3/crtbegin.o
 .text          0x00000000000201e0      0x7e0 newlib/Debug/tmp_x86_64.o
                0x0000000000020340                VarToCharPoint
                0x0000000000020840                PPP_InitializeModule
                0x00000000000208e0                PPP_GetInterface
                0x00000000000209a0                PPP_ShutdownModule
 .text          0x00000000000209c0       0x20 /home/tx/workspace/nacl_sdk/pepper_29/toolchain/linux_x86_newlib/bin/../lib/gcc/x86_64-nacl/4.4.3/../../../../x86_64-nacl/lib/../lib64/libppapi_stub.a(plugin_main_irt.o)
                0x00000000000209c0                main
 .text          0x00000000000209e0       0x20 /home/tx/workspace/nacl_sdk/pepper_29/toolchain/linux_x86_newlib/bin/../lib/gcc/x86_64-nacl/4.4.3/../../../../x86_64-nacl/lib/../lib64/libppapi_stub.a(ppapi_plugin_main.o)
                0x00000000000209e0                PpapiPluginMain
 .text          0x0000000000020a00      0x1e0 /home/tx/workspace/nacl_sdk/pepper_29/toolchain/linux_x86_newlib/bin/../lib/gcc/x86_64-nacl/4.4.3/../../../../x86_64-nacl/lib/../lib64/libppapi_stub.a(ppapi_plugin_start.o)
                0x0000000000020a60                PpapiPluginStart
 .text          0x0000000000020be0       0x60 /home/tx/workspace/nacl_sdk/pepper_29/toolchain/linux_x86_newlib/bin/../lib/gcc/x86_64-nacl/4.4.3/../../../../x86_64-nacl/lib/../lib64/libppapi_stub.a(thread_creator.o)
                0x0000000000020be0                __nacl_register_thread_creator
 .text          0x0000000000020c40     0x2000 /home/tx/workspace/nacl_sdk/pepper_29/toolchain/linux_x86_newlib/bin/../lib/gcc/x86_64-nacl/4.4.3/../../../../x86_64-nacl/lib/../lib64/libpthread.a(nc_thread.o)
                0x0000000000020c40                pthread_kill
                0x0000000000020c60                pthread_equal
                0x0000000000020c80                pthread_attr_init
                0x0000000000020ce0                pthread_attr_destroy
                0x0000000000020d00                pthread_attr_setdetachstate
                0x0000000000020d40                pthread_attr_getdetachstate
                0x0000000000020d80                pthread_attr_setstacksize
                0x0000000000020e00                pthread_attr_getstacksize
                0x0000000000020e40                pthread_getspecific
                0x0000000000020f20                __nc_tsd_exit
                0x00000000000211c0                pthread_cleanup_pop
                0x00000000000212a0                pthread_setspecific
                0x0000000000021400                pthread_key_delete
                0x00000000000214a0                pthread_key_create
                0x0000000000021540                __local_lock_release
                0x0000000000021580                __local_lock_release_recursive
                0x00000000000215a0                __local_lock_try_acquire
                0x00000000000215e0                __local_lock_try_acquire_recursive
                0x0000000000021600                __local_lock_acquire
                0x0000000000021640                __local_lock_acquire_recursive
                0x0000000000021660                __local_lock_close
                0x00000000000216a0                __local_lock_close_recursive
                0x00000000000216c0                __local_lock_init_recursive
                0x0000000000021740                __local_lock_init
                0x00000000000217c0                pthread_self
                0x0000000000021800                pthread_setschedprio
                0x00000000000218e0                pthread_detach
                0x00000000000219c0                pthread_join
                0x0000000000021ba0                pthread_exit
                0x0000000000022040                pthread_cleanup_push
                0x00000000000224c0                pthread_create
                0x0000000000022a40                __nc_initialize_globals
                0x0000000000022ba0                __pthread_initialize
 .text          0x0000000000022c40      0x6a0 /home/tx/workspace/nacl_sdk/pepper_29/toolchain/linux_x86_newlib/bin/../lib/gcc/x86_64-nacl/4.4.3/../../../../x86_64-nacl/lib/../lib64/libpthread.a(nc_mutex.o)
                0x0000000000022c40                pthread_mutex_init
                0x0000000000022cc0                pthread_mutex_destroy
                0x0000000000022d40                pthread_mutexattr_init
                0x0000000000022d60                pthread_mutexattr_destroy
                0x0000000000022d80                pthread_mutexattr_settype
                0x0000000000022dc0                pthread_mutexattr_gettype
                0x0000000000022de0                pthread_mutex_unlock
                0x0000000000023160                pthread_mutex_lock
                0x0000000000023180                pthread_once
                0x00000000000232c0                pthread_mutex_trylock
 .text          0x00000000000232e0      0x1e0 /home/tx/workspace/nacl_sdk/pepper_29/toolchain/linux_x86_newlib/bin/../lib/gcc/x86_64-nacl/4.4.3/../../../../x86_64-nacl/lib/../lib64/libpthread.a(nc_condvar.o)
                0x00000000000232e0                pthread_cond_init
                0x0000000000023300                pthread_cond_destroy
                0x0000000000023320                pthread_cond_timedwait_abs
                0x0000000000023420                pthread_cond_wait
                0x0000000000023480                pthread_cond_broadcast
                0x00000000000234a0                pthread_cond_signal
 .text          0x00000000000234c0       0x80 /home/tx/workspace/nacl_sdk/pepper_29/toolchain/linux_x86_newlib/bin/../lib/gcc/x86_64-nacl/4.4.3/../../../../x86_64-nacl/lib/../lib64/libpthread.a(nc_init_irt.o)
                0x00000000000234c0                __nc_initialize_interfaces
 .text          0x0000000000023540      0x560 /home/tx/workspace/nacl_sdk/pepper_29/toolchain/linux_x86_newlib/bin/../lib/gcc/x86_64-nacl/4.4.3/../../../../x86_64-nacl/lib/../lib64/libpthread.a(dynamic_annotations.o)
                0x0000000000023540                NACL_AnnotateRWLockCreate
                0x0000000000023560                NACL_AnnotateRWLockDestroy
                0x0000000000023580                NACL_AnnotateRWLockAcquired
                0x00000000000235a0                NACL_AnnotateRWLockReleased
                0x00000000000235c0                NACL_AnnotateBarrierInit
                0x00000000000235e0                NACL_AnnotateBarrierWaitBefore
                0x0000000000023600                NACL_AnnotateBarrierWaitAfter
                0x0000000000023620                NACL_AnnotateBarrierDestroy
                0x0000000000023640                NACL_AnnotateCondVarWait
                0x0000000000023660                NACL_AnnotateCondVarSignal
                0x0000000000023680                NACL_AnnotateCondVarSignalAll
                0x00000000000236a0                NACL_AnnotateHappensBefore
                0x00000000000236c0                NACL_AnnotateHappensAfter
                0x00000000000236e0                NACL_AnnotatePublishMemoryRange
                0x0000000000023700                NACL_AnnotateUnpublishMemoryRange
                0x0000000000023720                NACL_AnnotatePCQCreate
                0x0000000000023740                NACL_AnnotatePCQDestroy
                0x0000000000023760                NACL_AnnotatePCQPut
                0x0000000000023780                NACL_AnnotatePCQGet
                0x00000000000237a0                NACL_AnnotateNewMemory
                0x00000000000237c0                NACL_AnnotateExpectRace
                0x00000000000237e0                NACL_AnnotateFlushExpectedRaces
                0x0000000000023800                NACL_AnnotateBenignRace
                0x0000000000023820                NACL_AnnotateBenignRaceSized
                0x0000000000023840                NACL_AnnotateMutexIsUsedAsCondVar
                0x0000000000023860                NACL_AnnotateMutexIsNotPHB
                0x0000000000023880                NACL_AnnotateTraceMemory
                0x00000000000238a0                NACL_AnnotateThreadName
                0x00000000000238c0                NACL_AnnotateIgnoreReadsBegin
                0x00000000000238e0                NACL_AnnotateIgnoreReadsEnd
                0x0000000000023900                NACL_AnnotateIgnoreWritesBegin
                0x0000000000023920                NACL_AnnotateIgnoreWritesEnd
                0x0000000000023940                NACL_AnnotateIgnoreSyncBegin
                0x0000000000023960                NACL_AnnotateIgnoreSyncEnd
                0x0000000000023980                NACL_AnnotateEnableRaceDetection
                0x00000000000239a0                NACL_AnnotateNoOp
                0x00000000000239c0                NACL_AnnotateFlushState
                0x00000000000239e0                RunningOnValgrind
 .text          0x0000000000023aa0      0x780 /home/tx/workspace/nacl_sdk/pepper_29/toolchain/linux_x86_newlib/bin/../lib/gcc/x86_64-nacl/4.4.3/../../../../x86_64-nacl/lib/../lib64/libpthread.a(futex.o)
                0x0000000000023aa0                __nc_futex_wake
                0x0000000000023c80                __nc_futex_wait
                0x0000000000024060                __nc_futex_thread_exit
                0x0000000000024180                __nc_futex_init
 .text          0x0000000000024220      0x100 /home/tx/workspace/nacl_sdk/pepper_29/toolchain/linux_x86_newlib/bin/../lib/gcc/x86_64-nacl/4.4.3/../../../../x86_64-nacl/lib/../lib64/libcrt_common.a(lib_a-assert.o)
                0x0000000000024220                __assert_func
                0x0000000000024300                __assert
 .text          0x0000000000024320        0x0 /home/tx/workspace/nacl_sdk/pepper_29/toolchain/linux_x86_newlib/bin/../lib/gcc/x86_64-nacl/4.4.3/../../../../x86_64-nacl/lib/../lib64/libcrt_common.a(lib_a-environ.o)
 .text          0x0000000000024320       0x60 /home/tx/workspace/nacl_sdk/pepper_29/toolchain/linux_x86_newlib/bin/../lib/gcc/x86_64-nacl/4.4.3/../../../../x86_64-nacl/lib/../lib64/libcrt_common.a(lib_a-exit.o)
                0x0000000000024320                exit
 .text          0x0000000000024380      0x1e0 /home/tx/workspace/nacl_sdk/pepper_29/toolchain/linux_x86_newlib/bin/../lib/gcc/x86_64-nacl/4.4.3/../../../../x86_64-nacl/lib/../lib64/libcrt_common.a(lib_a-fiprintf.o)
                0x0000000000024380                fiprintf
                0x00000000000244a0                _fiprintf_r
 .text          0x0000000000024560       0xc0 /home/tx/workspace/nacl_sdk/pepper_29/toolchain/linux_x86_newlib/bin/../lib/gcc/x86_64-nacl/4.4.3/../../../../x86_64-nacl/lib/../lib64/libcrt_common.a(lib_a-getenv.o)
                0x0000000000024560                getenv
                0x00000000000245c0                _findenv
 .text          0x0000000000024620      0x200 /home/tx/workspace/nacl_sdk/pepper_29/toolchain/linux_x86_newlib/bin/../lib/gcc/x86_64-nacl/4.4.3/../../../../x86_64-nacl/lib/../lib64/libcrt_common.a(lib_a-getenv_r.o)
                0x0000000000024620                _findenv_r
                0x00000000000247e0                _getenv_r
 .text          0x0000000000024820       0x80 /home/tx/workspace/nacl_sdk/pepper_29/toolchain/linux_x86_newlib/bin/../lib/gcc/x86_64-nacl/4.4.3/../../../../x86_64-nacl/lib/../lib64/libcrt_common.a(lib_a-impure.o)
                0x0000000000024820                __newlib_thread_init
                0x0000000000024880                __newlib_thread_exit
 .text          0x00000000000248a0      0x200 /home/tx/workspace/nacl_sdk/pepper_29/toolchain/linux_x86_newlib/bin/../lib/gcc/x86_64-nacl/4.4.3/../../../../x86_64-nacl/lib/../lib64/libcrt_common.a(lib_a-memcpy.o)
                0x00000000000248a0                memcpy
 .text          0x0000000000024aa0       0xe0 /home/tx/workspace/nacl_sdk/pepper_29/toolchain/linux_x86_newlib/bin/../lib/gcc/x86_64-nacl/4.4.3/../../../../x86_64-nacl/lib/../lib64/libcrt_common.a(lib_a-strcat.o)
                0x0000000000024aa0                strcat
 .text          0x0000000000024b80      0x100 /home/tx/workspace/nacl_sdk/pepper_29/toolchain/linux_x86_newlib/bin/../lib/gcc/x86_64-nacl/4.4.3/../../../../x86_64-nacl/lib/../lib64/libcrt_common.a(lib_a-strcmp.o)
                0x0000000000024b80                strcmp
 .text          0x0000000000024c80       0xc0 /home/tx/workspace/nacl_sdk/pepper_29/toolchain/linux_x86_newlib/bin/../lib/gcc/x86_64-nacl/4.4.3/../../../../x86_64-nacl/lib/../lib64/libcrt_common.a(lib_a-strcpy.o)
                0x0000000000024c80                strcpy
 .text          0x0000000000024d40      0x140 /home/tx/workspace/nacl_sdk/pepper_29/toolchain/linux_x86_newlib/bin/../lib/gcc/x86_64-nacl/4.4.3/../../../../x86_64-nacl/lib/../lib64/libcrt_common.a(lib_a-strlen.o)
                0x0000000000024d40                strlen
 .text          0x0000000000024e80      0x120 /home/tx/workspace/nacl_sdk/pepper_29/toolchain/linux_x86_newlib/bin/../lib/gcc/x86_64-nacl/4.4.3/../../../../x86_64-nacl/lib/../lib64/libcrt_common.a(lib_a-strncmp.o)
                0x0000000000024e80                strncmp
 .text          0x0000000000024fa0     0x3580 /home/tx/workspace/nacl_sdk/pepper_29/toolchain/linux_x86_newlib/bin/../lib/gcc/x86_64-nacl/4.4.3/../../../../x86_64-nacl/lib/../lib64/libcrt_common.a(lib_a-vfiprintf.o)
                0x0000000000024fa0                __sprint_r
                0x00000000000251a0                _vfiprintf_r
                0x00000000000284a0                vfiprintf
 .text          0x0000000000028520      0x360 /home/tx/workspace/nacl_sdk/pepper_29/toolchain/linux_x86_newlib/bin/../lib/gcc/x86_64-nacl/4.4.3/../../../../x86_64-nacl/lib/../lib64/libcrt_common.a(lib_a-wcrtomb.o)
                0x0000000000028520                wcrtomb
                0x0000000000028740                _wcrtomb_r
 .text          0x0000000000028880       0xc0 /home/tx/workspace/nacl_sdk/pepper_29/toolchain/linux_x86_newlib/bin/../lib/gcc/x86_64-nacl/4.4.3/../../../../x86_64-nacl/lib/../lib64/libcrt_common.a(lib_a-wcsrtombs.o)
                0x0000000000028880                wcsrtombs
                0x0000000000028920                _wcsrtombs_r
 .text          0x0000000000028940      0x5e0 /home/tx/workspace/nacl_sdk/pepper_29/toolchain/linux_x86_newlib/bin/../lib/gcc/x86_64-nacl/4.4.3/../../../../x86_64-nacl/lib/../lib64/libcrt_common.a(lib_a-wctomb_r.o)
                0x0000000000028940                __ascii_wctomb
                0x00000000000289a0                __utf8_wctomb
                0x0000000000028b40                __sjis_wctomb
                0x0000000000028c20                __eucjp_wctomb
                0x0000000000028d60                __jis_wctomb
                0x0000000000028ea0                _wctomb_r
 .text          0x0000000000028f20      0x2e0 /home/tx/workspace/nacl_sdk/pepper_29/toolchain/linux_x86_newlib/bin/../lib/gcc/x86_64-nacl/4.4.3/../../../../x86_64-nacl/lib/../lib64/libcrt_common.a(lib_a-wsetup.o)
                0x0000000000028f20                __swsetup_r
 .text          0x0000000000029200       0x20 /home/tx/workspace/nacl_sdk/pepper_29/toolchain/linux_x86_newlib/bin/../lib/gcc/x86_64-nacl/4.4.3/../../../../x86_64-nacl/lib/../lib64/libcrt_common.a(lib_a-abort.o)
                0x0000000000029200                abort
 .text          0x0000000000029220      0x380 /home/tx/workspace/nacl_sdk/pepper_29/toolchain/linux_x86_newlib/bin/../lib/gcc/x86_64-nacl/4.4.3/../../../../x86_64-nacl/lib/../lib64/libcrt_common.a(lib_a-__call_atexit.o)
                0x0000000000029220                __call_exitprocs
 .text          0x00000000000295a0       0x40 /home/tx/workspace/nacl_sdk/pepper_29/toolchain/linux_x86_newlib/bin/../lib/gcc/x86_64-nacl/4.4.3/../../../../x86_64-nacl/lib/../lib64/libcrt_common.a(lib_a-envlock.o)
                0x00000000000295a0                __env_unlock
                0x00000000000295c0                __env_lock
 .text          0x00000000000295e0      0x5c0 /home/tx/workspace/nacl_sdk/pepper_29/toolchain/linux_x86_newlib/bin/../lib/gcc/x86_64-nacl/4.4.3/../../../../x86_64-nacl/lib/../lib64/libcrt_common.a(lib_a-fflush.o)
                0x00000000000295e0                __sflush_r
                0x0000000000029a00                _fflush_r
                0x0000000000029b40                fflush
 .text          0x0000000000029ba0      0x7e0 /home/tx/workspace/nacl_sdk/pepper_29/toolchain/linux_x86_newlib/bin/../lib/gcc/x86_64-nacl/4.4.3/../../../../x86_64-nacl/lib/../lib64/libcrt_common.a(lib_a-findfp.o)
                0x0000000000029ba0                _cleanup_r
                0x0000000000029bc0                _cleanup
                0x0000000000029c20                __sinit_lock_release
                0x0000000000029c40                __sfp_lock_release
                0x0000000000029c60                __fp_unlock_all
                0x0000000000029d00                __sinit_lock_acquire
                0x0000000000029d20                __sfp_lock_acquire
                0x0000000000029d40                __fp_lock_all
                0x0000000000029e60                __sinit
                0x000000000002a020                __sfmoreglue
                0x000000000002a0e0                __sfp
 .text          0x000000000002a380      0x400 /home/tx/workspace/nacl_sdk/pepper_29/toolchain/linux_x86_newlib/bin/../lib/gcc/x86_64-nacl/4.4.3/../../../../x86_64-nacl/lib/../lib64/libcrt_common.a(lib_a-fputwc.o)
                0x000000000002a380                _fputwc_r
                0x000000000002a6e0                fputwc
 .text          0x000000000002a780      0x960 /home/tx/workspace/nacl_sdk/pepper_29/toolchain/linux_x86_newlib/bin/../lib/gcc/x86_64-nacl/4.4.3/../../../../x86_64-nacl/lib/../lib64/libcrt_common.a(lib_a-fvwrite.o)
                0x000000000002a780                __sfvwrite_r
 .text          0x000000000002b0e0      0x380 /home/tx/workspace/nacl_sdk/pepper_29/toolchain/linux_x86_newlib/bin/../lib/gcc/x86_64-nacl/4.4.3/../../../../x86_64-nacl/lib/../lib64/libcrt_common.a(lib_a-fwalk.o)
                0x000000000002b0e0                _fwalk_reent
                0x000000000002b260                _fwalk
 .text          0x000000000002b460     0x1840 /home/tx/workspace/nacl_sdk/pepper_29/toolchain/linux_x86_newlib/bin/../lib/gcc/x86_64-nacl/4.4.3/../../../../x86_64-nacl/lib/../lib64/libcrt_common.a(lib_a-locale.o)
                0x000000000002b460                __locale_charset
                0x000000000002b480                __locale_mb_cur_max
                0x000000000002b4a0                __locale_msgcharset
                0x000000000002b4c0                __locale_cjk_lang
                0x000000000002b4e0                _localeconv_r
                0x000000000002b500                localeconv
                0x000000000002c580                _setlocale_r
                0x000000000002cc40                setlocale
 .text          0x000000000002cca0      0x2a0 /home/tx/workspace/nacl_sdk/pepper_29/toolchain/linux_x86_newlib/bin/../lib/gcc/x86_64-nacl/4.4.3/../../../../x86_64-nacl/lib/../lib64/libcrt_common.a(lib_a-makebuf.o)
                0x000000000002cca0                __smakebuf_r
 .text          0x000000000002cf40      0xec0 /home/tx/workspace/nacl_sdk/pepper_29/toolchain/linux_x86_newlib/bin/../lib/gcc/x86_64-nacl/4.4.3/../../../../x86_64-nacl/lib/../lib64/libcrt_common.a(lib_a-mbtowc_r.o)
                0x000000000002cf40                __ascii_mbtowc
                0x000000000002cfc0                __utf8_mbtowc
                0x000000000002d660                __sjis_mbtowc
                0x000000000002d820                __eucjp_mbtowc
                0x000000000002daa0                __jis_mbtowc
                0x000000000002dd80                _mbtowc_r
 .text          0x000000000002de00      0x180 /home/tx/workspace/nacl_sdk/pepper_29/toolchain/linux_x86_newlib/bin/../lib/gcc/x86_64-nacl/4.4.3/../../../../x86_64-nacl/lib/../lib64/libcrt_common.a(lib_a-memchr.o)
                0x000000000002de00                memchr
 .text          0x000000000002df80      0x1c0 /home/tx/workspace/nacl_sdk/pepper_29/toolchain/linux_x86_newlib/bin/../lib/gcc/x86_64-nacl/4.4.3/../../../../x86_64-nacl/lib/../lib64/libcrt_common.a(lib_a-memmove.o)
                0x000000000002df80                memmove
 .text          0x000000000002e140      0x160 /home/tx/workspace/nacl_sdk/pepper_29/toolchain/linux_x86_newlib/bin/../lib/gcc/x86_64-nacl/4.4.3/../../../../x86_64-nacl/lib/../lib64/libcrt_common.a(lib_a-memset.o)
                0x000000000002e140                memset
 .text          0x000000000002e2a0      0x1e0 /home/tx/workspace/nacl_sdk/pepper_29/toolchain/linux_x86_newlib/bin/../lib/gcc/x86_64-nacl/4.4.3/../../../../x86_64-nacl/lib/../lib64/libcrt_common.a(lib_a-stdio.o)
                0x000000000002e2a0                __seofread
                0x000000000002e2c0                __sclose
                0x000000000002e2e0                __sseek
                0x000000000002e360                __swrite
                0x000000000002e420                __sread
 .text          0x000000000002e480       0xc0 /home/tx/workspace/nacl_sdk/pepper_29/toolchain/linux_x86_newlib/bin/../lib/gcc/x86_64-nacl/4.4.3/../../../../x86_64-nacl/lib/../lib64/libcrt_common.a(lib_a-strcasecmp.o)
                0x000000000002e480                strcasecmp
 .text          0x000000000002e540      0x240 /home/tx/workspace/nacl_sdk/pepper_29/toolchain/linux_x86_newlib/bin/../lib/gcc/x86_64-nacl/4.4.3/../../../../x86_64-nacl/lib/../lib64/libcrt_common.a(lib_a-strchr.o)
                0x000000000002e540                strchr
 .text          0x000000000002e780       0xe0 /home/tx/workspace/nacl_sdk/pepper_29/toolchain/linux_x86_newlib/bin/../lib/gcc/x86_64-nacl/4.4.3/../../../../x86_64-nacl/lib/../lib64/libcrt_common.a(lib_a-strlcpy.o)
                0x000000000002e780                strlcpy
 .text          0x000000000002e860       0xc0 /home/tx/workspace/nacl_sdk/pepper_29/toolchain/linux_x86_newlib/bin/../lib/gcc/x86_64-nacl/4.4.3/../../../../x86_64-nacl/lib/../lib64/libcrt_common.a(lib_a-strncasecmp.o)
                0x000000000002e860                strncasecmp
 .text          0x000000000002e920      0x1a0 /home/tx/workspace/nacl_sdk/pepper_29/toolchain/linux_x86_newlib/bin/../lib/gcc/x86_64-nacl/4.4.3/../../../../x86_64-nacl/lib/../lib64/libcrt_common.a(lib_a-strncpy.o)
                0x000000000002e920                strncpy
 .text          0x000000000002eac0      0x3e0 /home/tx/workspace/nacl_sdk/pepper_29/toolchain/linux_x86_newlib/bin/../lib/gcc/x86_64-nacl/4.4.3/../../../../x86_64-nacl/lib/../lib64/libcrt_common.a(lib_a-strtol.o)
                0x000000000002eac0                _strtol_r
                0x000000000002ee20                strtol
 .text          0x000000000002eea0      0x2c0 /home/tx/workspace/nacl_sdk/pepper_29/toolchain/linux_x86_newlib/bin/../lib/gcc/x86_64-nacl/4.4.3/../../../../x86_64-nacl/lib/../lib64/libcrt_common.a(lib_a-wbuf.o)
                0x000000000002eea0                __swbuf_r
                0x000000000002f100                __swbuf
 .text          0x000000000002f160      0x3a0 /home/tx/workspace/nacl_sdk/pepper_29/toolchain/linux_x86_newlib/bin/../lib/gcc/x86_64-nacl/4.4.3/../../../../x86_64-nacl/lib/../lib64/libcrt_common.a(lib_a-wcsnrtombs.o)
                0x000000000002f160                _wcsnrtombs_r
                0x000000000002f460                wcsnrtombs
 .text          0x000000000002f500       0x80 /home/tx/workspace/nacl_sdk/pepper_29/toolchain/linux_x86_newlib/bin/../lib/gcc/x86_64-nacl/4.4.3/../../../../x86_64-nacl/lib/../lib64/libcrt_common.a(lib_a-writer.o)
                0x000000000002f500                _write_r
 .text          0x000000000002f580      0x2e0 /home/tx/workspace/nacl_sdk/pepper_29/toolchain/linux_x86_newlib/bin/../lib/gcc/x86_64-nacl/4.4.3/../../../../x86_64-nacl/lib/../lib64/libcrt_common.a(lib_a-__atexit.o)
                0x000000000002f580                __register_exitproc
 .text          0x000000000002f860       0x80 /home/tx/workspace/nacl_sdk/pepper_29/toolchain/linux_x86_newlib/bin/../lib/gcc/x86_64-nacl/4.4.3/../../../../x86_64-nacl/lib/../lib64/libcrt_common.a(lib_a-closer.o)
                0x000000000002f860                _close_r
 .text          0x000000000002f8e0       0x20 /home/tx/workspace/nacl_sdk/pepper_29/toolchain/linux_x86_newlib/bin/../lib/gcc/x86_64-nacl/4.4.3/../../../../x86_64-nacl/lib/../lib64/libcrt_common.a(lib_a-ctype_.o)
                0x000000000002f8e0                __set_ctype
 .text          0x000000000002f900      0x320 /home/tx/workspace/nacl_sdk/pepper_29/toolchain/linux_x86_newlib/bin/../lib/gcc/x86_64-nacl/4.4.3/../../../../x86_64-nacl/lib/../lib64/libcrt_common.a(lib_a-fclose.o)
                0x000000000002f900                _fclose_r
                0x000000000002fbe0                fclose
 .text          0x000000000002fc20       0x80 /home/tx/workspace/nacl_sdk/pepper_29/toolchain/linux_x86_newlib/bin/../lib/gcc/x86_64-nacl/4.4.3/../../../../x86_64-nacl/lib/../lib64/libcrt_common.a(lib_a-fstatr.o)
                0x000000000002fc20                _fstat_r
 .text          0x000000000002fca0       0x80 /home/tx/workspace/nacl_sdk/pepper_29/toolchain/linux_x86_newlib/bin/../lib/gcc/x86_64-nacl/4.4.3/../../../../x86_64-nacl/lib/../lib64/libcrt_common.a(lib_a-isattyr.o)
                0x000000000002fca0                _isatty_r
 .text          0x000000000002fd20       0x80 /home/tx/workspace/nacl_sdk/pepper_29/toolchain/linux_x86_newlib/bin/../lib/gcc/x86_64-nacl/4.4.3/../../../../x86_64-nacl/lib/../lib64/libcrt_common.a(lib_a-lseekr.o)
                0x000000000002fd20                _lseek_r
 .text          0x000000000002fda0       0x80 /home/tx/workspace/nacl_sdk/pepper_29/toolchain/linux_x86_newlib/bin/../lib/gcc/x86_64-nacl/4.4.3/../../../../x86_64-nacl/lib/../lib64/libcrt_common.a(lib_a-readr.o)
                0x000000000002fda0                _read_r
 .text          0x000000000002fe20      0x400 /home/tx/workspace/nacl_sdk/pepper_29/toolchain/linux_x86_newlib/bin/../lib/gcc/x86_64-nacl/4.4.3/../../../../x86_64-nacl/lib/../lib64/libcrt_common.a(lib_a-reent.o)
                0x000000000002fe20                _wrapup_reent
                0x000000000002ff80                cleanup_glue
                0x000000000002ffe0                _reclaim_reent
 .text          0x0000000000030220       0x20 /home/tx/workspace/nacl_sdk/pepper_29/toolchain/linux_x86_newlib/bin/../lib/gcc/x86_64-nacl/4.4.3/../../../../x86_64-nacl/lib/../lib64/libcrt_common.a(lib_a-isatty.o)
                0x0000000000030220                isatty
 .text          0x0000000000030240       0xa0 /home/tx/workspace/nacl_sdk/pepper_29/toolchain/linux_x86_newlib/bin/../lib/gcc/x86_64-nacl/4.4.3/../../../../x86_64-nacl/lib/../lib64/libcrt_common.a(lib_a-_isatty.o)
                0x0000000000030240                _isatty
 .text          0x00000000000302e0       0x40 /home/tx/workspace/nacl_sdk/pepper_29/toolchain/linux_x86_newlib/bin/../lib/gcc/x86_64-nacl/4.4.3/../../../../x86_64-nacl/lib/../lib64/libcrt_common.a(lib_a-errno.o)
                0x00000000000302e0                __errno
 .text          0x0000000000030320      0x380 /home/tx/workspace/nacl_sdk/pepper_29/toolchain/linux_x86_newlib/bin/../lib/gcc/x86_64-nacl/4.4.3/../../../../x86_64-nacl/lib/../lib64/libnacl.a(nacl_irt.o)
                0x0000000000030340                __libnacl_irt_query
                0x0000000000030420                __libnacl_mandatory_irt_query
                0x0000000000030500                __libnacl_irt_init
 .text          0x00000000000306a0       0xa0 /home/tx/workspace/nacl_sdk/pepper_29/toolchain/linux_x86_newlib/bin/../lib/gcc/x86_64-nacl/4.4.3/../../../../x86_64-nacl/lib/../lib64/libnacl.a(close.o)
                0x00000000000306a0                close
 .text          0x0000000000030740       0x40 /home/tx/workspace/nacl_sdk/pepper_29/toolchain/linux_x86_newlib/bin/../lib/gcc/x86_64-nacl/4.4.3/../../../../x86_64-nacl/lib/../lib64/libnacl.a(_exit.o)
                0x0000000000030740                _exit
 .text          0x0000000000030780       0xa0 /home/tx/workspace/nacl_sdk/pepper_29/toolchain/linux_x86_newlib/bin/../lib/gcc/x86_64-nacl/4.4.3/../../../../x86_64-nacl/lib/../lib64/libnacl.a(fstat.o)
                0x0000000000030780                fstat
 .text          0x0000000000030820       0xa0 /home/tx/workspace/nacl_sdk/pepper_29/toolchain/linux_x86_newlib/bin/../lib/gcc/x86_64-nacl/4.4.3/../../../../x86_64-nacl/lib/../lib64/libnacl.a(lseek.o)
                0x0000000000030820                lseek
 .text          0x00000000000308c0     0x7500 /home/tx/workspace/nacl_sdk/pepper_29/toolchain/linux_x86_newlib/bin/../lib/gcc/x86_64-nacl/4.4.3/../../../../x86_64-nacl/lib/../lib64/libnacl.a(malloc.o)
                0x00000000000308c0                malloc_footprint
                0x00000000000308e0                malloc_max_footprint
                0x0000000000030900                malloc_footprint_limit
                0x0000000000030920                malloc_set_footprint_limit
                0x0000000000030960                malloc_usable_size
                0x0000000000030bc0                mallopt
                0x00000000000324c0                bulk_free
                0x0000000000032740                malloc_trim
                0x0000000000032860                free
                0x0000000000033580                _free_r
                0x00000000000335a0                mallinfo
                0x0000000000033920                malloc_stats
                0x0000000000033cc0                malloc
                0x0000000000036700                _malloc_r
                0x0000000000036720                calloc
                0x00000000000367e0                _calloc_r
                0x0000000000036ea0                realloc
                0x0000000000037160                _realloc_r
                0x0000000000037180                realloc_in_place
                0x00000000000376a0                memalign
                0x00000000000376e0                pvalloc
                0x0000000000037720                valloc
                0x0000000000037760                posix_memalign
                0x0000000000037d60                independent_calloc
                0x0000000000037da0                independent_comalloc
 .text          0x0000000000037dc0       0x80 /home/tx/workspace/nacl_sdk/pepper_29/toolchain/linux_x86_newlib/bin/../lib/gcc/x86_64-nacl/4.4.3/../../../../x86_64-nacl/lib/../lib64/libnacl.a(mmap.o)
                0x0000000000037dc0                mmap
 .text          0x0000000000037e40       0xa0 /home/tx/workspace/nacl_sdk/pepper_29/toolchain/linux_x86_newlib/bin/../lib/gcc/x86_64-nacl/4.4.3/../../../../x86_64-nacl/lib/../lib64/libnacl.a(munmap.o)
                0x0000000000037e40                munmap
 .text          0x0000000000037ee0       0x20 /home/tx/workspace/nacl_sdk/pepper_29/toolchain/linux_x86_newlib/bin/../lib/gcc/x86_64-nacl/4.4.3/../../../../x86_64-nacl/lib/../lib64/libnacl.a(nacl_read_tp.o)
                0x0000000000037ee0                __nacl_read_tp
 .text          0x0000000000037f00       0x40 /home/tx/workspace/nacl_sdk/pepper_29/toolchain/linux_x86_newlib/bin/../lib/gcc/x86_64-nacl/4.4.3/../../../../x86_64-nacl/lib/../lib64/libnacl.a(nacl_add_tp.o)
                0x0000000000037f00                __nacl_add_tp
 .text          0x0000000000037f40       0xa0 /home/tx/workspace/nacl_sdk/pepper_29/toolchain/linux_x86_newlib/bin/../lib/gcc/x86_64-nacl/4.4.3/../../../../x86_64-nacl/lib/../lib64/libnacl.a(read.o)
                0x0000000000037f40                read
 .text          0x0000000000037fe0       0xa0 /home/tx/workspace/nacl_sdk/pepper_29/toolchain/linux_x86_newlib/bin/../lib/gcc/x86_64-nacl/4.4.3/../../../../x86_64-nacl/lib/../lib64/libnacl.a(pthread_initialize_minimal.o)
                0x0000000000037fe0                __pthread_initialize_minimal
 .text          0x0000000000038080      0x160 /home/tx/workspace/nacl_sdk/pepper_29/toolchain/linux_x86_newlib/bin/../lib/gcc/x86_64-nacl/4.4.3/../../../../x86_64-nacl/lib/../lib64/libnacl.a(sbrk.o)
                0x0000000000038080                sbrk
 .text          0x00000000000381e0       0xa0 /home/tx/workspace/nacl_sdk/pepper_29/toolchain/linux_x86_newlib/bin/../lib/gcc/x86_64-nacl/4.4.3/../../../../x86_64-nacl/lib/../lib64/libnacl.a(sched_yield.o)
                0x00000000000381e0                sched_yield
 .text          0x0000000000038280      0x120 /home/tx/workspace/nacl_sdk/pepper_29/toolchain/linux_x86_newlib/bin/../lib/gcc/x86_64-nacl/4.4.3/../../../../x86_64-nacl/lib/../lib64/libnacl.a(start.o)
                0x0000000000038280                _start
 .text          0x00000000000383a0       0xa0 /home/tx/workspace/nacl_sdk/pepper_29/toolchain/linux_x86_newlib/bin/../lib/gcc/x86_64-nacl/4.4.3/../../../../x86_64-nacl/lib/../lib64/libnacl.a(sysconf.o)
                0x00000000000383a0                sysconf
 .text          0x0000000000038440      0x340 /home/tx/workspace/nacl_sdk/pepper_29/toolchain/linux_x86_newlib/bin/../lib/gcc/x86_64-nacl/4.4.3/../../../../x86_64-nacl/lib/../lib64/libnacl.a(tls.o)
                0x00000000000385c0                __nacl_tls_combined_size
                0x0000000000038640                __nacl_tls_initialize_memory
 .text          0x0000000000038780       0xa0 /home/tx/workspace/nacl_sdk/pepper_29/toolchain/linux_x86_newlib/bin/../lib/gcc/x86_64-nacl/4.4.3/../../../../x86_64-nacl/lib/../lib64/libnacl.a(write.o)
                0x0000000000038780                write
 .text          0x0000000000038820       0x20 /home/tx/workspace/nacl_sdk/pepper_29/toolchain/linux_x86_newlib/bin/../lib/gcc/x86_64-nacl/4.4.3/../../../../x86_64-nacl/lib/../lib64/libnacl.a(nacl_tls_get.o)
                0x0000000000038820                nacl_tls_get
 .text          0x0000000000038840       0x20 /home/tx/workspace/nacl_sdk/pepper_29/toolchain/linux_x86_newlib/bin/../lib/gcc/x86_64-nacl/4.4.3/../../../../x86_64-nacl/lib/../lib64/libnacl.a(nacl_tls_init.o)
                0x0000000000038840                nacl_tls_init
 .text          0x0000000000038860       0x20 /home/tx/workspace/nacl_sdk/pepper_29/toolchain/linux_x86_newlib/bin/../lib/gcc/x86_64-nacl/4.4.3/../../../../x86_64-nacl/lib/../lib64/libcrt_common.a(lib_a-atexit.o)
                0x0000000000038860                atexit
 .text          0x0000000000038880       0xa0 /home/tx/workspace/nacl_sdk/pepper_29/toolchain/linux_x86_newlib/bin/../lib/gcc/x86_64-nacl/4.4.3/../../../../x86_64-nacl/lib/../lib64/libcrt_common.a(lib_a-fini.o)
                0x0000000000038880                __libc_fini_array
 .text          0x0000000000038920      0x1e0 /home/tx/workspace/nacl_sdk/pepper_29/toolchain/linux_x86_newlib/bin/../lib/gcc/x86_64-nacl/4.4.3/../../../../x86_64-nacl/lib/../lib64/libcrt_common.a(lib_a-fprintf.o)
                0x0000000000038920                fprintf
                0x0000000000038a40                _fprintf_r
 .text          0x0000000000038b00      0x120 /home/tx/workspace/nacl_sdk/pepper_29/toolchain/linux_x86_newlib/bin/../lib/gcc/x86_64-nacl/4.4.3/../../../../x86_64-nacl/lib/../lib64/libcrt_common.a(lib_a-init.o)
                0x0000000000038b00                __libc_init_array
 .text          0x0000000000038c20     0x5d20 /home/tx/workspace/nacl_sdk/pepper_29/toolchain/linux_x86_newlib/bin/../lib/gcc/x86_64-nacl/4.4.3/../../../../x86_64-nacl/lib/../lib64/libcrt_common.a(lib_a-vfprintf.o)
                0x0000000000038c20                _vfprintf_r
                0x000000000003e8c0                vfprintf
 .text          0x000000000003e940     0x23a0 /home/tx/workspace/nacl_sdk/pepper_29/toolchain/linux_x86_newlib/bin/../lib/gcc/x86_64-nacl/4.4.3/../../../../x86_64-nacl/lib/../lib64/libcrt_common.a(lib_a-dtoa.o)
                0x000000000003eca0                _dtoa_r
 .text          0x0000000000040ce0     0x1a20 /home/tx/workspace/nacl_sdk/pepper_29/toolchain/linux_x86_newlib/bin/../lib/gcc/x86_64-nacl/4.4.3/../../../../x86_64-nacl/lib/../lib64/libcrt_common.a(lib_a-mprec.o)
                0x0000000000040ce0                _Bfree
                0x0000000000040d40                __hi0bits
                0x0000000000040e00                __lo0bits
                0x0000000000040f60                __mcmp
                0x0000000000041000                __ulp
                0x00000000000410e0                __b2d
                0x00000000000412a0                __ratio
                0x00000000000413e0                _mprec_log10
                0x0000000000041440                __copybits
                0x0000000000041520                __any_on
                0x0000000000041640                _Balloc
                0x0000000000041760                __d2b
                0x00000000000419c0                __mdiff
                0x0000000000041c40                __lshift
                0x0000000000041e20                __multiply
                0x0000000000042160                __i2b
                0x00000000000421c0                __multadd
                0x0000000000042360                __pow5mult
                0x0000000000042560                __s2b
 .text          0x0000000000042700      0x140 /home/tx/workspace/nacl_sdk/pepper_29/toolchain/linux_x86_newlib/bin/../lib/gcc/x86_64-nacl/4.4.3/../../../../x86_64-nacl/lib/../lib64/libcrt_common.a(lib_a-s_fpclassify.o)
                0x0000000000042700                __fpclassifyd
 .text          0x0000000000042840      0x120 /home/tx/workspace/nacl_sdk/pepper_29/toolchain/linux_x86_newlib/bin/../lib/gcc/x86_64-nacl/4.4.3/../../../../x86_64-nacl/lib/../lib64/libcrt_common.a(lib_a-s_frexp.o)
                0x0000000000042840                frexp
 .text          0x0000000000042960       0x80 /home/tx/workspace/nacl_sdk/pepper_29/toolchain/linux_x86_newlib/bin/../lib/gcc/x86_64-nacl/4.4.3/crtend.o
 .text          0x00000000000429e0        0x0 /home/tx/workspace/nacl_sdk/pepper_29/toolchain/linux_x86_newlib/bin/../lib/gcc/x86_64-nacl/4.4.3/../../../../x86_64-nacl/lib/../lib64/crtn.o
 *(.gnu.warning)

.fini           0x00000000000429e0       0x60
 *(.fini)
 .fini          0x00000000000429e0       0x20 /home/tx/workspace/nacl_sdk/pepper_29/toolchain/linux_x86_newlib/bin/../lib/gcc/x86_64-nacl/4.4.3/../../../../x86_64-nacl/lib/../lib64/crti.o
                0x00000000000429e0                _fini
 .fini          0x0000000000042a00       0x20 /home/tx/workspace/nacl_sdk/pepper_29/toolchain/linux_x86_newlib/bin/../lib/gcc/x86_64-nacl/4.4.3/crtbegin.o
 .fini          0x0000000000042a20       0x20 /home/tx/workspace/nacl_sdk/pepper_29/toolchain/linux_x86_newlib/bin/../lib/gcc/x86_64-nacl/4.4.3/../../../../x86_64-nacl/lib/../lib64/crtn.o
                0x0000000000042a40                PROVIDE (__etext, .)
                0x0000000000042a40                PROVIDE (_etext, .)
                0x0000000000042a40                PROVIDE (etext, .)
                0x0000000000042a60                . = (. + 0x20)
                0x0000000010020000                . = DEFINED (__nacl_rodata_after_text)?.:0x10020000
                0x0000000010020000                . = ALIGN (0x10000)

.note.gnu.build-id
                0x0000000010020000       0x24
                0x0000000010020000                PROVIDE (__note_gnu_build_id_start, .)
 *(.note.gnu.build-id)
 .note.gnu.build-id
                0x0000000010020000       0x24 /home/tx/workspace/nacl_sdk/pepper_29/toolchain/linux_x86_newlib/bin/../lib/gcc/x86_64-nacl/4.4.3/../../../../x86_64-nacl/lib/../lib64/crti.o
                0x0000000010020024                PROVIDE (__note_gnu_build_id_end, .)

.rodata         0x0000000010020040     0x13c0
 *(.rodata .rodata.* .gnu.linkonce.r.*)
 .rodata        0x0000000010020040       0x7b newlib/Debug/tmp_x86_64.o
 *fill*         0x00000000100200bb        0x1 00
 .rodata        0x00000000100200bc        0xc /home/tx/workspace/nacl_sdk/pepper_29/toolchain/linux_x86_newlib/bin/../lib/gcc/x86_64-nacl/4.4.3/../../../../x86_64-nacl/lib/../lib64/libppapi_stub.a(ppapi_plugin_main.o)
 .rodata.str1.8
                0x00000000100200c8       0x99 /home/tx/workspace/nacl_sdk/pepper_29/toolchain/linux_x86_newlib/bin/../lib/gcc/x86_64-nacl/4.4.3/../../../../x86_64-nacl/lib/../lib64/libppapi_stub.a(ppapi_plugin_start.o)
 .rodata.str1.1
                0x0000000010020161       0x17 /home/tx/workspace/nacl_sdk/pepper_29/toolchain/linux_x86_newlib/bin/../lib/gcc/x86_64-nacl/4.4.3/../../../../x86_64-nacl/lib/../lib64/libppapi_stub.a(ppapi_plugin_start.o)
 .rodata        0x0000000010020178        0x8 /home/tx/workspace/nacl_sdk/pepper_29/toolchain/linux_x86_newlib/bin/../lib/gcc/x86_64-nacl/4.4.3/../../../../x86_64-nacl/lib/../lib64/libppapi_stub.a(thread_creator.o)
 .rodata.str1.1
                0x0000000010020180        0xc /home/tx/workspace/nacl_sdk/pepper_29/toolchain/linux_x86_newlib/bin/../lib/gcc/x86_64-nacl/4.4.3/../../../../x86_64-nacl/lib/../lib64/libpthread.a(nc_thread.o)
 .rodata        0x000000001002018c        0x4 /home/tx/workspace/nacl_sdk/pepper_29/toolchain/linux_x86_newlib/bin/../lib/gcc/x86_64-nacl/4.4.3/../../../../x86_64-nacl/lib/../lib64/libpthread.a(nc_thread.o)
                0x000000001002018c                __nc_kMaxCachedMemoryBlocks
 .rodata.str1.1
                0x0000000010020190       0x4a /home/tx/workspace/nacl_sdk/pepper_29/toolchain/linux_x86_newlib/bin/../lib/gcc/x86_64-nacl/4.4.3/../../../../x86_64-nacl/lib/../lib64/libpthread.a(nc_init_irt.o)
 .rodata.str1.1
                0x00000000100201da       0x14 /home/tx/workspace/nacl_sdk/pepper_29/toolchain/linux_x86_newlib/bin/../lib/gcc/x86_64-nacl/4.4.3/../../../../x86_64-nacl/lib/../lib64/libpthread.a(dynamic_annotations.o)
                                         0x16 (size before relaxing)
 .rodata.str1.1
                0x00000000100201ee       0x23 /home/tx/workspace/nacl_sdk/pepper_29/toolchain/linux_x86_newlib/bin/../lib/gcc/x86_64-nacl/4.4.3/../../../../x86_64-nacl/lib/../lib64/libpthread.a(futex.o)
 *fill*         0x0000000010020211        0xf 00
 .rodata        0x0000000010020220       0x50 /home/tx/workspace/nacl_sdk/pepper_29/toolchain/linux_x86_newlib/bin/../lib/gcc/x86_64-nacl/4.4.3/../../../../x86_64-nacl/lib/../lib64/libpthread.a(futex.o)
 .rodata.str1.1
                0x0000000010020270        0xd /home/tx/workspace/nacl_sdk/pepper_29/toolchain/linux_x86_newlib/bin/../lib/gcc/x86_64-nacl/4.4.3/../../../../x86_64-nacl/lib/../lib64/libcrt_common.a(lib_a-assert.o)
                                          0xe (size before relaxing)
 *fill*         0x000000001002027d        0x3 00
 .rodata.str1.8
                0x0000000010020280       0x2f /home/tx/workspace/nacl_sdk/pepper_29/toolchain/linux_x86_newlib/bin/../lib/gcc/x86_64-nacl/4.4.3/../../../../x86_64-nacl/lib/../lib64/libcrt_common.a(lib_a-assert.o)
 *fill*         0x00000000100202af        0x1 00
 .rodata        0x00000000100202b0        0x4 /home/tx/workspace/nacl_sdk/pepper_29/toolchain/linux_x86_newlib/bin/../lib/gcc/x86_64-nacl/4.4.3/../../../../x86_64-nacl/lib/../lib64/libcrt_common.a(lib_a-impure.o)
                0x00000000100202b0                _global_impure_ptr
 .rodata.str1.1
                0x0000000000000000        0xd /home/tx/workspace/nacl_sdk/pepper_29/toolchain/linux_x86_newlib/bin/../lib/gcc/x86_64-nacl/4.4.3/../../../../x86_64-nacl/lib/../lib64/libcrt_common.a(lib_a-impure.o)
                                          0x2 (size before relaxing)
 .rodata.str1.1
                0x00000000100202b4       0x29 /home/tx/workspace/nacl_sdk/pepper_29/toolchain/linux_x86_newlib/bin/../lib/gcc/x86_64-nacl/4.4.3/../../../../x86_64-nacl/lib/../lib64/libcrt_common.a(lib_a-vfiprintf.o)
 *fill*         0x00000000100202dd        0x3 00
 .rodata        0x00000000100202e0      0x300 /home/tx/workspace/nacl_sdk/pepper_29/toolchain/linux_x86_newlib/bin/../lib/gcc/x86_64-nacl/4.4.3/../../../../x86_64-nacl/lib/../lib64/libcrt_common.a(lib_a-vfiprintf.o)
 .rodata.str1.1
                0x00000000100205e0       0xea /home/tx/workspace/nacl_sdk/pepper_29/toolchain/linux_x86_newlib/bin/../lib/gcc/x86_64-nacl/4.4.3/../../../../x86_64-nacl/lib/../lib64/libcrt_common.a(lib_a-locale.o)
                                         0xf4 (size before relaxing)
 *fill*         0x00000000100206ca        0x6 00
 .rodata        0x00000000100206d0      0x1cc /home/tx/workspace/nacl_sdk/pepper_29/toolchain/linux_x86_newlib/bin/../lib/gcc/x86_64-nacl/4.4.3/../../../../x86_64-nacl/lib/../lib64/libcrt_common.a(lib_a-locale.o)
 *fill*         0x000000001002089c        0x4 00
 .rodata        0x00000000100208a0      0x280 /home/tx/workspace/nacl_sdk/pepper_29/toolchain/linux_x86_newlib/bin/../lib/gcc/x86_64-nacl/4.4.3/../../../../x86_64-nacl/lib/../lib64/libcrt_common.a(lib_a-mbtowc_r.o)
 .rodata        0x0000000010020b20      0x2a0 /home/tx/workspace/nacl_sdk/pepper_29/toolchain/linux_x86_newlib/bin/../lib/gcc/x86_64-nacl/4.4.3/../../../../x86_64-nacl/lib/../lib64/libcrt_common.a(lib_a-ctype_.o)
                0x0000000010020b20                _ctype_
 .rodata.str1.8
                0x0000000010020dc0       0x60 /home/tx/workspace/nacl_sdk/pepper_29/toolchain/linux_x86_newlib/bin/../lib/gcc/x86_64-nacl/4.4.3/../../../../x86_64-nacl/lib/../lib64/libnacl.a(nacl_irt.o)
                                         0x5c (size before relaxing)
 .rodata.str1.1
                0x0000000010020e20       0xa0 /home/tx/workspace/nacl_sdk/pepper_29/toolchain/linux_x86_newlib/bin/../lib/gcc/x86_64-nacl/4.4.3/../../../../x86_64-nacl/lib/../lib64/libnacl.a(nacl_irt.o)
 .rodata.str1.1
                0x0000000010020ec0       0x4e /home/tx/workspace/nacl_sdk/pepper_29/toolchain/linux_x86_newlib/bin/../lib/gcc/x86_64-nacl/4.4.3/../../../../x86_64-nacl/lib/../lib64/libnacl.a(malloc.o)
 .rodata.str1.1
                0x0000000010020f0e       0x10 /home/tx/workspace/nacl_sdk/pepper_29/toolchain/linux_x86_newlib/bin/../lib/gcc/x86_64-nacl/4.4.3/../../../../x86_64-nacl/lib/../lib64/libcrt_common.a(lib_a-vfprintf.o)
                                         0x3b (size before relaxing)
 *fill*         0x0000000010020f1e        0x2 00
 .rodata        0x0000000010020f20      0x300 /home/tx/workspace/nacl_sdk/pepper_29/toolchain/linux_x86_newlib/bin/../lib/gcc/x86_64-nacl/4.4.3/../../../../x86_64-nacl/lib/../lib64/libcrt_common.a(lib_a-vfprintf.o)
 .rodata.cst8   0x0000000010021220       0x20 /home/tx/workspace/nacl_sdk/pepper_29/toolchain/linux_x86_newlib/bin/../lib/gcc/x86_64-nacl/4.4.3/../../../../x86_64-nacl/lib/../lib64/libcrt_common.a(lib_a-vfprintf.o)
 .rodata.cst16  0x0000000010021240       0x10 /home/tx/workspace/nacl_sdk/pepper_29/toolchain/linux_x86_newlib/bin/../lib/gcc/x86_64-nacl/4.4.3/../../../../x86_64-nacl/lib/../lib64/libcrt_common.a(lib_a-vfprintf.o)
 .rodata.str1.1
                0x0000000010021250        0xd /home/tx/workspace/nacl_sdk/pepper_29/toolchain/linux_x86_newlib/bin/../lib/gcc/x86_64-nacl/4.4.3/../../../../x86_64-nacl/lib/../lib64/libcrt_common.a(lib_a-dtoa.o)
                                          0xf (size before relaxing)
 *fill*         0x000000001002125d        0x3 00
 .rodata.cst8   0x0000000010021260       0x40 /home/tx/workspace/nacl_sdk/pepper_29/toolchain/linux_x86_newlib/bin/../lib/gcc/x86_64-nacl/4.4.3/../../../../x86_64-nacl/lib/../lib64/libcrt_common.a(lib_a-dtoa.o)
                                         0x48 (size before relaxing)
 .rodata.cst16  0x0000000000000000       0x10 /home/tx/workspace/nacl_sdk/pepper_29/toolchain/linux_x86_newlib/bin/../lib/gcc/x86_64-nacl/4.4.3/../../../../x86_64-nacl/lib/../lib64/libcrt_common.a(lib_a-dtoa.o)
 .rodata        0x00000000100212a0      0x154 /home/tx/workspace/nacl_sdk/pepper_29/toolchain/linux_x86_newlib/bin/../lib/gcc/x86_64-nacl/4.4.3/../../../../x86_64-nacl/lib/../lib64/libcrt_common.a(lib_a-mprec.o)
                0x00000000100212a0                __mprec_tens
                0x0000000010021380                __mprec_bigtens
                0x00000000100213c0                __mprec_tinytens
 .rodata.cst8   0x0000000000000000       0x10 /home/tx/workspace/nacl_sdk/pepper_29/toolchain/linux_x86_newlib/bin/../lib/gcc/x86_64-nacl/4.4.3/../../../../x86_64-nacl/lib/../lib64/libcrt_common.a(lib_a-mprec.o)
 *fill*         0x00000000100213f4        0x4 00
 .rodata.cst8   0x00000000100213f8        0x8 /home/tx/workspace/nacl_sdk/pepper_29/toolchain/linux_x86_newlib/bin/../lib/gcc/x86_64-nacl/4.4.3/../../../../x86_64-nacl/lib/../lib64/libcrt_common.a(lib_a-s_frexp.o)

.rodata1
 *(.rodata1)

.nacl_rpc_methods
 *(.nacl_rpc_methods)

.eh_frame_hdr   0x0000000010021400      0x9e4
 *(.eh_frame_hdr)
 .eh_frame_hdr  0x0000000010021400      0x9e4 newlib/Debug/tmp_x86_64.o

.eh_frame       0x0000000010021de8     0x233c
 *(.eh_frame)
 .eh_frame      0x0000000010021de8        0x0 /home/tx/workspace/nacl_sdk/pepper_29/toolchain/linux_x86_newlib/bin/../lib/gcc/x86_64-nacl/4.4.3/crtbegin.o
 .eh_frame      0x0000000010021de8      0x1d8 newlib/Debug/tmp_x86_64.o
                                        0x1a0 (size before relaxing)
 .eh_frame      0x0000000010021fc0       0x18 /home/tx/workspace/nacl_sdk/pepper_29/toolchain/linux_x86_newlib/bin/../lib/gcc/x86_64-nacl/4.4.3/../../../../x86_64-nacl/lib/../lib64/libppapi_stub.a(plugin_main_irt.o)
                                         0x30 (size before relaxing)
 .eh_frame      0x0000000010021fd8       0x18 /home/tx/workspace/nacl_sdk/pepper_29/toolchain/linux_x86_newlib/bin/../lib/gcc/x86_64-nacl/4.4.3/../../../../x86_64-nacl/lib/../lib64/libppapi_stub.a(ppapi_plugin_main.o)
                                         0x30 (size before relaxing)
 .eh_frame      0x0000000010021ff0       0x38 /home/tx/workspace/nacl_sdk/pepper_29/toolchain/linux_x86_newlib/bin/../lib/gcc/x86_64-nacl/4.4.3/../../../../x86_64-nacl/lib/../lib64/libppapi_stub.a(ppapi_plugin_start.o)
                                         0x50 (size before relaxing)
 .eh_frame      0x0000000010022028       0x48 /home/tx/workspace/nacl_sdk/pepper_29/toolchain/linux_x86_newlib/bin/../lib/gcc/x86_64-nacl/4.4.3/../../../../x86_64-nacl/lib/../lib64/libppapi_stub.a(thread_creator.o)
                                         0x58 (size before relaxing)
 .eh_frame      0x0000000010022070      0x400 /home/tx/workspace/nacl_sdk/pepper_29/toolchain/linux_x86_newlib/bin/../lib/gcc/x86_64-nacl/4.4.3/../../../../x86_64-nacl/lib/../lib64/libpthread.a(nc_thread.o)
                                        0x3a0 (size before relaxing)
 .eh_frame      0x0000000010022470      0x138 /home/tx/workspace/nacl_sdk/pepper_29/toolchain/linux_x86_newlib/bin/../lib/gcc/x86_64-nacl/4.4.3/../../../../x86_64-nacl/lib/../lib64/libpthread.a(nc_mutex.o)
                                        0x120 (size before relaxing)
 .eh_frame      0x00000000100225a8       0xb0 /home/tx/workspace/nacl_sdk/pepper_29/toolchain/linux_x86_newlib/bin/../lib/gcc/x86_64-nacl/4.4.3/../../../../x86_64-nacl/lib/../lib64/libpthread.a(nc_condvar.o)
 .eh_frame      0x0000000010022658       0x18 /home/tx/workspace/nacl_sdk/pepper_29/toolchain/linux_x86_newlib/bin/../lib/gcc/x86_64-nacl/4.4.3/../../../../x86_64-nacl/lib/../lib64/libpthread.a(nc_init_irt.o)
                                         0x30 (size before relaxing)
 .eh_frame      0x0000000010022670      0x390 /home/tx/workspace/nacl_sdk/pepper_29/toolchain/linux_x86_newlib/bin/../lib/gcc/x86_64-nacl/4.4.3/../../../../x86_64-nacl/lib/../lib64/libpthread.a(dynamic_annotations.o)
                                        0x310 (size before relaxing)
 .eh_frame      0x0000000010022a00       0x80 /home/tx/workspace/nacl_sdk/pepper_29/toolchain/linux_x86_newlib/bin/../lib/gcc/x86_64-nacl/4.4.3/../../../../x86_64-nacl/lib/../lib64/libpthread.a(futex.o)
                                         0x90 (size before relaxing)
 .eh_frame      0x0000000010022a80       0x38 /home/tx/workspace/nacl_sdk/pepper_29/toolchain/linux_x86_newlib/bin/../lib/gcc/x86_64-nacl/4.4.3/../../../../x86_64-nacl/lib/../lib64/libcrt_common.a(lib_a-assert.o)
                                         0x50 (size before relaxing)
 .eh_frame      0x0000000010022ab8       0x18 /home/tx/workspace/nacl_sdk/pepper_29/toolchain/linux_x86_newlib/bin/../lib/gcc/x86_64-nacl/4.4.3/../../../../x86_64-nacl/lib/../lib64/libcrt_common.a(lib_a-exit.o)
                                         0x30 (size before relaxing)
 .eh_frame      0x0000000010022ad0       0x38 /home/tx/workspace/nacl_sdk/pepper_29/toolchain/linux_x86_newlib/bin/../lib/gcc/x86_64-nacl/4.4.3/../../../../x86_64-nacl/lib/../lib64/libcrt_common.a(lib_a-fiprintf.o)
                                         0x50 (size before relaxing)
 .eh_frame      0x0000000010022b08       0x40 /home/tx/workspace/nacl_sdk/pepper_29/toolchain/linux_x86_newlib/bin/../lib/gcc/x86_64-nacl/4.4.3/../../../../x86_64-nacl/lib/../lib64/libcrt_common.a(lib_a-getenv.o)
                                         0x50 (size before relaxing)
 .eh_frame      0x0000000010022b48       0x48 /home/tx/workspace/nacl_sdk/pepper_29/toolchain/linux_x86_newlib/bin/../lib/gcc/x86_64-nacl/4.4.3/../../../../x86_64-nacl/lib/../lib64/libcrt_common.a(lib_a-getenv_r.o)
                                         0x58 (size before relaxing)
 .eh_frame      0x0000000010022b90       0x30 /home/tx/workspace/nacl_sdk/pepper_29/toolchain/linux_x86_newlib/bin/../lib/gcc/x86_64-nacl/4.4.3/../../../../x86_64-nacl/lib/../lib64/libcrt_common.a(lib_a-impure.o)
                                         0x48 (size before relaxing)
 .eh_frame      0x0000000010022bc0       0x18 /home/tx/workspace/nacl_sdk/pepper_29/toolchain/linux_x86_newlib/bin/../lib/gcc/x86_64-nacl/4.4.3/../../../../x86_64-nacl/lib/../lib64/libcrt_common.a(lib_a-strcat.o)
                                         0x30 (size before relaxing)
 .eh_frame      0x0000000010022bd8       0x18 /home/tx/workspace/nacl_sdk/pepper_29/toolchain/linux_x86_newlib/bin/../lib/gcc/x86_64-nacl/4.4.3/../../../../x86_64-nacl/lib/../lib64/libcrt_common.a(lib_a-strcmp.o)
                                         0x30 (size before relaxing)
 .eh_frame      0x0000000010022bf0       0x18 /home/tx/workspace/nacl_sdk/pepper_29/toolchain/linux_x86_newlib/bin/../lib/gcc/x86_64-nacl/4.4.3/../../../../x86_64-nacl/lib/../lib64/libcrt_common.a(lib_a-strcpy.o)
                                         0x30 (size before relaxing)
 .eh_frame      0x0000000010022c08       0x18 /home/tx/workspace/nacl_sdk/pepper_29/toolchain/linux_x86_newlib/bin/../lib/gcc/x86_64-nacl/4.4.3/../../../../x86_64-nacl/lib/../lib64/libcrt_common.a(lib_a-strlen.o)
                                         0x30 (size before relaxing)
 .eh_frame      0x0000000010022c20       0x18 /home/tx/workspace/nacl_sdk/pepper_29/toolchain/linux_x86_newlib/bin/../lib/gcc/x86_64-nacl/4.4.3/../../../../x86_64-nacl/lib/../lib64/libcrt_common.a(lib_a-strncmp.o)
                                         0x30 (size before relaxing)
 .eh_frame      0x0000000010022c38       0x80 /home/tx/workspace/nacl_sdk/pepper_29/toolchain/linux_x86_newlib/bin/../lib/gcc/x86_64-nacl/4.4.3/../../../../x86_64-nacl/lib/../lib64/libcrt_common.a(lib_a-vfiprintf.o)
                                         0x90 (size before relaxing)
 .eh_frame      0x0000000010022cb8       0x40 /home/tx/workspace/nacl_sdk/pepper_29/toolchain/linux_x86_newlib/bin/../lib/gcc/x86_64-nacl/4.4.3/../../../../x86_64-nacl/lib/../lib64/libcrt_common.a(lib_a-wcrtomb.o)
                                         0x58 (size before relaxing)
 .eh_frame      0x0000000010022cf8       0x38 /home/tx/workspace/nacl_sdk/pepper_29/toolchain/linux_x86_newlib/bin/../lib/gcc/x86_64-nacl/4.4.3/../../../../x86_64-nacl/lib/../lib64/libcrt_common.a(lib_a-wcsrtombs.o)
                                         0x50 (size before relaxing)
 .eh_frame      0x0000000010022d30       0x98 /home/tx/workspace/nacl_sdk/pepper_29/toolchain/linux_x86_newlib/bin/../lib/gcc/x86_64-nacl/4.4.3/../../../../x86_64-nacl/lib/../lib64/libcrt_common.a(lib_a-wctomb_r.o)
                                         0xa0 (size before relaxing)
 .eh_frame      0x0000000010022dc8       0x20 /home/tx/workspace/nacl_sdk/pepper_29/toolchain/linux_x86_newlib/bin/../lib/gcc/x86_64-nacl/4.4.3/../../../../x86_64-nacl/lib/../lib64/libcrt_common.a(lib_a-wsetup.o)
                                         0x38 (size before relaxing)
 .eh_frame      0x0000000010022de8       0x18 /home/tx/workspace/nacl_sdk/pepper_29/toolchain/linux_x86_newlib/bin/../lib/gcc/x86_64-nacl/4.4.3/../../../../x86_64-nacl/lib/../lib64/libcrt_common.a(lib_a-abort.o)
                                         0x30 (size before relaxing)
 .eh_frame      0x0000000010022e00       0x30 /home/tx/workspace/nacl_sdk/pepper_29/toolchain/linux_x86_newlib/bin/../lib/gcc/x86_64-nacl/4.4.3/../../../../x86_64-nacl/lib/../lib64/libcrt_common.a(lib_a-__call_atexit.o)
                                         0x48 (size before relaxing)
 .eh_frame      0x0000000010022e30       0x30 /home/tx/workspace/nacl_sdk/pepper_29/toolchain/linux_x86_newlib/bin/../lib/gcc/x86_64-nacl/4.4.3/../../../../x86_64-nacl/lib/../lib64/libcrt_common.a(lib_a-envlock.o)
                                         0x40 (size before relaxing)
 .eh_frame      0x0000000010022e60       0x68 /home/tx/workspace/nacl_sdk/pepper_29/toolchain/linux_x86_newlib/bin/../lib/gcc/x86_64-nacl/4.4.3/../../../../x86_64-nacl/lib/../lib64/libcrt_common.a(lib_a-fflush.o)
                                         0x78 (size before relaxing)
 .eh_frame      0x0000000010022ec8      0x178 /home/tx/workspace/nacl_sdk/pepper_29/toolchain/linux_x86_newlib/bin/../lib/gcc/x86_64-nacl/4.4.3/../../../../x86_64-nacl/lib/../lib64/libcrt_common.a(lib_a-findfp.o)
                                        0x160 (size before relaxing)
 .eh_frame      0x0000000010023040       0x50 /home/tx/workspace/nacl_sdk/pepper_29/toolchain/linux_x86_newlib/bin/../lib/gcc/x86_64-nacl/4.4.3/../../../../x86_64-nacl/lib/../lib64/libcrt_common.a(lib_a-fputwc.o)
                                         0x60 (size before relaxing)
 .eh_frame      0x0000000010023090       0x30 /home/tx/workspace/nacl_sdk/pepper_29/toolchain/linux_x86_newlib/bin/../lib/gcc/x86_64-nacl/4.4.3/../../../../x86_64-nacl/lib/../lib64/libcrt_common.a(lib_a-fvwrite.o)
                                         0x48 (size before relaxing)
 .eh_frame      0x00000000100230c0       0x60 /home/tx/workspace/nacl_sdk/pepper_29/toolchain/linux_x86_newlib/bin/../lib/gcc/x86_64-nacl/4.4.3/../../../../x86_64-nacl/lib/../lib64/libcrt_common.a(lib_a-fwalk.o)
                                         0x70 (size before relaxing)
 .eh_frame      0x0000000010023120      0x140 /home/tx/workspace/nacl_sdk/pepper_29/toolchain/linux_x86_newlib/bin/../lib/gcc/x86_64-nacl/4.4.3/../../../../x86_64-nacl/lib/../lib64/libcrt_common.a(lib_a-locale.o)
                                        0x138 (size before relaxing)
 .eh_frame      0x0000000010023260       0x20 /home/tx/workspace/nacl_sdk/pepper_29/toolchain/linux_x86_newlib/bin/../lib/gcc/x86_64-nacl/4.4.3/../../../../x86_64-nacl/lib/../lib64/libcrt_common.a(lib_a-makebuf.o)
                                         0x38 (size before relaxing)
 .eh_frame      0x0000000010023280       0xa0 /home/tx/workspace/nacl_sdk/pepper_29/toolchain/linux_x86_newlib/bin/../lib/gcc/x86_64-nacl/4.4.3/../../../../x86_64-nacl/lib/../lib64/libcrt_common.a(lib_a-mbtowc_r.o)
                                         0xa8 (size before relaxing)
 .eh_frame      0x0000000010023320       0x18 /home/tx/workspace/nacl_sdk/pepper_29/toolchain/linux_x86_newlib/bin/../lib/gcc/x86_64-nacl/4.4.3/../../../../x86_64-nacl/lib/../lib64/libcrt_common.a(lib_a-memchr.o)
                                         0x30 (size before relaxing)
 .eh_frame      0x0000000010023338       0x18 /home/tx/workspace/nacl_sdk/pepper_29/toolchain/linux_x86_newlib/bin/../lib/gcc/x86_64-nacl/4.4.3/../../../../x86_64-nacl/lib/../lib64/libcrt_common.a(lib_a-memmove.o)
                                         0x30 (size before relaxing)
 .eh_frame      0x0000000010023350       0x80 /home/tx/workspace/nacl_sdk/pepper_29/toolchain/linux_x86_newlib/bin/../lib/gcc/x86_64-nacl/4.4.3/../../../../x86_64-nacl/lib/../lib64/libcrt_common.a(lib_a-stdio.o)
                                         0x90 (size before relaxing)
 .eh_frame      0x00000000100233d0       0x18 /home/tx/workspace/nacl_sdk/pepper_29/toolchain/linux_x86_newlib/bin/../lib/gcc/x86_64-nacl/4.4.3/../../../../x86_64-nacl/lib/../lib64/libcrt_common.a(lib_a-strcasecmp.o)
                                         0x30 (size before relaxing)
 .eh_frame      0x00000000100233e8       0x18 /home/tx/workspace/nacl_sdk/pepper_29/toolchain/linux_x86_newlib/bin/../lib/gcc/x86_64-nacl/4.4.3/../../../../x86_64-nacl/lib/../lib64/libcrt_common.a(lib_a-strchr.o)
                                         0x30 (size before relaxing)
 .eh_frame      0x0000000010023400       0x18 /home/tx/workspace/nacl_sdk/pepper_29/toolchain/linux_x86_newlib/bin/../lib/gcc/x86_64-nacl/4.4.3/../../../../x86_64-nacl/lib/../lib64/libcrt_common.a(lib_a-strlcpy.o)
                                         0x30 (size before relaxing)
 .eh_frame      0x0000000010023418       0x18 /home/tx/workspace/nacl_sdk/pepper_29/toolchain/linux_x86_newlib/bin/../lib/gcc/x86_64-nacl/4.4.3/../../../../x86_64-nacl/lib/../lib64/libcrt_common.a(lib_a-strncasecmp.o)
                                         0x30 (size before relaxing)
 .eh_frame      0x0000000010023430       0x18 /home/tx/workspace/nacl_sdk/pepper_29/toolchain/linux_x86_newlib/bin/../lib/gcc/x86_64-nacl/4.4.3/../../../../x86_64-nacl/lib/../lib64/libcrt_common.a(lib_a-strncpy.o)
                                         0x30 (size before relaxing)
 .eh_frame      0x0000000010023448       0x48 /home/tx/workspace/nacl_sdk/pepper_29/toolchain/linux_x86_newlib/bin/../lib/gcc/x86_64-nacl/4.4.3/../../../../x86_64-nacl/lib/../lib64/libcrt_common.a(lib_a-strtol.o)
                                         0x60 (size before relaxing)
 .eh_frame      0x0000000010023490       0x40 /home/tx/workspace/nacl_sdk/pepper_29/toolchain/linux_x86_newlib/bin/../lib/gcc/x86_64-nacl/4.4.3/../../../../x86_64-nacl/lib/../lib64/libcrt_common.a(lib_a-wbuf.o)
                                         0x58 (size before relaxing)
 .eh_frame      0x00000000100234d0       0x50 /home/tx/workspace/nacl_sdk/pepper_29/toolchain/linux_x86_newlib/bin/../lib/gcc/x86_64-nacl/4.4.3/../../../../x86_64-nacl/lib/../lib64/libcrt_common.a(lib_a-wcsnrtombs.o)
                                         0x68 (size before relaxing)
 .eh_frame      0x0000000010023520       0x18 /home/tx/workspace/nacl_sdk/pepper_29/toolchain/linux_x86_newlib/bin/../lib/gcc/x86_64-nacl/4.4.3/../../../../x86_64-nacl/lib/../lib64/libcrt_common.a(lib_a-writer.o)
                                         0x30 (size before relaxing)
 .eh_frame      0x0000000010023538       0x20 /home/tx/workspace/nacl_sdk/pepper_29/toolchain/linux_x86_newlib/bin/../lib/gcc/x86_64-nacl/4.4.3/../../../../x86_64-nacl/lib/../lib64/libcrt_common.a(lib_a-__atexit.o)
                                         0x38 (size before relaxing)
 .eh_frame      0x0000000010023558       0x18 /home/tx/workspace/nacl_sdk/pepper_29/toolchain/linux_x86_newlib/bin/../lib/gcc/x86_64-nacl/4.4.3/../../../../x86_64-nacl/lib/../lib64/libcrt_common.a(lib_a-closer.o)
                                         0x30 (size before relaxing)
 .eh_frame      0x0000000010023570       0x18 /home/tx/workspace/nacl_sdk/pepper_29/toolchain/linux_x86_newlib/bin/../lib/gcc/x86_64-nacl/4.4.3/../../../../x86_64-nacl/lib/../lib64/libcrt_common.a(lib_a-ctype_.o)
                                         0x30 (size before relaxing)
 .eh_frame      0x0000000010023588       0x38 /home/tx/workspace/nacl_sdk/pepper_29/toolchain/linux_x86_newlib/bin/../lib/gcc/x86_64-nacl/4.4.3/../../../../x86_64-nacl/lib/../lib64/libcrt_common.a(lib_a-fclose.o)
                                         0x50 (size before relaxing)
 .eh_frame      0x00000000100235c0       0x18 /home/tx/workspace/nacl_sdk/pepper_29/toolchain/linux_x86_newlib/bin/../lib/gcc/x86_64-nacl/4.4.3/../../../../x86_64-nacl/lib/../lib64/libcrt_common.a(lib_a-fstatr.o)
                                         0x30 (size before relaxing)
 .eh_frame      0x00000000100235d8       0x18 /home/tx/workspace/nacl_sdk/pepper_29/toolchain/linux_x86_newlib/bin/../lib/gcc/x86_64-nacl/4.4.3/../../../../x86_64-nacl/lib/../lib64/libcrt_common.a(lib_a-isattyr.o)
                                         0x30 (size before relaxing)
 .eh_frame      0x00000000100235f0       0x18 /home/tx/workspace/nacl_sdk/pepper_29/toolchain/linux_x86_newlib/bin/../lib/gcc/x86_64-nacl/4.4.3/../../../../x86_64-nacl/lib/../lib64/libcrt_common.a(lib_a-lseekr.o)
                                         0x30 (size before relaxing)
 .eh_frame      0x0000000010023608       0x18 /home/tx/workspace/nacl_sdk/pepper_29/toolchain/linux_x86_newlib/bin/../lib/gcc/x86_64-nacl/4.4.3/../../../../x86_64-nacl/lib/../lib64/libcrt_common.a(lib_a-readr.o)
                                         0x30 (size before relaxing)
 .eh_frame      0x0000000010023620       0x78 /home/tx/workspace/nacl_sdk/pepper_29/toolchain/linux_x86_newlib/bin/../lib/gcc/x86_64-nacl/4.4.3/../../../../x86_64-nacl/lib/../lib64/libcrt_common.a(lib_a-reent.o)
                                         0x88 (size before relaxing)
 .eh_frame      0x0000000010023698       0x18 /home/tx/workspace/nacl_sdk/pepper_29/toolchain/linux_x86_newlib/bin/../lib/gcc/x86_64-nacl/4.4.3/../../../../x86_64-nacl/lib/../lib64/libcrt_common.a(lib_a-isatty.o)
                                         0x30 (size before relaxing)
 .eh_frame      0x00000000100236b0       0x18 /home/tx/workspace/nacl_sdk/pepper_29/toolchain/linux_x86_newlib/bin/../lib/gcc/x86_64-nacl/4.4.3/../../../../x86_64-nacl/lib/../lib64/libcrt_common.a(lib_a-_isatty.o)
                                         0x30 (size before relaxing)
 .eh_frame      0x00000000100236c8       0x18 /home/tx/workspace/nacl_sdk/pepper_29/toolchain/linux_x86_newlib/bin/../lib/gcc/x86_64-nacl/4.4.3/../../../../x86_64-nacl/lib/../lib64/libcrt_common.a(lib_a-errno.o)
                                         0x30 (size before relaxing)
 .eh_frame      0x00000000100236e0       0x68 /home/tx/workspace/nacl_sdk/pepper_29/toolchain/linux_x86_newlib/bin/../lib/gcc/x86_64-nacl/4.4.3/../../../../x86_64-nacl/lib/../lib64/libnacl.a(nacl_irt.o)
                                         0x70 (size before relaxing)
 .eh_frame      0x0000000010023748       0x18 /home/tx/workspace/nacl_sdk/pepper_29/toolchain/linux_x86_newlib/bin/../lib/gcc/x86_64-nacl/4.4.3/../../../../x86_64-nacl/lib/../lib64/libnacl.a(close.o)
                                         0x30 (size before relaxing)
 .eh_frame      0x0000000010023760       0x18 /home/tx/workspace/nacl_sdk/pepper_29/toolchain/linux_x86_newlib/bin/../lib/gcc/x86_64-nacl/4.4.3/../../../../x86_64-nacl/lib/../lib64/libnacl.a(_exit.o)
                                         0x30 (size before relaxing)
 .eh_frame      0x0000000010023778       0x18 /home/tx/workspace/nacl_sdk/pepper_29/toolchain/linux_x86_newlib/bin/../lib/gcc/x86_64-nacl/4.4.3/../../../../x86_64-nacl/lib/../lib64/libnacl.a(fstat.o)
                                         0x30 (size before relaxing)
 .eh_frame      0x0000000010023790       0x20 /home/tx/workspace/nacl_sdk/pepper_29/toolchain/linux_x86_newlib/bin/../lib/gcc/x86_64-nacl/4.4.3/../../../../x86_64-nacl/lib/../lib64/libnacl.a(lseek.o)
                                         0x38 (size before relaxing)
 .eh_frame      0x00000000100237b0      0x3d8 /home/tx/workspace/nacl_sdk/pepper_29/toolchain/linux_x86_newlib/bin/../lib/gcc/x86_64-nacl/4.4.3/../../../../x86_64-nacl/lib/../lib64/libnacl.a(malloc.o)
                                        0x390 (size before relaxing)
 .eh_frame      0x0000000010023b88       0x20 /home/tx/workspace/nacl_sdk/pepper_29/toolchain/linux_x86_newlib/bin/../lib/gcc/x86_64-nacl/4.4.3/../../../../x86_64-nacl/lib/../lib64/libnacl.a(mmap.o)
                                         0x38 (size before relaxing)
 .eh_frame      0x0000000010023ba8       0x18 /home/tx/workspace/nacl_sdk/pepper_29/toolchain/linux_x86_newlib/bin/../lib/gcc/x86_64-nacl/4.4.3/../../../../x86_64-nacl/lib/../lib64/libnacl.a(munmap.o)
                                         0x30 (size before relaxing)
 .eh_frame      0x0000000010023bc0       0x18 /home/tx/workspace/nacl_sdk/pepper_29/toolchain/linux_x86_newlib/bin/../lib/gcc/x86_64-nacl/4.4.3/../../../../x86_64-nacl/lib/../lib64/libnacl.a(nacl_read_tp.o)
                                         0x30 (size before relaxing)
 .eh_frame      0x0000000010023bd8       0x18 /home/tx/workspace/nacl_sdk/pepper_29/toolchain/linux_x86_newlib/bin/../lib/gcc/x86_64-nacl/4.4.3/../../../../x86_64-nacl/lib/../lib64/libnacl.a(nacl_add_tp.o)
                                         0x30 (size before relaxing)
 .eh_frame      0x0000000010023bf0       0x20 /home/tx/workspace/nacl_sdk/pepper_29/toolchain/linux_x86_newlib/bin/../lib/gcc/x86_64-nacl/4.4.3/../../../../x86_64-nacl/lib/../lib64/libnacl.a(read.o)
                                         0x38 (size before relaxing)
 .eh_frame      0x0000000010023c10       0x18 /home/tx/workspace/nacl_sdk/pepper_29/toolchain/linux_x86_newlib/bin/../lib/gcc/x86_64-nacl/4.4.3/../../../../x86_64-nacl/lib/../lib64/libnacl.a(pthread_initialize_minimal.o)
                                         0x30 (size before relaxing)
 .eh_frame      0x0000000010023c28       0x20 /home/tx/workspace/nacl_sdk/pepper_29/toolchain/linux_x86_newlib/bin/../lib/gcc/x86_64-nacl/4.4.3/../../../../x86_64-nacl/lib/../lib64/libnacl.a(sbrk.o)
                                         0x38 (size before relaxing)
 .eh_frame      0x0000000010023c48       0x18 /home/tx/workspace/nacl_sdk/pepper_29/toolchain/linux_x86_newlib/bin/../lib/gcc/x86_64-nacl/4.4.3/../../../../x86_64-nacl/lib/../lib64/libnacl.a(sched_yield.o)
                                         0x30 (size before relaxing)
 .eh_frame      0x0000000010023c60       0x20 /home/tx/workspace/nacl_sdk/pepper_29/toolchain/linux_x86_newlib/bin/../lib/gcc/x86_64-nacl/4.4.3/../../../../x86_64-nacl/lib/../lib64/libnacl.a(start.o)
                                         0x38 (size before relaxing)
 .eh_frame      0x0000000010023c80       0x20 /home/tx/workspace/nacl_sdk/pepper_29/toolchain/linux_x86_newlib/bin/../lib/gcc/x86_64-nacl/4.4.3/../../../../x86_64-nacl/lib/../lib64/libnacl.a(sysconf.o)
                                         0x38 (size before relaxing)
 .eh_frame      0x0000000010023ca0       0x50 /home/tx/workspace/nacl_sdk/pepper_29/toolchain/linux_x86_newlib/bin/../lib/gcc/x86_64-nacl/4.4.3/../../../../x86_64-nacl/lib/../lib64/libnacl.a(tls.o)
                                         0x68 (size before relaxing)
 .eh_frame      0x0000000010023cf0       0x20 /home/tx/workspace/nacl_sdk/pepper_29/toolchain/linux_x86_newlib/bin/../lib/gcc/x86_64-nacl/4.4.3/../../../../x86_64-nacl/lib/../lib64/libnacl.a(write.o)
                                         0x38 (size before relaxing)
 .eh_frame      0x0000000010023d10       0x18 /home/tx/workspace/nacl_sdk/pepper_29/toolchain/linux_x86_newlib/bin/../lib/gcc/x86_64-nacl/4.4.3/../../../../x86_64-nacl/lib/../lib64/libnacl.a(nacl_tls_get.o)
                                         0x30 (size before relaxing)
 .eh_frame      0x0000000010023d28       0x18 /home/tx/workspace/nacl_sdk/pepper_29/toolchain/linux_x86_newlib/bin/../lib/gcc/x86_64-nacl/4.4.3/../../../../x86_64-nacl/lib/../lib64/libnacl.a(nacl_tls_init.o)
                                         0x30 (size before relaxing)
 .eh_frame      0x0000000010023d40       0x18 /home/tx/workspace/nacl_sdk/pepper_29/toolchain/linux_x86_newlib/bin/../lib/gcc/x86_64-nacl/4.4.3/../../../../x86_64-nacl/lib/../lib64/libcrt_common.a(lib_a-atexit.o)
                                         0x30 (size before relaxing)
 .eh_frame      0x0000000010023d58       0x20 /home/tx/workspace/nacl_sdk/pepper_29/toolchain/linux_x86_newlib/bin/../lib/gcc/x86_64-nacl/4.4.3/../../../../x86_64-nacl/lib/../lib64/libcrt_common.a(lib_a-fini.o)
                                         0x38 (size before relaxing)
 .eh_frame      0x0000000010023d78       0x38 /home/tx/workspace/nacl_sdk/pepper_29/toolchain/linux_x86_newlib/bin/../lib/gcc/x86_64-nacl/4.4.3/../../../../x86_64-nacl/lib/../lib64/libcrt_common.a(lib_a-fprintf.o)
                                         0x50 (size before relaxing)
 .eh_frame      0x0000000010023db0       0x20 /home/tx/workspace/nacl_sdk/pepper_29/toolchain/linux_x86_newlib/bin/../lib/gcc/x86_64-nacl/4.4.3/../../../../x86_64-nacl/lib/../lib64/libcrt_common.a(lib_a-init.o)
                                         0x38 (size before relaxing)
 .eh_frame      0x0000000010023dd0       0x50 /home/tx/workspace/nacl_sdk/pepper_29/toolchain/linux_x86_newlib/bin/../lib/gcc/x86_64-nacl/4.4.3/../../../../x86_64-nacl/lib/../lib64/libcrt_common.a(lib_a-vfprintf.o)
                                         0x60 (size before relaxing)
 .eh_frame      0x0000000010023e20       0x60 /home/tx/workspace/nacl_sdk/pepper_29/toolchain/linux_x86_newlib/bin/../lib/gcc/x86_64-nacl/4.4.3/../../../../x86_64-nacl/lib/../lib64/libcrt_common.a(lib_a-dtoa.o)
                                         0x70 (size before relaxing)
 .eh_frame      0x0000000010023e80      0x270 /home/tx/workspace/nacl_sdk/pepper_29/toolchain/linux_x86_newlib/bin/../lib/gcc/x86_64-nacl/4.4.3/../../../../x86_64-nacl/lib/../lib64/libcrt_common.a(lib_a-mprec.o)
                                        0x248 (size before relaxing)
 .eh_frame      0x00000000100240f0       0x18 /home/tx/workspace/nacl_sdk/pepper_29/toolchain/linux_x86_newlib/bin/../lib/gcc/x86_64-nacl/4.4.3/../../../../x86_64-nacl/lib/../lib64/libcrt_common.a(lib_a-s_fpclassify.o)
                                         0x30 (size before relaxing)
 .eh_frame      0x0000000010024108       0x18 /home/tx/workspace/nacl_sdk/pepper_29/toolchain/linux_x86_newlib/bin/../lib/gcc/x86_64-nacl/4.4.3/../../../../x86_64-nacl/lib/../lib64/libcrt_common.a(lib_a-s_frexp.o)
                                         0x30 (size before relaxing)
 .eh_frame      0x0000000010024120        0x4 /home/tx/workspace/nacl_sdk/pepper_29/toolchain/linux_x86_newlib/bin/../lib/gcc/x86_64-nacl/4.4.3/crtend.o

.gcc_except_table
 *(.gcc_except_table .gcc_except_table.*)
                0x0000000010024124                . = (ALIGN (0x10000) - ((0x10000 - .) & 0xffff))
                0x0000000010030000                . = (0x10000 DATA_SEGMENT_ALIGN 0x10000)

.eh_frame
 *(.eh_frame)

.gcc_except_table
 *(.gcc_except_table .gcc_except_table.*)

.tdata          0x0000000010030000      0x460
                0x0000000010030000                PROVIDE (__tls_template_start, .)
 *(.tdata .tdata.* .gnu.linkonce.td.*)
 .tdata         0x0000000010030000      0x460 /home/tx/workspace/nacl_sdk/pepper_29/toolchain/linux_x86_newlib/bin/../lib/gcc/x86_64-nacl/4.4.3/../../../../x86_64-nacl/lib/../lib64/libcrt_common.a(lib_a-impure.o)
                0x0000000010030000                _impure_ptr
                0x0000000010030460                . = ALIGN (0x20)
                0x0000000010030460                PROVIDE (__tls_template_tdata_end, .)

.tbss           0x0000000010030460       0x20
 *(.tbss .tbss.* .gnu.linkonce.tb.*)
 .tbss          0x0000000010030460        0x8 /home/tx/workspace/nacl_sdk/pepper_29/toolchain/linux_x86_newlib/bin/../lib/gcc/x86_64-nacl/4.4.3/../../../../x86_64-nacl/lib/../lib64/libpthread.a(nc_thread.o)
 .tbss          0x0000000010030468       0x14 /home/tx/workspace/nacl_sdk/pepper_29/toolchain/linux_x86_newlib/bin/../lib/gcc/x86_64-nacl/4.4.3/../../../../x86_64-nacl/lib/../lib64/libpthread.a(futex.o)
 *(.tcommon)
                0x0000000010030480                . = ALIGN (0x20)
 *fill*         0x000000001003047c        0x4 00
                0x00000000100304a0                PROVIDE (__tls_template_end, (. + SIZEOF (.tbss)))

.preinit_array  0x0000000010030460        0x0
                0x0000000010030460                PROVIDE (__preinit_array_start, .)
 *(.preinit_array)
                0x0000000010030460                PROVIDE (__preinit_array_end, .)

.init_array     0x0000000010030460        0x0
                0x0000000010030460                PROVIDE (__init_array_start, .)
 *(SORT(.init_array.*))
 *(.init_array)
                0x0000000010030460                PROVIDE (__init_array_end, .)

.fini_array     0x0000000010030460        0x0
                0x0000000010030460                PROVIDE (__fini_array_start, .)
 *(.fini_array)
 *(SORT(.fini_array.*))
                0x0000000010030460                PROVIDE (__fini_array_end, .)

.ctors          0x0000000010030460        0x8
 *crtbegin.o(.ctors)
 .ctors         0x0000000010030460        0x4 /home/tx/workspace/nacl_sdk/pepper_29/toolchain/linux_x86_newlib/bin/../lib/gcc/x86_64-nacl/4.4.3/crtbegin.o
 *crtbegin?.o(.ctors)
 *(EXCLUDE_FILE(*crtend?.o *crtend.o) .ctors)
 *(SORT(.ctors.*))
 *(.ctors)
 .ctors         0x0000000010030464        0x4 /home/tx/workspace/nacl_sdk/pepper_29/toolchain/linux_x86_newlib/bin/../lib/gcc/x86_64-nacl/4.4.3/crtend.o

.dtors          0x0000000010030468        0x8
 *crtbegin.o(.dtors)
 .dtors         0x0000000010030468        0x4 /home/tx/workspace/nacl_sdk/pepper_29/toolchain/linux_x86_newlib/bin/../lib/gcc/x86_64-nacl/4.4.3/crtbegin.o
 *crtbegin?.o(.dtors)
 *(EXCLUDE_FILE(*crtend?.o *crtend.o) .dtors)
 *(SORT(.dtors.*))
 *(.dtors)
 .dtors         0x000000001003046c        0x4 /home/tx/workspace/nacl_sdk/pepper_29/toolchain/linux_x86_newlib/bin/../lib/gcc/x86_64-nacl/4.4.3/crtend.o
                0x000000001003046c                __DTOR_END__

.jcr            0x0000000010030470        0x4
 *(.jcr)
 .jcr           0x0000000010030470        0x0 /home/tx/workspace/nacl_sdk/pepper_29/toolchain/linux_x86_newlib/bin/../lib/gcc/x86_64-nacl/4.4.3/crtbegin.o
 .jcr           0x0000000010030470        0x4 /home/tx/workspace/nacl_sdk/pepper_29/toolchain/linux_x86_newlib/bin/../lib/gcc/x86_64-nacl/4.4.3/crtend.o

.data.rel.ro
 *(.data.rel.ro.local* .gnu.linkonce.d.rel.ro.local.*)
 *(.data.rel.ro* .gnu.linkonce.d.rel.ro.*)

.dynamic
 *(.dynamic)

.got            0x0000000010030478        0x0 load address 0x0000000010030474
 *(.got)
 .got           0x0000000000000000        0x0 /home/tx/workspace/nacl_sdk/pepper_29/toolchain/linux_x86_newlib/bin/../lib/gcc/x86_64-nacl/4.4.3/crtbegin.o
 *(.igot)
                0x0000000010030478                . = (. DATA_SEGMENT_RELRO_END 0x18)
                0x0000000010040000                . = ALIGN (0x10000)

.got.plt        0x0000000010040000       0x18
 *(.got.plt)
 .got.plt       0x0000000010040000       0x18 /home/tx/workspace/nacl_sdk/pepper_29/toolchain/linux_x86_newlib/bin/../lib/gcc/x86_64-nacl/4.4.3/crtbegin.o
                0x0000000010040000                _GLOBAL_OFFSET_TABLE_
 *(.igot.plt)
 .igot.plt      0x0000000000000000        0x0 /home/tx/workspace/nacl_sdk/pepper_29/toolchain/linux_x86_newlib/bin/../lib/gcc/x86_64-nacl/4.4.3/crtbegin.o

.data           0x0000000010040020      0x6c8
 *(.data .data.* .gnu.linkonce.d.*)
 .data          0x0000000010040020        0x0 /home/tx/workspace/nacl_sdk/pepper_29/toolchain/linux_x86_newlib/bin/../lib/gcc/x86_64-nacl/4.4.3/../../../../x86_64-nacl/lib/../lib64/crti.o
 .data          0x0000000010040020        0x4 /home/tx/workspace/nacl_sdk/pepper_29/toolchain/linux_x86_newlib/bin/../lib/gcc/x86_64-nacl/4.4.3/crtbegin.o
                0x0000000010040020                __dso_handle
 *fill*         0x0000000010040024        0xc 00
 .data          0x0000000010040030       0x18 newlib/Debug/tmp_x86_64.o
 .data          0x0000000010040048        0x0 /home/tx/workspace/nacl_sdk/pepper_29/toolchain/linux_x86_newlib/bin/../lib/gcc/x86_64-nacl/4.4.3/../../../../x86_64-nacl/lib/../lib64/libppapi_stub.a(plugin_main_irt.o)
 .data          0x0000000010040048        0x0 /home/tx/workspace/nacl_sdk/pepper_29/toolchain/linux_x86_newlib/bin/../lib/gcc/x86_64-nacl/4.4.3/../../../../x86_64-nacl/lib/../lib64/libppapi_stub.a(ppapi_plugin_main.o)
 .data          0x0000000010040048        0x0 /home/tx/workspace/nacl_sdk/pepper_29/toolchain/linux_x86_newlib/bin/../lib/gcc/x86_64-nacl/4.4.3/../../../../x86_64-nacl/lib/../lib64/libppapi_stub.a(ppapi_plugin_start.o)
 .data          0x0000000010040048        0x0 /home/tx/workspace/nacl_sdk/pepper_29/toolchain/linux_x86_newlib/bin/../lib/gcc/x86_64-nacl/4.4.3/../../../../x86_64-nacl/lib/../lib64/libppapi_stub.a(thread_creator.o)
 .data          0x0000000010040048        0x4 /home/tx/workspace/nacl_sdk/pepper_29/toolchain/linux_x86_newlib/bin/../lib/gcc/x86_64-nacl/4.4.3/../../../../x86_64-nacl/lib/../lib64/libpthread.a(nc_thread.o)
                0x0000000010040048                __nc_running_threads_counter
 .data          0x000000001004004c        0x0 /home/tx/workspace/nacl_sdk/pepper_29/toolchain/linux_x86_newlib/bin/../lib/gcc/x86_64-nacl/4.4.3/../../../../x86_64-nacl/lib/../lib64/libpthread.a(nc_mutex.o)
 .data          0x000000001004004c        0x0 /home/tx/workspace/nacl_sdk/pepper_29/toolchain/linux_x86_newlib/bin/../lib/gcc/x86_64-nacl/4.4.3/../../../../x86_64-nacl/lib/../lib64/libpthread.a(nc_condvar.o)
 .data          0x000000001004004c        0x0 /home/tx/workspace/nacl_sdk/pepper_29/toolchain/linux_x86_newlib/bin/../lib/gcc/x86_64-nacl/4.4.3/../../../../x86_64-nacl/lib/../lib64/libpthread.a(nc_init_irt.o)
 .data          0x000000001004004c        0x4 /home/tx/workspace/nacl_sdk/pepper_29/toolchain/linux_x86_newlib/bin/../lib/gcc/x86_64-nacl/4.4.3/../../../../x86_64-nacl/lib/../lib64/libpthread.a(dynamic_annotations.o)
 .data          0x0000000010040050        0xc /home/tx/workspace/nacl_sdk/pepper_29/toolchain/linux_x86_newlib/bin/../lib/gcc/x86_64-nacl/4.4.3/../../../../x86_64-nacl/lib/../lib64/libpthread.a(futex.o)
 .data          0x000000001004005c        0x0 /home/tx/workspace/nacl_sdk/pepper_29/toolchain/linux_x86_newlib/bin/../lib/gcc/x86_64-nacl/4.4.3/../../../../x86_64-nacl/lib/../lib64/libcrt_common.a(lib_a-assert.o)
 .data          0x000000001004005c        0x4 /home/tx/workspace/nacl_sdk/pepper_29/toolchain/linux_x86_newlib/bin/../lib/gcc/x86_64-nacl/4.4.3/../../../../x86_64-nacl/lib/../lib64/libcrt_common.a(lib_a-environ.o)
                0x000000001004005c                environ
 .data          0x0000000010040060        0x0 /home/tx/workspace/nacl_sdk/pepper_29/toolchain/linux_x86_newlib/bin/../lib/gcc/x86_64-nacl/4.4.3/../../../../x86_64-nacl/lib/../lib64/libcrt_common.a(lib_a-exit.o)
 .data          0x0000000010040060        0x0 /home/tx/workspace/nacl_sdk/pepper_29/toolchain/linux_x86_newlib/bin/../lib/gcc/x86_64-nacl/4.4.3/../../../../x86_64-nacl/lib/../lib64/libcrt_common.a(lib_a-fiprintf.o)
 .data          0x0000000010040060        0x0 /home/tx/workspace/nacl_sdk/pepper_29/toolchain/linux_x86_newlib/bin/../lib/gcc/x86_64-nacl/4.4.3/../../../../x86_64-nacl/lib/../lib64/libcrt_common.a(lib_a-getenv.o)
 .data          0x0000000010040060        0x0 /home/tx/workspace/nacl_sdk/pepper_29/toolchain/linux_x86_newlib/bin/../lib/gcc/x86_64-nacl/4.4.3/../../../../x86_64-nacl/lib/../lib64/libcrt_common.a(lib_a-getenv_r.o)
 .data          0x0000000010040060      0x458 /home/tx/workspace/nacl_sdk/pepper_29/toolchain/linux_x86_newlib/bin/../lib/gcc/x86_64-nacl/4.4.3/../../../../x86_64-nacl/lib/../lib64/libcrt_common.a(lib_a-impure.o)
 .data          0x00000000100404b8        0x0 /home/tx/workspace/nacl_sdk/pepper_29/toolchain/linux_x86_newlib/bin/../lib/gcc/x86_64-nacl/4.4.3/../../../../x86_64-nacl/lib/../lib64/libcrt_common.a(lib_a-memcpy.o)
 .data          0x00000000100404b8        0x0 /home/tx/workspace/nacl_sdk/pepper_29/toolchain/linux_x86_newlib/bin/../lib/gcc/x86_64-nacl/4.4.3/../../../../x86_64-nacl/lib/../lib64/libcrt_common.a(lib_a-strcat.o)
 .data          0x00000000100404b8        0x0 /home/tx/workspace/nacl_sdk/pepper_29/toolchain/linux_x86_newlib/bin/../lib/gcc/x86_64-nacl/4.4.3/../../../../x86_64-nacl/lib/../lib64/libcrt_common.a(lib_a-strcmp.o)
 .data          0x00000000100404b8        0x0 /home/tx/workspace/nacl_sdk/pepper_29/toolchain/linux_x86_newlib/bin/../lib/gcc/x86_64-nacl/4.4.3/../../../../x86_64-nacl/lib/../lib64/libcrt_common.a(lib_a-strcpy.o)
 .data          0x00000000100404b8        0x0 /home/tx/workspace/nacl_sdk/pepper_29/toolchain/linux_x86_newlib/bin/../lib/gcc/x86_64-nacl/4.4.3/../../../../x86_64-nacl/lib/../lib64/libcrt_common.a(lib_a-strlen.o)
 .data          0x00000000100404b8        0x0 /home/tx/workspace/nacl_sdk/pepper_29/toolchain/linux_x86_newlib/bin/../lib/gcc/x86_64-nacl/4.4.3/../../../../x86_64-nacl/lib/../lib64/libcrt_common.a(lib_a-strncmp.o)
 .data          0x00000000100404b8        0x0 /home/tx/workspace/nacl_sdk/pepper_29/toolchain/linux_x86_newlib/bin/../lib/gcc/x86_64-nacl/4.4.3/../../../../x86_64-nacl/lib/../lib64/libcrt_common.a(lib_a-vfiprintf.o)
 .data          0x00000000100404b8        0x0 /home/tx/workspace/nacl_sdk/pepper_29/toolchain/linux_x86_newlib/bin/../lib/gcc/x86_64-nacl/4.4.3/../../../../x86_64-nacl/lib/../lib64/libcrt_common.a(lib_a-wcrtomb.o)
 .data          0x00000000100404b8        0x0 /home/tx/workspace/nacl_sdk/pepper_29/toolchain/linux_x86_newlib/bin/../lib/gcc/x86_64-nacl/4.4.3/../../../../x86_64-nacl/lib/../lib64/libcrt_common.a(lib_a-wcsrtombs.o)
 .data          0x00000000100404b8        0x4 /home/tx/workspace/nacl_sdk/pepper_29/toolchain/linux_x86_newlib/bin/../lib/gcc/x86_64-nacl/4.4.3/../../../../x86_64-nacl/lib/../lib64/libcrt_common.a(lib_a-wctomb_r.o)
                0x00000000100404b8                __wctomb
 .data          0x00000000100404bc        0x0 /home/tx/workspace/nacl_sdk/pepper_29/toolchain/linux_x86_newlib/bin/../lib/gcc/x86_64-nacl/4.4.3/../../../../x86_64-nacl/lib/../lib64/libcrt_common.a(lib_a-wsetup.o)
 .data          0x00000000100404bc        0x0 /home/tx/workspace/nacl_sdk/pepper_29/toolchain/linux_x86_newlib/bin/../lib/gcc/x86_64-nacl/4.4.3/../../../../x86_64-nacl/lib/../lib64/libcrt_common.a(lib_a-abort.o)
 .data          0x00000000100404bc        0x0 /home/tx/workspace/nacl_sdk/pepper_29/toolchain/linux_x86_newlib/bin/../lib/gcc/x86_64-nacl/4.4.3/../../../../x86_64-nacl/lib/../lib64/libcrt_common.a(lib_a-__call_atexit.o)
 *fill*         0x00000000100404bc        0x4 00
 .data          0x00000000100404c0       0x14 /home/tx/workspace/nacl_sdk/pepper_29/toolchain/linux_x86_newlib/bin/../lib/gcc/x86_64-nacl/4.4.3/../../../../x86_64-nacl/lib/../lib64/libcrt_common.a(lib_a-envlock.o)
 .data          0x00000000100404d4        0x0 /home/tx/workspace/nacl_sdk/pepper_29/toolchain/linux_x86_newlib/bin/../lib/gcc/x86_64-nacl/4.4.3/../../../../x86_64-nacl/lib/../lib64/libcrt_common.a(lib_a-fflush.o)
 *fill*         0x00000000100404d4        0xc 00
 .data          0x00000000100404e0       0x34 /home/tx/workspace/nacl_sdk/pepper_29/toolchain/linux_x86_newlib/bin/../lib/gcc/x86_64-nacl/4.4.3/../../../../x86_64-nacl/lib/../lib64/libcrt_common.a(lib_a-findfp.o)
 .data          0x0000000010040514        0x0 /home/tx/workspace/nacl_sdk/pepper_29/toolchain/linux_x86_newlib/bin/../lib/gcc/x86_64-nacl/4.4.3/../../../../x86_64-nacl/lib/../lib64/libcrt_common.a(lib_a-fputwc.o)
 .data          0x0000000010040514        0x0 /home/tx/workspace/nacl_sdk/pepper_29/toolchain/linux_x86_newlib/bin/../lib/gcc/x86_64-nacl/4.4.3/../../../../x86_64-nacl/lib/../lib64/libcrt_common.a(lib_a-fvwrite.o)
 .data          0x0000000010040514        0x0 /home/tx/workspace/nacl_sdk/pepper_29/toolchain/linux_x86_newlib/bin/../lib/gcc/x86_64-nacl/4.4.3/../../../../x86_64-nacl/lib/../lib64/libcrt_common.a(lib_a-fwalk.o)
 *fill*         0x0000000010040514        0xc 00
 .data          0x0000000010040520      0x1a0 /home/tx/workspace/nacl_sdk/pepper_29/toolchain/linux_x86_newlib/bin/../lib/gcc/x86_64-nacl/4.4.3/../../../../x86_64-nacl/lib/../lib64/libcrt_common.a(lib_a-locale.o)
                0x0000000010040520                __mb_cur_max
                0x0000000010040540                __default_locale
 .data          0x00000000100406c0        0x0 /home/tx/workspace/nacl_sdk/pepper_29/toolchain/linux_x86_newlib/bin/../lib/gcc/x86_64-nacl/4.4.3/../../../../x86_64-nacl/lib/../lib64/libcrt_common.a(lib_a-makebuf.o)
 .data          0x00000000100406c0        0x4 /home/tx/workspace/nacl_sdk/pepper_29/toolchain/linux_x86_newlib/bin/../lib/gcc/x86_64-nacl/4.4.3/../../../../x86_64-nacl/lib/../lib64/libcrt_common.a(lib_a-mbtowc_r.o)
                0x00000000100406c0                __mbtowc
 .data          0x00000000100406c4        0x0 /home/tx/workspace/nacl_sdk/pepper_29/toolchain/linux_x86_newlib/bin/../lib/gcc/x86_64-nacl/4.4.3/../../../../x86_64-nacl/lib/../lib64/libcrt_common.a(lib_a-memchr.o)