Archive member included because of file (symbol)

/home/tx/workspace/nacl_sdk/pepper_29/toolchain/linux_x86_newlib/bin/../lib/gcc/x86_64-nacl/4.4.3/../../../../x86_64-nacl/lib/../lib32/libppapi_stub.a(plugin_main_irt.o)
                              (main)
/home/tx/workspace/nacl_sdk/pepper_29/toolchain/linux_x86_newlib/bin/../lib/gcc/x86_64-nacl/4.4.3/../../../../x86_64-nacl/lib/../lib32/libppapi_stub.a(ppapi_plugin_main.o)
                              /home/tx/workspace/nacl_sdk/pepper_29/toolchain/linux_x86_newlib/bin/../lib/gcc/x86_64-nacl/4.4.3/../../../../x86_64-nacl/lib/../lib32/libppapi_stub.a(plugin_main_irt.o) (PpapiPluginMain)
/home/tx/workspace/nacl_sdk/pepper_29/toolchain/linux_x86_newlib/bin/../lib/gcc/x86_64-nacl/4.4.3/../../../../x86_64-nacl/lib/../lib32/libppapi_stub.a(ppapi_plugin_start.o)
                              /home/tx/workspace/nacl_sdk/pepper_29/toolchain/linux_x86_newlib/bin/../lib/gcc/x86_64-nacl/4.4.3/../../../../x86_64-nacl/lib/../lib32/libppapi_stub.a(ppapi_plugin_main.o) (PpapiPluginStart)
/home/tx/workspace/nacl_sdk/pepper_29/toolchain/linux_x86_newlib/bin/../lib/gcc/x86_64-nacl/4.4.3/../../../../x86_64-nacl/lib/../lib32/libppapi_stub.a(thread_creator.o)
                              /home/tx/workspace/nacl_sdk/pepper_29/toolchain/linux_x86_newlib/bin/../lib/gcc/x86_64-nacl/4.4.3/../../../../x86_64-nacl/lib/../lib32/libppapi_stub.a(ppapi_plugin_start.o) (__nacl_register_thread_creator)
/home/tx/workspace/nacl_sdk/pepper_29/toolchain/linux_x86_newlib/bin/../lib/gcc/x86_64-nacl/4.4.3/../../../../x86_64-nacl/lib/../lib32/libpthread.a(nc_thread.o)
                              /home/tx/workspace/nacl_sdk/pepper_29/toolchain/linux_x86_newlib/bin/../lib/gcc/x86_64-nacl/4.4.3/../../../../x86_64-nacl/lib/../lib32/libppapi_stub.a(thread_creator.o) (pthread_join)
/home/tx/workspace/nacl_sdk/pepper_29/toolchain/linux_x86_newlib/bin/../lib/gcc/x86_64-nacl/4.4.3/../../../../x86_64-nacl/lib/../lib32/libpthread.a(nc_mutex.o)
                              /home/tx/workspace/nacl_sdk/pepper_29/toolchain/linux_x86_newlib/bin/../lib/gcc/x86_64-nacl/4.4.3/../../../../x86_64-nacl/lib/../lib32/libpthread.a(nc_thread.o) (pthread_mutex_init)
/home/tx/workspace/nacl_sdk/pepper_29/toolchain/linux_x86_newlib/bin/../lib/gcc/x86_64-nacl/4.4.3/../../../../x86_64-nacl/lib/../lib32/libpthread.a(nc_condvar.o)
                              /home/tx/workspace/nacl_sdk/pepper_29/toolchain/linux_x86_newlib/bin/../lib/gcc/x86_64-nacl/4.4.3/../../../../x86_64-nacl/lib/../lib32/libpthread.a(nc_thread.o) (pthread_cond_init)
/home/tx/workspace/nacl_sdk/pepper_29/toolchain/linux_x86_newlib/bin/../lib/gcc/x86_64-nacl/4.4.3/../../../../x86_64-nacl/lib/../lib32/libpthread.a(nc_init_irt.o)
                              /home/tx/workspace/nacl_sdk/pepper_29/toolchain/linux_x86_newlib/bin/../lib/gcc/x86_64-nacl/4.4.3/../../../../x86_64-nacl/lib/../lib32/libpthread.a(nc_thread.o) (__nc_initialize_interfaces)
/home/tx/workspace/nacl_sdk/pepper_29/toolchain/linux_x86_newlib/bin/../lib/gcc/x86_64-nacl/4.4.3/../../../../x86_64-nacl/lib/../lib32/libpthread.a(dynamic_annotations.o)
                              /home/tx/workspace/nacl_sdk/pepper_29/toolchain/linux_x86_newlib/bin/../lib/gcc/x86_64-nacl/4.4.3/../../../../x86_64-nacl/lib/../lib32/libpthread.a(nc_thread.o) (NACL_AnnotateCondVarWait)
/home/tx/workspace/nacl_sdk/pepper_29/toolchain/linux_x86_newlib/bin/../lib/gcc/x86_64-nacl/4.4.3/../../../../x86_64-nacl/lib/../lib32/libpthread.a(futex.o)
                              /home/tx/workspace/nacl_sdk/pepper_29/toolchain/linux_x86_newlib/bin/../lib/gcc/x86_64-nacl/4.4.3/../../../../x86_64-nacl/lib/../lib32/libpthread.a(nc_mutex.o) (__nc_futex_wake)
/home/tx/workspace/nacl_sdk/pepper_29/toolchain/linux_x86_newlib/bin/../lib/gcc/x86_64-nacl/4.4.3/../../../../x86_64-nacl/lib/../lib32/libcrt_common.a(lib_a-assert.o)
                              /home/tx/workspace/nacl_sdk/pepper_29/toolchain/linux_x86_newlib/bin/../lib/gcc/x86_64-nacl/4.4.3/../../../../x86_64-nacl/lib/../lib32/libpthread.a(futex.o) (__assert_func)
/home/tx/workspace/nacl_sdk/pepper_29/toolchain/linux_x86_newlib/bin/../lib/gcc/x86_64-nacl/4.4.3/../../../../x86_64-nacl/lib/../lib32/libcrt_common.a(lib_a-environ.o)
                              /home/tx/workspace/nacl_sdk/pepper_29/toolchain/linux_x86_newlib/bin/../lib/gcc/x86_64-nacl/4.4.3/../../../../x86_64-nacl/lib/../lib32/libppapi_stub.a(ppapi_plugin_start.o) (environ)
/home/tx/workspace/nacl_sdk/pepper_29/toolchain/linux_x86_newlib/bin/../lib/gcc/x86_64-nacl/4.4.3/../../../../x86_64-nacl/lib/../lib32/libcrt_common.a(lib_a-exit.o)
                              (exit)
/home/tx/workspace/nacl_sdk/pepper_29/toolchain/linux_x86_newlib/bin/../lib/gcc/x86_64-nacl/4.4.3/../../../../x86_64-nacl/lib/../lib32/libcrt_common.a(lib_a-fiprintf.o)
[...]
Memory Configuration

Name             Origin             Length             Attributes
*default*        0x0000000000000000 0xffffffffffffffff

Linker script and memory map

LOAD /home/tx/workspace/nacl_sdk/pepper_29/toolchain/linux_x86_newlib/bin/../lib/gcc/x86_64-nacl/4.4.3/../../../../x86_64-nacl/lib/../lib32/crt1.o
LOAD /home/tx/workspace/nacl_sdk/pepper_29/toolchain/linux_x86_newlib/bin/../lib/gcc/x86_64-nacl/4.4.3/../../../../x86_64-nacl/lib/../lib32/crti.o
LOAD /home/tx/workspace/nacl_sdk/pepper_29/toolchain/linux_x86_newlib/bin/../lib/gcc/x86_64-nacl/4.4.3/32/crtbegin.o
LOAD newlib/Debug/tmp_x86_32.o
LOAD /home/tx/workspace/nacl_sdk/pepper_29/toolchain/linux_x86_newlib/bin/../lib/gcc/x86_64-nacl/4.4.3/../../../../x86_64-nacl/lib/../lib32/libppapi.a
LOAD /home/tx/workspace/nacl_sdk/pepper_29/toolchain/linux_x86_newlib/bin/../lib/gcc/x86_64-nacl/4.4.3/../../../../x86_64-nacl/lib/../lib32/libppapi_stub.a
LOAD /home/tx/workspace/nacl_sdk/pepper_29/toolchain/linux_x86_newlib/bin/../lib/gcc/x86_64-nacl/4.4.3/../../../../x86_64-nacl/lib/../lib32/libpthread.a
LOAD /home/tx/workspace/nacl_sdk/pepper_29/toolchain/linux_x86_newlib/bin/../lib/gcc/x86_64-nacl/4.4.3/../../../../x86_64-nacl/lib/../lib32/libstdc++.a
LOAD /home/tx/workspace/nacl_sdk/pepper_29/toolchain/linux_x86_newlib/bin/../lib/gcc/x86_64-nacl/4.4.3/../../../../x86_64-nacl/lib/../lib32/libm.a
LOAD /home/tx/workspace/nacl_sdk/pepper_29/toolchain/linux_x86_newlib/bin/../lib/gcc/x86_64-nacl/4.4.3/32/libgcc.a
LOAD /home/tx/workspace/nacl_sdk/pepper_29/toolchain/linux_x86_newlib/bin/../lib/gcc/x86_64-nacl/4.4.3/../../../../x86_64-nacl/lib/../lib32/libc.a
START GROUP
LOAD /home/tx/workspace/nacl_sdk/pepper_29/toolchain/linux_x86_newlib/bin/../lib/gcc/x86_64-nacl/4.4.3/../../../../x86_64-nacl/lib/../lib32/libcrt_common.a
LOAD /home/tx/workspace/nacl_sdk/pepper_29/toolchain/linux_x86_newlib/bin/../lib/gcc/x86_64-nacl/4.4.3/../../../../x86_64-nacl/lib/../lib32/libnacl.a
END GROUP
LOAD /home/tx/workspace/nacl_sdk/pepper_29/toolchain/linux_x86_newlib/bin/../lib/gcc/x86_64-nacl/4.4.3/32/libgcc.a
LOAD /home/tx/workspace/nacl_sdk/pepper_29/toolchain/linux_x86_newlib/bin/../lib/gcc/x86_64-nacl/4.4.3/32/crtend.o
LOAD /home/tx/workspace/nacl_sdk/pepper_29/toolchain/linux_x86_newlib/bin/../lib/gcc/x86_64-nacl/4.4.3/../../../../x86_64-nacl/lib/../lib32/crtn.o
                0x0000000000020000                PROVIDE (__executable_start, 0x20000)
                0x0000000000020000                . = 0x20000

.interp
 *(.interp)

.hash
 *(.hash)

.gnu.hash
 *(.gnu.hash)

.dynsym
 *(.dynsym)

.dynstr
 *(.dynstr)

.gnu.version
 *(.gnu.version)

.gnu.version_d
 *(.gnu.version_d)

.gnu.version_r
 *(.gnu.version_r)

.rel.init
 *(.rel.init)

.rel.text       0x0000000000020000        0x0
 *(.rel.text .rel.text.* .rel.gnu.linkonce.t.*)
 .rel.text      0x0000000000000000        0x0 /home/tx/workspace/nacl_sdk/pepper_29/toolchain/linux_x86_newlib/bin/../lib/gcc/x86_64-nacl/4.4.3/32/crtbegin.o

.rel.fini
 *(.rel.fini)

.rel.rodata
 *(.rel.rodata .rel.rodata.* .rel.gnu.linkonce.r.*)

.rel.data.rel.ro
 *(.rel.data.rel.ro* .rel.gnu.linkonce.d.rel.ro.*)

.rel.data
 *(.rel.data .rel.data.* .rel.gnu.linkonce.d.*)

.rel.tdata
 *(.rel.tdata .rel.tdata.* .rel.gnu.linkonce.td.*)

.rel.tbss
 *(.rel.tbss .rel.tbss.* .rel.gnu.linkonce.tb.*)

.rel.ctors
 *(.rel.ctors)

.rel.dtors
 *(.rel.dtors)

.rel.got        0x0000000000020000        0x0
 *(.rel.got)
 .rel.got       0x0000000000000000        0x0 /home/tx/workspace/nacl_sdk/pepper_29/toolchain/linux_x86_newlib/bin/../lib/gcc/x86_64-nacl/4.4.3/32/crtbegin.o

.rel.bss
 *(.rel.bss .rel.bss.* .rel.gnu.linkonce.b.*)

.rel.ifunc
 *(.rel.ifunc)

.rel.plt        0x0000000000020000        0x0
 *(.rel.plt)
                0x0000000000020000                PROVIDE (__rel_iplt_start, .)
 *(.rel.iplt)
 .rel.iplt      0x0000000000000000        0x0 /home/tx/workspace/nacl_sdk/pepper_29/toolchain/linux_x86_newlib/bin/../lib/gcc/x86_64-nacl/4.4.3/32/crtbegin.o
                0x0000000000020000                PROVIDE (__rel_iplt_end, .)

.init           0x0000000000020000       0x80
 *(.init)
 .init          0x0000000000020000       0x20 /home/tx/workspace/nacl_sdk/pepper_29/toolchain/linux_x86_newlib/bin/../lib/gcc/x86_64-nacl/4.4.3/../../../../x86_64-nacl/lib/../lib32/crti.o
                0x0000000000020000                _init
 .init          0x0000000000020020       0x20 /home/tx/workspace/nacl_sdk/pepper_29/toolchain/linux_x86_newlib/bin/../lib/gcc/x86_64-nacl/4.4.3/32/crtbegin.o
 .init          0x0000000000020040       0x20 /home/tx/workspace/nacl_sdk/pepper_29/toolchain/linux_x86_newlib/bin/../lib/gcc/x86_64-nacl/4.4.3/32/crtend.o
 .init          0x0000000000020060       0x20 /home/tx/workspace/nacl_sdk/pepper_29/toolchain/linux_x86_newlib/bin/../lib/gcc/x86_64-nacl/4.4.3/../../../../x86_64-nacl/lib/../lib32/crtn.o

.plt            0x0000000000020080        0x0
 *(.plt)
 *(.iplt)
 .iplt          0x0000000000000000        0x0 /home/tx/workspace/nacl_sdk/pepper_29/toolchain/linux_x86_newlib/bin/../lib/gcc/x86_64-nacl/4.4.3/32/crtbegin.o

.text           0x0000000000020080    0x1eb80
 *(.text .stub .text.* .gnu.linkonce.t.*)
 .text          0x0000000000020080        0x0 /home/tx/workspace/nacl_sdk/pepper_29/toolchain/linux_x86_newlib/bin/../lib/gcc/x86_64-nacl/4.4.3/../../../../x86_64-nacl/lib/../lib32/crti.o
 .text          0x0000000000020080      0x160 /home/tx/workspace/nacl_sdk/pepper_29/toolchain/linux_x86_newlib/bin/../lib/gcc/x86_64-nacl/4.4.3/32/crtbegin.o
 .text          0x00000000000201e0      0x740 newlib/Debug/tmp_x86_32.o
                0x0000000000020320                VarToCharPoint
                0x00000000000207c0                PPP_InitializeModule
                0x0000000000020840                PPP_GetInterface
                0x0000000000020900                PPP_ShutdownModule
 .text          0x0000000000020920       0x40 /home/tx/workspace/nacl_sdk/pepper_29/toolchain/linux_x86_newlib/bin/../lib/gcc/x86_64-nacl/4.4.3/../../../../x86_64-nacl/lib/../lib32/libppapi_stub.a(plugin_main_irt.o)
                0x0000000000020920                main
 .text          0x0000000000020960       0x40 /home/tx/workspace/nacl_sdk/pepper_29/toolchain/linux_x86_newlib/bin/../lib/gcc/x86_64-nacl/4.4.3/../../../../x86_64-nacl/lib/../lib32/libppapi_stub.a(ppapi_plugin_main.o)
                0x0000000000020960                PpapiPluginMain
 .text          0x00000000000209a0      0x1e0 /home/tx/workspace/nacl_sdk/pepper_29/toolchain/linux_x86_newlib/bin/../lib/gcc/x86_64-nacl/4.4.3/../../../../x86_64-nacl/lib/../lib32/libppapi_stub.a(ppapi_plugin_start.o)
                0x0000000000020a00                PpapiPluginStart
 .text          0x0000000000020b80       0xc0 /home/tx/workspace/nacl_sdk/pepper_29/toolchain/linux_x86_newlib/bin/../lib/gcc/x86_64-nacl/4.4.3/../../../../x86_64-nacl/lib/../lib32/libppapi_stub.a(thread_creator.o)
                0x0000000000020b80                __nacl_register_thread_creator
 .text          0x0000000000020c40     0x1da0 /home/tx/workspace/nacl_sdk/pepper_29/toolchain/linux_x86_newlib/bin/../lib/gcc/x86_64-nacl/4.4.3/../../../../x86_64-nacl/lib/../lib32/libpthread.a(nc_thread.o)
                0x0000000000020c40                pthread_kill
                0x0000000000020c60                pthread_equal
                0x0000000000020c80                pthread_attr_init
                0x0000000000020cc0                pthread_attr_destroy
                0x0000000000020ce0                pthread_attr_setdetachstate
                0x0000000000020d20                pthread_attr_getdetachstate
                0x0000000000020d60                pthread_attr_setstacksize
                0x0000000000020de0                pthread_attr_getstacksize
                0x0000000000020e20                pthread_getspecific
                0x0000000000020ec0                __nc_tsd_exit
                0x0000000000021120                pthread_cleanup_pop
                0x0000000000021200                pthread_setspecific
                0x0000000000021320                pthread_key_delete
                0x00000000000213c0                pthread_key_create
                0x0000000000021460                __local_lock_release
                0x00000000000214a0                __local_lock_release_recursive
                0x00000000000214c0                __local_lock_try_acquire
                0x0000000000021520                __local_lock_try_acquire_recursive
                0x0000000000021540                __local_lock_acquire
                0x0000000000021580                __local_lock_acquire_recursive
                0x00000000000215a0                __local_lock_close
                0x00000000000215e0                __local_lock_close_recursive
                0x0000000000021600                __local_lock_init_recursive
                0x0000000000021680                __local_lock_init
                0x0000000000021700                pthread_self
                0x0000000000021740                pthread_setschedprio
                0x0000000000021800                pthread_detach
                0x00000000000218e0                pthread_join
                0x0000000000021aa0                pthread_exit
                0x0000000000021f00                pthread_cleanup_push
                0x0000000000022280                pthread_create
                0x0000000000022800                __nc_initialize_globals
                0x0000000000022940                __pthread_initialize
 .text          0x00000000000229e0      0x620 /home/tx/workspace/nacl_sdk/pepper_29/toolchain/linux_x86_newlib/bin/../lib/gcc/x86_64-nacl/4.4.3/../../../../x86_64-nacl/lib/../lib32/libpthread.a(nc_mutex.o)
                0x00000000000229e0                pthread_mutex_init
                0x0000000000022a40                pthread_mutex_destroy
                0x0000000000022aa0                pthread_mutexattr_init
                0x0000000000022ac0                pthread_mutexattr_destroy
                0x0000000000022ae0                pthread_mutexattr_settype
                0x0000000000022b20                pthread_mutexattr_gettype
                0x0000000000022b40                pthread_mutex_unlock
                0x0000000000022ec0                pthread_mutex_lock
                0x0000000000022ee0                pthread_once
                0x0000000000022fe0                pthread_mutex_trylock
 .text          0x0000000000023000      0x1e0 /home/tx/workspace/nacl_sdk/pepper_29/toolchain/linux_x86_newlib/bin/../lib/gcc/x86_64-nacl/4.4.3/../../../../x86_64-nacl/lib/../lib32/libpthread.a(nc_condvar.o)
                0x0000000000023000                pthread_cond_init
                0x0000000000023020                pthread_cond_destroy
                0x0000000000023040                pthread_cond_timedwait_abs
                0x0000000000023120                pthread_cond_wait
                0x00000000000231a0                pthread_cond_broadcast
                0x00000000000231c0                pthread_cond_signal
 .text          0x00000000000231e0       0xa0 /home/tx/workspace/nacl_sdk/pepper_29/toolchain/linux_x86_newlib/bin/../lib/gcc/x86_64-nacl/4.4.3/../../../../x86_64-nacl/lib/../lib32/libpthread.a(nc_init_irt.o)
                0x00000000000231e0                __nc_initialize_interfaces
 .text          0x0000000000023280      0x540 /home/tx/workspace/nacl_sdk/pepper_29/toolchain/linux_x86_newlib/bin/../lib/gcc/x86_64-nacl/4.4.3/../../../../x86_64-nacl/lib/../lib32/libpthread.a(dynamic_annotations.o)
                0x0000000000023280                NACL_AnnotateRWLockCreate
                0x00000000000232a0                NACL_AnnotateRWLockDestroy
                0x00000000000232c0                NACL_AnnotateRWLockAcquired
                0x00000000000232e0                NACL_AnnotateRWLockReleased
                0x0000000000023300                NACL_AnnotateBarrierInit
                0x0000000000023320                NACL_AnnotateBarrierWaitBefore
                0x0000000000023340                NACL_AnnotateBarrierWaitAfter
                0x0000000000023360                NACL_AnnotateBarrierDestroy
                0x0000000000023380                NACL_AnnotateCondVarWait
                0x00000000000233a0                NACL_AnnotateCondVarSignal
                0x00000000000233c0                NACL_AnnotateCondVarSignalAll
                0x00000000000233e0                NACL_AnnotateHappensBefore
                0x0000000000023400                NACL_AnnotateHappensAfter
                0x0000000000023420                NACL_AnnotatePublishMemoryRange
                0x0000000000023440                NACL_AnnotateUnpublishMemoryRange
                0x0000000000023460                NACL_AnnotatePCQCreate
                0x0000000000023480                NACL_AnnotatePCQDestroy
                0x00000000000234a0                NACL_AnnotatePCQPut
                0x00000000000234c0                NACL_AnnotatePCQGet
                0x00000000000234e0                NACL_AnnotateNewMemory
                0x0000000000023500                NACL_AnnotateExpectRace
                0x0000000000023520                NACL_AnnotateFlushExpectedRaces
                0x0000000000023540                NACL_AnnotateBenignRace
                0x0000000000023560                NACL_AnnotateBenignRaceSized
                0x0000000000023580                NACL_AnnotateMutexIsUsedAsCondVar
                0x00000000000235a0                NACL_AnnotateMutexIsNotPHB
                0x00000000000235c0                NACL_AnnotateTraceMemory
                0x00000000000235e0                NACL_AnnotateThreadName
                0x0000000000023600                NACL_AnnotateIgnoreReadsBegin
                0x0000000000023620                NACL_AnnotateIgnoreReadsEnd
                0x0000000000023640                NACL_AnnotateIgnoreWritesBegin
                0x0000000000023660                NACL_AnnotateIgnoreWritesEnd
                0x0000000000023680                NACL_AnnotateIgnoreSyncBegin
                0x00000000000236a0                NACL_AnnotateIgnoreSyncEnd
                0x00000000000236c0                NACL_AnnotateEnableRaceDetection
                0x00000000000236e0                NACL_AnnotateNoOp
                0x0000000000023700                NACL_AnnotateFlushState
                0x0000000000023720                RunningOnValgrind
 .text          0x00000000000237c0      0x7c0 /home/tx/workspace/nacl_sdk/pepper_29/toolchain/linux_x86_newlib/bin/../lib/gcc/x86_64-nacl/4.4.3/../../../../x86_64-nacl/lib/../lib32/libpthread.a(futex.o)
                0x00000000000237c0                __nc_futex_wake
                0x00000000000239c0                __nc_futex_wait
                0x0000000000023dc0                __nc_futex_thread_exit
                0x0000000000023ec0                __nc_futex_init
 .text          0x0000000000023f80      0x100 /home/tx/workspace/nacl_sdk/pepper_29/toolchain/linux_x86_newlib/bin/../lib/gcc/x86_64-nacl/4.4.3/../../../../x86_64-nacl/lib/../lib32/libcrt_common.a(lib_a-assert.o)
                0x0000000000023f80                __assert_func
                0x0000000000024040                __assert
 .text          0x0000000000024080        0x0 /home/tx/workspace/nacl_sdk/pepper_29/toolchain/linux_x86_newlib/bin/../lib/gcc/x86_64-nacl/4.4.3/../../../../x86_64-nacl/lib/../lib32/libcrt_common.a(lib_a-environ.o)
 .text          0x0000000000024080       0x60 /home/tx/workspace/nacl_sdk/pepper_29/toolchain/linux_x86_newlib/bin/../lib/gcc/x86_64-nacl/4.4.3/../../../../x86_64-nacl/lib/../lib32/libcrt_common.a(lib_a-exit.o)
                0x0000000000024080                exit
 .text          0x00000000000240e0       0xe0 /home/tx/workspace/nacl_sdk/pepper_29/toolchain/linux_x86_newlib/bin/../lib/gcc/x86_64-nacl/4.4.3/../../../../x86_64-nacl/lib/../lib32/libcrt_common.a(lib_a-fiprintf.o)
                0x00000000000240e0                fiprintf
                0x0000000000024160                _fiprintf_r
 .text          0x00000000000241c0       0xc0 /home/tx/workspace/nacl_sdk/pepper_29/toolchain/linux_x86_newlib/bin/../lib/gcc/x86_64-nacl/4.4.3/../../../../x86_64-nacl/lib/../lib32/libcrt_common.a(lib_a-getenv.o)
                0x00000000000241c0                getenv
                0x0000000000024220                _findenv
 .text          0x0000000000024280      0x240 /home/tx/workspace/nacl_sdk/pepper_29/toolchain/linux_x86_newlib/bin/../lib/gcc/x86_64-nacl/4.4.3/../../../../x86_64-nacl/lib/../lib32/libcrt_common.a(lib_a-getenv_r.o)
                0x0000000000024280                _findenv_r
                0x0000000000024480                _getenv_r
 .text          0x00000000000244c0       0x80 /home/tx/workspace/nacl_sdk/pepper_29/toolchain/linux_x86_newlib/bin/../lib/gcc/x86_64-nacl/4.4.3/../../../../x86_64-nacl/lib/../lib32/libcrt_common.a(lib_a-impure.o)
                0x00000000000244c0                __newlib_thread_init
                0x0000000000024520                __newlib_thread_exit
 .text          0x0000000000024540       0x60 /home/tx/workspace/nacl_sdk/pepper_29/toolchain/linux_x86_newlib/bin/../lib/gcc/x86_64-nacl/4.4.3/../../../../x86_64-nacl/lib/../lib32/libcrt_common.a(lib_a-memcpy.o)
                0x0000000000024540                memcpy
 .text          0x00000000000245a0       0xe0 /home/tx/workspace/nacl_sdk/pepper_29/toolchain/linux_x86_newlib/bin/../lib/gcc/x86_64-nacl/4.4.3/../../../../x86_64-nacl/lib/../lib32/libcrt_common.a(lib_a-strcat.o)
                0x00000000000245a0                strcat
 .text          0x0000000000024680      0x100 /home/tx/workspace/nacl_sdk/pepper_29/toolchain/linux_x86_newlib/bin/../lib/gcc/x86_64-nacl/4.4.3/../../../../x86_64-nacl/lib/../lib32/libcrt_common.a(lib_a-strcmp.o)
                0x0000000000024680                strcmp
 .text          0x0000000000024780       0xa0 /home/tx/workspace/nacl_sdk/pepper_29/toolchain/linux_x86_newlib/bin/../lib/gcc/x86_64-nacl/4.4.3/../../../../x86_64-nacl/lib/../lib32/libcrt_common.a(lib_a-strcpy.o)
                0x0000000000024780                strcpy
 .text          0x0000000000024820       0xa0 /home/tx/workspace/nacl_sdk/pepper_29/toolchain/linux_x86_newlib/bin/../lib/gcc/x86_64-nacl/4.4.3/../../../../x86_64-nacl/lib/../lib32/libcrt_common.a(lib_a-strlen.o)
                0x0000000000024820                strlen
 .text          0x00000000000248c0      0x1a0 /home/tx/workspace/nacl_sdk/pepper_29/toolchain/linux_x86_newlib/bin/../lib/gcc/x86_64-nacl/4.4.3/../../../../x86_64-nacl/lib/../lib32/libcrt_common.a(lib_a-strncmp.o)
                0x00000000000248c0                strncmp
 .text          0x0000000000024a60     0x26c0 /home/tx/workspace/nacl_sdk/pepper_29/toolchain/linux_x86_newlib/bin/../lib/gcc/x86_64-nacl/4.4.3/../../../../x86_64-nacl/lib/../lib32/libcrt_common.a(lib_a-vfiprintf.o)
                0x0000000000024a60                __sprint_r
                0x0000000000024c00                _vfiprintf_r
                0x00000000000270c0                vfiprintf
 .text          0x0000000000027120      0x2c0 /home/tx/workspace/nacl_sdk/pepper_29/toolchain/linux_x86_newlib/bin/../lib/gcc/x86_64-nacl/4.4.3/../../../../x86_64-nacl/lib/../lib32/libcrt_common.a(lib_a-wcrtomb.o)
                0x0000000000027120                wcrtomb
                0x00000000000272e0                _wcrtomb_r
 .text          0x00000000000273e0       0xe0 /home/tx/workspace/nacl_sdk/pepper_29/toolchain/linux_x86_newlib/bin/../lib/gcc/x86_64-nacl/4.4.3/../../../../x86_64-nacl/lib/../lib32/libcrt_common.a(lib_a-wcsrtombs.o)
                0x00000000000273e0                wcsrtombs
                0x0000000000027460                _wcsrtombs_r
 .text          0x00000000000274c0      0x540 /home/tx/workspace/nacl_sdk/pepper_29/toolchain/linux_x86_newlib/bin/../lib/gcc/x86_64-nacl/4.4.3/../../../../x86_64-nacl/lib/../lib32/libcrt_common.a(lib_a-wctomb_r.o)
                0x00000000000274c0                __ascii_wctomb
                0x0000000000027520                __utf8_wctomb
                0x0000000000027680                __sjis_wctomb
                0x0000000000027760                __eucjp_wctomb
                0x0000000000027860                __jis_wctomb
                0x0000000000027980                _wctomb_r
 .text          0x0000000000027a00      0x280 /home/tx/workspace/nacl_sdk/pepper_29/toolchain/linux_x86_newlib/bin/../lib/gcc/x86_64-nacl/4.4.3/../../../../x86_64-nacl/lib/../lib32/libcrt_common.a(lib_a-wsetup.o)
                0x0000000000027a00                __swsetup_r
 .text          0x0000000000027c80       0x20 /home/tx/workspace/nacl_sdk/pepper_29/toolchain/linux_x86_newlib/bin/../lib/gcc/x86_64-nacl/4.4.3/../../../../x86_64-nacl/lib/../lib32/libcrt_common.a(lib_a-abort.o)
                0x0000000000027c80                abort
 .text          0x0000000000027ca0      0x300 /home/tx/workspace/nacl_sdk/pepper_29/toolchain/linux_x86_newlib/bin/../lib/gcc/x86_64-nacl/4.4.3/../../../../x86_64-nacl/lib/../lib32/libcrt_common.a(lib_a-__call_atexit.o)
                0x0000000000027ca0                __call_exitprocs
 .text          0x0000000000027fa0       0x40 /home/tx/workspace/nacl_sdk/pepper_29/toolchain/linux_x86_newlib/bin/../lib/gcc/x86_64-nacl/4.4.3/../../../../x86_64-nacl/lib/../lib32/libcrt_common.a(lib_a-envlock.o)
                0x0000000000027fa0                __env_unlock
                0x0000000000027fc0                __env_lock
 .text          0x0000000000027fe0      0x5c0 /home/tx/workspace/nacl_sdk/pepper_29/toolchain/linux_x86_newlib/bin/../lib/gcc/x86_64-nacl/4.4.3/../../../../x86_64-nacl/lib/../lib32/libcrt_common.a(lib_a-fflush.o)
                0x0000000000027fe0                __sflush_r
                0x00000000000283e0                _fflush_r
                0x0000000000028500                fflush
 .text          0x00000000000285a0      0x860 /home/tx/workspace/nacl_sdk/pepper_29/toolchain/linux_x86_newlib/bin/../lib/gcc/x86_64-nacl/4.4.3/../../../../x86_64-nacl/lib/../lib32/libcrt_common.a(lib_a-findfp.o)
                0x00000000000285a0                _cleanup_r
                0x00000000000285e0                _cleanup
                0x0000000000028660                __sinit_lock_release
                0x00000000000286a0                __sfp_lock_release
                0x00000000000286e0                __fp_unlock_all
                0x0000000000028780                __sinit_lock_acquire
                0x00000000000287c0                __sfp_lock_acquire
                0x0000000000028800                __fp_lock_all
                0x0000000000028940                __sinit
                0x0000000000028ae0                __sfmoreglue
                0x0000000000028b80                __sfp
 .text          0x0000000000028e00      0x3e0 /home/tx/workspace/nacl_sdk/pepper_29/toolchain/linux_x86_newlib/bin/../lib/gcc/x86_64-nacl/4.4.3/../../../../x86_64-nacl/lib/../lib32/libcrt_common.a(lib_a-fputwc.o)
                0x0000000000028e00                _fputwc_r
                0x0000000000029120                fputwc
 .text          0x00000000000291e0      0x7c0 /home/tx/workspace/nacl_sdk/pepper_29/toolchain/linux_x86_newlib/bin/../lib/gcc/x86_64-nacl/4.4.3/../../../../x86_64-nacl/lib/../lib32/libcrt_common.a(lib_a-fvwrite.o)
                0x00000000000291e0                __sfvwrite_r
 .text          0x00000000000299a0      0x360 /home/tx/workspace/nacl_sdk/pepper_29/toolchain/linux_x86_newlib/bin/../lib/gcc/x86_64-nacl/4.4.3/../../../../x86_64-nacl/lib/../lib32/libcrt_common.a(lib_a-fwalk.o)
                0x00000000000299a0                _fwalk_reent
                0x0000000000029b20                _fwalk
 .text          0x0000000000029d00     0x1880 /home/tx/workspace/nacl_sdk/pepper_29/toolchain/linux_x86_newlib/bin/../lib/gcc/x86_64-nacl/4.4.3/../../../../x86_64-nacl/lib/../lib32/libcrt_common.a(lib_a-locale.o)
                0x0000000000029d00                __locale_charset
                0x0000000000029d20                __locale_mb_cur_max
                0x0000000000029d40                __locale_msgcharset
                0x0000000000029d60                __locale_cjk_lang
                0x0000000000029d80                _localeconv_r
                0x0000000000029da0                localeconv
                0x000000000002ae60                _setlocale_r
                0x000000000002b520                setlocale
 .text          0x000000000002b580      0x260 /home/tx/workspace/nacl_sdk/pepper_29/toolchain/linux_x86_newlib/bin/../lib/gcc/x86_64-nacl/4.4.3/../../../../x86_64-nacl/lib/../lib32/libcrt_common.a(lib_a-makebuf.o)
                0x000000000002b580                __smakebuf_r
 .text          0x000000000002b7e0      0xd20 /home/tx/workspace/nacl_sdk/pepper_29/toolchain/linux_x86_newlib/bin/../lib/gcc/x86_64-nacl/4.4.3/../../../../x86_64-nacl/lib/../lib32/libcrt_common.a(lib_a-mbtowc_r.o)
                0x000000000002b7e0                __ascii_mbtowc
                0x000000000002b860                __utf8_mbtowc
                0x000000000002be00                __sjis_mbtowc
                0x000000000002bf80                __eucjp_mbtowc
                0x000000000002c1e0                __jis_mbtowc
                0x000000000002c480                _mbtowc_r
 .text          0x000000000002c500       0xa0 /home/tx/workspace/nacl_sdk/pepper_29/toolchain/linux_x86_newlib/bin/../lib/gcc/x86_64-nacl/4.4.3/../../../../x86_64-nacl/lib/../lib32/libcrt_common.a(lib_a-memchr.o)
                0x000000000002c500                memchr
 .text          0x000000000002c5a0       0xa0 /home/tx/workspace/nacl_sdk/pepper_29/toolchain/linux_x86_newlib/bin/../lib/gcc/x86_64-nacl/4.4.3/../../../../x86_64-nacl/lib/../lib32/libcrt_common.a(lib_a-memmove.o)
                0x000000000002c5a0                memmove
 .text          0x000000000002c640       0xa0 /home/tx/workspace/nacl_sdk/pepper_29/toolchain/linux_x86_newlib/bin/../lib/gcc/x86_64-nacl/4.4.3/../../../../x86_64-nacl/lib/../lib32/libcrt_common.a(lib_a-memset.o)
                0x000000000002c640                memset
 .text          0x000000000002c6e0      0x200 /home/tx/workspace/nacl_sdk/pepper_29/toolchain/linux_x86_newlib/bin/../lib/gcc/x86_64-nacl/4.4.3/../../../../x86_64-nacl/lib/../lib32/libcrt_common.a(lib_a-stdio.o)
                0x000000000002c6e0                __seofread
                0x000000000002c700                __sclose
                0x000000000002c720                __sseek
                0x000000000002c7a0                __swrite
                0x000000000002c860                __sread
 .text          0x000000000002c8e0       0x80 /home/tx/workspace/nacl_sdk/pepper_29/toolchain/linux_x86_newlib/bin/../lib/gcc/x86_64-nacl/4.4.3/../../../../x86_64-nacl/lib/../lib32/libcrt_common.a(lib_a-strcasecmp.o)
                0x000000000002c8e0                strcasecmp
 .text          0x000000000002c960      0x120 /home/tx/workspace/nacl_sdk/pepper_29/toolchain/linux_x86_newlib/bin/../lib/gcc/x86_64-nacl/4.4.3/../../../../x86_64-nacl/lib/../lib32/libcrt_common.a(lib_a-strchr.o)
                0x000000000002c960                strchr
 .text          0x000000000002ca80       0xa0 /home/tx/workspace/nacl_sdk/pepper_29/toolchain/linux_x86_newlib/bin/../lib/gcc/x86_64-nacl/4.4.3/../../../../x86_64-nacl/lib/../lib32/libcrt_common.a(lib_a-strlcpy.o)
                0x000000000002ca80                strlcpy
 .text          0x000000000002cb20       0xa0 /home/tx/workspace/nacl_sdk/pepper_29/toolchain/linux_x86_newlib/bin/../lib/gcc/x86_64-nacl/4.4.3/../../../../x86_64-nacl/lib/../lib32/libcrt_common.a(lib_a-strncasecmp.o)
                0x000000000002cb20                strncasecmp
 .text          0x000000000002cbc0      0x140 /home/tx/workspace/nacl_sdk/pepper_29/toolchain/linux_x86_newlib/bin/../lib/gcc/x86_64-nacl/4.4.3/../../../../x86_64-nacl/lib/../lib32/libcrt_common.a(lib_a-strncpy.o)
                0x000000000002cbc0                strncpy
 .text          0x000000000002cd00      0x380 /home/tx/workspace/nacl_sdk/pepper_29/toolchain/linux_x86_newlib/bin/../lib/gcc/x86_64-nacl/4.4.3/../../../../x86_64-nacl/lib/../lib32/libcrt_common.a(lib_a-strtol.o)
                0x000000000002cd00                _strtol_r
                0x000000000002d020                strtol
 .text          0x000000000002d080      0x2a0 /home/tx/workspace/nacl_sdk/pepper_29/toolchain/linux_x86_newlib/bin/../lib/gcc/x86_64-nacl/4.4.3/../../../../x86_64-nacl/lib/../lib32/libcrt_common.a(lib_a-wbuf.o)
                0x000000000002d080                __swbuf_r
                0x000000000002d2c0                __swbuf
 .text          0x000000000002d320      0x300 /home/tx/workspace/nacl_sdk/pepper_29/toolchain/linux_x86_newlib/bin/../lib/gcc/x86_64-nacl/4.4.3/../../../../x86_64-nacl/lib/../lib32/libcrt_common.a(lib_a-wcsnrtombs.o)
                0x000000000002d320                _wcsnrtombs_r
                0x000000000002d5a0                wcsnrtombs
 .text          0x000000000002d620       0xa0 /home/tx/workspace/nacl_sdk/pepper_29/toolchain/linux_x86_newlib/bin/../lib/gcc/x86_64-nacl/4.4.3/../../../../x86_64-nacl/lib/../lib32/libcrt_common.a(lib_a-writer.o)
                0x000000000002d620                _write_r
 .text          0x000000000002d6c0      0x220 /home/tx/workspace/nacl_sdk/pepper_29/toolchain/linux_x86_newlib/bin/../lib/gcc/x86_64-nacl/4.4.3/../../../../x86_64-nacl/lib/../lib32/libcrt_common.a(lib_a-__atexit.o)
                0x000000000002d6c0                __register_exitproc
 .text          0x000000000002d8e0       0x80 /home/tx/workspace/nacl_sdk/pepper_29/toolchain/linux_x86_newlib/bin/../lib/gcc/x86_64-nacl/4.4.3/../../../../x86_64-nacl/lib/../lib32/libcrt_common.a(lib_a-closer.o)
                0x000000000002d8e0                _close_r
 .text          0x000000000002d960       0x20 /home/tx/workspace/nacl_sdk/pepper_29/toolchain/linux_x86_newlib/bin/../lib/gcc/x86_64-nacl/4.4.3/../../../../x86_64-nacl/lib/../lib32/libcrt_common.a(lib_a-ctype_.o)
                0x000000000002d960                __set_ctype
 .text          0x000000000002d980      0x300 /home/tx/workspace/nacl_sdk/pepper_29/toolchain/linux_x86_newlib/bin/../lib/gcc/x86_64-nacl/4.4.3/../../../../x86_64-nacl/lib/../lib32/libcrt_common.a(lib_a-fclose.o)
                0x000000000002d980                _fclose_r
                0x000000000002dc20                fclose
 .text          0x000000000002dc80       0xa0 /home/tx/workspace/nacl_sdk/pepper_29/toolchain/linux_x86_newlib/bin/../lib/gcc/x86_64-nacl/4.4.3/../../../../x86_64-nacl/lib/../lib32/libcrt_common.a(lib_a-fstatr.o)
                0x000000000002dc80                _fstat_r
 .text          0x000000000002dd20       0x80 /home/tx/workspace/nacl_sdk/pepper_29/toolchain/linux_x86_newlib/bin/../lib/gcc/x86_64-nacl/4.4.3/../../../../x86_64-nacl/lib/../lib32/libcrt_common.a(lib_a-isattyr.o)
                0x000000000002dd20                _isatty_r
 .text          0x000000000002dda0       0xa0 /home/tx/workspace/nacl_sdk/pepper_29/toolchain/linux_x86_newlib/bin/../lib/gcc/x86_64-nacl/4.4.3/../../../../x86_64-nacl/lib/../lib32/libcrt_common.a(lib_a-lseekr.o)
                0x000000000002dda0                _lseek_r
 .text          0x000000000002de40       0xa0 /home/tx/workspace/nacl_sdk/pepper_29/toolchain/linux_x86_newlib/bin/../lib/gcc/x86_64-nacl/4.4.3/../../../../x86_64-nacl/lib/../lib32/libcrt_common.a(lib_a-readr.o)
                0x000000000002de40                _read_r
 .text          0x000000000002dee0      0x3c0 /home/tx/workspace/nacl_sdk/pepper_29/toolchain/linux_x86_newlib/bin/../lib/gcc/x86_64-nacl/4.4.3/../../../../x86_64-nacl/lib/../lib32/libcrt_common.a(lib_a-reent.o)
                0x000000000002dee0                _wrapup_reent
                0x000000000002e020                cleanup_glue
                0x000000000002e080                _reclaim_reent
 .text          0x000000000002e2a0       0x20 /home/tx/workspace/nacl_sdk/pepper_29/toolchain/linux_x86_newlib/bin/../lib/gcc/x86_64-nacl/4.4.3/../../../../x86_64-nacl/lib/../lib32/libcrt_common.a(lib_a-isatty.o)
                0x000000000002e2a0                isatty
 .text          0x000000000002e2c0       0xa0 /home/tx/workspace/nacl_sdk/pepper_29/toolchain/linux_x86_newlib/bin/../lib/gcc/x86_64-nacl/4.4.3/../../../../x86_64-nacl/lib/../lib32/libcrt_common.a(lib_a-_isatty.o)
                0x000000000002e2c0                _isatty
 .text          0x000000000002e360       0x40 /home/tx/workspace/nacl_sdk/pepper_29/toolchain/linux_x86_newlib/bin/../lib/gcc/x86_64-nacl/4.4.3/../../../../x86_64-nacl/lib/../lib32/libcrt_common.a(lib_a-errno.o)
                0x000000000002e360                __errno
 .text          0x000000000002e3a0      0x3c0 /home/tx/workspace/nacl_sdk/pepper_29/toolchain/linux_x86_newlib/bin/../lib/gcc/x86_64-nacl/4.4.3/../../../../x86_64-nacl/lib/../lib32/libnacl.a(nacl_irt.o)
                0x000000000002e3c0                __libnacl_irt_query
                0x000000000002e4c0                __libnacl_mandatory_irt_query
                0x000000000002e5a0                __libnacl_irt_init
 .text          0x000000000002e760       0xa0 /home/tx/workspace/nacl_sdk/pepper_29/toolchain/linux_x86_newlib/bin/../lib/gcc/x86_64-nacl/4.4.3/../../../../x86_64-nacl/lib/../lib32/libnacl.a(close.o)
                0x000000000002e760                close
 .text          0x000000000002e800       0x40 /home/tx/workspace/nacl_sdk/pepper_29/toolchain/linux_x86_newlib/bin/../lib/gcc/x86_64-nacl/4.4.3/../../../../x86_64-nacl/lib/../lib32/libnacl.a(_exit.o)
                0x000000000002e800                _exit
 .text          0x000000000002e840       0xa0 /home/tx/workspace/nacl_sdk/pepper_29/toolchain/linux_x86_newlib/bin/../lib/gcc/x86_64-nacl/4.4.3/../../../../x86_64-nacl/lib/../lib32/libnacl.a(fstat.o)
                0x000000000002e840                fstat
 .text          0x000000000002e8e0       0xc0 /home/tx/workspace/nacl_sdk/pepper_29/toolchain/linux_x86_newlib/bin/../lib/gcc/x86_64-nacl/4.4.3/../../../../x86_64-nacl/lib/../lib32/libnacl.a(lseek.o)
                0x000000000002e8e0                lseek
 .text          0x000000000002e9a0     0x6b40 /home/tx/workspace/nacl_sdk/pepper_29/toolchain/linux_x86_newlib/bin/../lib/gcc/x86_64-nacl/4.4.3/../../../../x86_64-nacl/lib/../lib32/libnacl.a(malloc.o)
                0x000000000002e9a0                malloc_footprint
                0x000000000002e9c0                malloc_max_footprint
                0x000000000002e9e0                malloc_footprint_limit
                0x000000000002ea00                malloc_set_footprint_limit
                0x000000000002ea40                malloc_usable_size
                0x000000000002ec80                mallopt
                0x0000000000030380                bulk_free
                0x0000000000030580                malloc_trim
                0x00000000000306a0                free
                0x0000000000031280                _free_r
                0x00000000000312a0                mallinfo
                0x0000000000031640                malloc_stats
                0x00000000000319a0                malloc
                0x0000000000033f00                _malloc_r
                0x0000000000033f20                calloc
                0x0000000000033fe0                _calloc_r
                0x0000000000034620                realloc
                0x00000000000348a0                _realloc_r
                0x00000000000348c0                realloc_in_place
                0x0000000000034da0                memalign
                0x0000000000034de0                pvalloc
                0x0000000000034e40                valloc
                0x0000000000034ea0                posix_memalign
                0x0000000000035460                independent_calloc
                0x00000000000354c0                independent_comalloc
 .text          0x00000000000354e0       0xc0 /home/tx/workspace/nacl_sdk/pepper_29/toolchain/linux_x86_newlib/bin/../lib/gcc/x86_64-nacl/4.4.3/../../../../x86_64-nacl/lib/../lib32/libnacl.a(mmap.o)
                0x00000000000354e0                mmap
 .text          0x00000000000355a0       0xa0 /home/tx/workspace/nacl_sdk/pepper_29/toolchain/linux_x86_newlib/bin/../lib/gcc/x86_64-nacl/4.4.3/../../../../x86_64-nacl/lib/../lib32/libnacl.a(munmap.o)
                0x00000000000355a0                munmap
 .text          0x0000000000035640       0x20 /home/tx/workspace/nacl_sdk/pepper_29/toolchain/linux_x86_newlib/bin/../lib/gcc/x86_64-nacl/4.4.3/../../../../x86_64-nacl/lib/../lib32/libnacl.a(nacl_read_tp.o)
                0x0000000000035640                __nacl_read_tp
 .text          0x0000000000035660       0xc0 /home/tx/workspace/nacl_sdk/pepper_29/toolchain/linux_x86_newlib/bin/../lib/gcc/x86_64-nacl/4.4.3/../../../../x86_64-nacl/lib/../lib32/libnacl.a(read.o)
                0x0000000000035660                read
 .text          0x0000000000035720       0xa0 /home/tx/workspace/nacl_sdk/pepper_29/toolchain/linux_x86_newlib/bin/../lib/gcc/x86_64-nacl/4.4.3/../../../../x86_64-nacl/lib/../lib32/libnacl.a(pthread_initialize_minimal.o)
                0x0000000000035720                __pthread_initialize_minimal
 .text          0x00000000000357c0      0x140 /home/tx/workspace/nacl_sdk/pepper_29/toolchain/linux_x86_newlib/bin/../lib/gcc/x86_64-nacl/4.4.3/../../../../x86_64-nacl/lib/../lib32/libnacl.a(sbrk.o)
                0x00000000000357c0                sbrk
 .text          0x0000000000035900       0xa0 /home/tx/workspace/nacl_sdk/pepper_29/toolchain/linux_x86_newlib/bin/../lib/gcc/x86_64-nacl/4.4.3/../../../../x86_64-nacl/lib/../lib32/libnacl.a(sched_yield.o)
                0x0000000000035900                sched_yield
 .text          0x00000000000359a0      0x120 /home/tx/workspace/nacl_sdk/pepper_29/toolchain/linux_x86_newlib/bin/../lib/gcc/x86_64-nacl/4.4.3/../../../../x86_64-nacl/lib/../lib32/libnacl.a(start.o)
                0x00000000000359a0                _start
 .text          0x0000000000035ac0       0xa0 /home/tx/workspace/nacl_sdk/pepper_29/toolchain/linux_x86_newlib/bin/../lib/gcc/x86_64-nacl/4.4.3/../../../../x86_64-nacl/lib/../lib32/libnacl.a(sysconf.o)
                0x0000000000035ac0                sysconf
 .text          0x0000000000035b60      0x300 /home/tx/workspace/nacl_sdk/pepper_29/toolchain/linux_x86_newlib/bin/../lib/gcc/x86_64-nacl/4.4.3/../../../../x86_64-nacl/lib/../lib32/libnacl.a(tls.o)
                0x0000000000035ce0                __nacl_tls_combined_size
                0x0000000000035d60                __nacl_tls_initialize_memory
 .text          0x0000000000035e60       0xc0 /home/tx/workspace/nacl_sdk/pepper_29/toolchain/linux_x86_newlib/bin/../lib/gcc/x86_64-nacl/4.4.3/../../../../x86_64-nacl/lib/../lib32/libnacl.a(write.o)
                0x0000000000035e60                write
 .text          0x0000000000035f20       0x20 /home/tx/workspace/nacl_sdk/pepper_29/toolchain/linux_x86_newlib/bin/../lib/gcc/x86_64-nacl/4.4.3/../../../../x86_64-nacl/lib/../lib32/libnacl.a(nacl_tls_init.o)
                0x0000000000035f20                nacl_tls_init
 .text          0x0000000000035f40       0x60 /home/tx/workspace/nacl_sdk/pepper_29/toolchain/linux_x86_newlib/bin/../lib/gcc/x86_64-nacl/4.4.3/../../../../x86_64-nacl/lib/../lib32/libcrt_common.a(lib_a-atexit.o)
                0x0000000000035f40                atexit
 .text          0x0000000000035fa0       0x80 /home/tx/workspace/nacl_sdk/pepper_29/toolchain/linux_x86_newlib/bin/../lib/gcc/x86_64-nacl/4.4.3/../../../../x86_64-nacl/lib/../lib32/libcrt_common.a(lib_a-fini.o)
                0x0000000000035fa0                __libc_fini_array
 .text          0x0000000000036020       0xe0 /home/tx/workspace/nacl_sdk/pepper_29/toolchain/linux_x86_newlib/bin/../lib/gcc/x86_64-nacl/4.4.3/../../../../x86_64-nacl/lib/../lib32/libcrt_common.a(lib_a-fprintf.o)
                0x0000000000036020                fprintf
                0x00000000000360a0                _fprintf_r
 .text          0x0000000000036100      0x100 /home/tx/workspace/nacl_sdk/pepper_29/toolchain/linux_x86_newlib/bin/../lib/gcc/x86_64-nacl/4.4.3/../../../../x86_64-nacl/lib/../lib32/libcrt_common.a(lib_a-init.o)
                0x0000000000036100                __libc_init_array
 .text          0x0000000000036200     0x48a0 /home/tx/workspace/nacl_sdk/pepper_29/toolchain/linux_x86_newlib/bin/../lib/gcc/x86_64-nacl/4.4.3/../../../../x86_64-nacl/lib/../lib32/libcrt_common.a(lib_a-vfprintf.o)
                0x0000000000036200                _vfprintf_r
                0x000000000003aa40                vfprintf
 .text          0x000000000003aaa0     0x2260 /home/tx/workspace/nacl_sdk/pepper_29/toolchain/linux_x86_newlib/bin/../lib/gcc/x86_64-nacl/4.4.3/../../../../x86_64-nacl/lib/../lib32/libcrt_common.a(lib_a-dtoa.o)
                0x000000000003adc0                _dtoa_r
 .text          0x000000000003cd00     0x1840 /home/tx/workspace/nacl_sdk/pepper_29/toolchain/linux_x86_newlib/bin/../lib/gcc/x86_64-nacl/4.4.3/../../../../x86_64-nacl/lib/../lib32/libcrt_common.a(lib_a-mprec.o)
                0x000000000003cd00                _Bfree
                0x000000000003cd40                __hi0bits
                0x000000000003ce00                __lo0bits
                0x000000000003cf80                __mcmp
                0x000000000003d020                __ulp
                0x000000000003d100                __b2d
                0x000000000003d280                __ratio
                0x000000000003d320                _mprec_log10
                0x000000000003d380                __copybits
                0x000000000003d440                __any_on
                0x000000000003d560                _Balloc
                0x000000000003d680                __d2b
                0x000000000003d860                __mdiff
                0x000000000003dae0                __lshift
                0x000000000003dca0                __multiply
                0x000000000003dfa0                __i2b
                0x000000000003dfe0                __multadd
                0x000000000003e120                __pow5mult
                0x000000000003e360                __s2b
 .text          0x000000000003e540      0x140 /home/tx/workspace/nacl_sdk/pepper_29/toolchain/linux_x86_newlib/bin/../lib/gcc/x86_64-nacl/4.4.3/../../../../x86_64-nacl/lib/../lib32/libcrt_common.a(lib_a-s_fpclassify.o)
                0x000000000003e540                __fpclassifyd
 .text          0x000000000003e680       0xe0 /home/tx/workspace/nacl_sdk/pepper_29/toolchain/linux_x86_newlib/bin/../lib/gcc/x86_64-nacl/4.4.3/../../../../x86_64-nacl/lib/../lib32/libcrt_common.a(lib_a-s_frexp.o)
                0x000000000003e680                frexp
 .text          0x000000000003e760      0x1e0 /home/tx/workspace/nacl_sdk/pepper_29/toolchain/linux_x86_newlib/bin/../lib/gcc/x86_64-nacl/4.4.3/32/libgcc.a(_udivdi3.o)
                0x000000000003e760                __udivdi3
 .text          0x000000000003e940      0x240 /home/tx/workspace/nacl_sdk/pepper_29/toolchain/linux_x86_newlib/bin/../lib/gcc/x86_64-nacl/4.4.3/32/libgcc.a(_umoddi3.o)
                0x000000000003e940                __umoddi3
 .text          0x000000000003eb80       0x80 /home/tx/workspace/nacl_sdk/pepper_29/toolchain/linux_x86_newlib/bin/../lib/gcc/x86_64-nacl/4.4.3/32/crtend.o
 .text          0x000000000003ec00        0x0 /home/tx/workspace/nacl_sdk/pepper_29/toolchain/linux_x86_newlib/bin/../lib/gcc/x86_64-nacl/4.4.3/../../../../x86_64-nacl/lib/../lib32/crtn.o
 *(.gnu.warning)

.fini           0x000000000003ec00       0x60
 *(.fini)
 .fini          0x000000000003ec00       0x20 /home/tx/workspace/nacl_sdk/pepper_29/toolchain/linux_x86_newlib/bin/../lib/gcc/x86_64-nacl/4.4.3/../../../../x86_64-nacl/lib/../lib32/crti.o
                0x000000000003ec00                _fini
 .fini          0x000000000003ec20       0x20 /home/tx/workspace/nacl_sdk/pepper_29/toolchain/linux_x86_newlib/bin/../lib/gcc/x86_64-nacl/4.4.3/32/crtbegin.o
 .fini          0x000000000003ec40       0x20 /home/tx/workspace/nacl_sdk/pepper_29/toolchain/linux_x86_newlib/bin/../lib/gcc/x86_64-nacl/4.4.3/../../../../x86_64-nacl/lib/../lib32/crtn.o
                0x000000000003ec60                PROVIDE (__etext, .)
                0x000000000003ec60                PROVIDE (_etext, .)
                0x000000000003ec60                PROVIDE (etext, .)
                0x000000000003ec80                . = (. + 0x20)
                0x0000000010020000                . = DEFINED (__nacl_rodata_after_text)?.:0x10020000
                0x0000000010020000                . = ALIGN (0x10000)

.note.gnu.build-id
                0x0000000010020000       0x24
                0x0000000010020000                PROVIDE (__note_gnu_build_id_start, .)
 *(.note.gnu.build-id)
 .note.gnu.build-id
                0x0000000010020000       0x24 /home/tx/workspace/nacl_sdk/pepper_29/toolchain/linux_x86_newlib/bin/../lib/gcc/x86_64-nacl/4.4.3/../../../../x86_64-nacl/lib/../lib32/crti.o
                0x0000000010020024                PROVIDE (__note_gnu_build_id_end, .)

.rodata         0x0000000010020040      0xf98
 *(.rodata .rodata.* .gnu.linkonce.r.*)
 .rodata        0x0000000010020040       0x7b newlib/Debug/tmp_x86_32.o
 *fill*         0x00000000100200bb        0x1 00
 .rodata        0x00000000100200bc        0xc /home/tx/workspace/nacl_sdk/pepper_29/toolchain/linux_x86_newlib/bin/../lib/gcc/x86_64-nacl/4.4.3/../../../../x86_64-nacl/lib/../lib32/libppapi_stub.a(ppapi_plugin_main.o)
 .rodata.str1.4
                0x00000000100200c8       0x99 /home/tx/workspace/nacl_sdk/pepper_29/toolchain/linux_x86_newlib/bin/../lib/gcc/x86_64-nacl/4.4.3/../../../../x86_64-nacl/lib/../lib32/libppapi_stub.a(ppapi_plugin_start.o)
 .rodata.str1.1
                0x0000000010020161       0x17 /home/tx/workspace/nacl_sdk/pepper_29/toolchain/linux_x86_newlib/bin/../lib/gcc/x86_64-nacl/4.4.3/../../../../x86_64-nacl/lib/../lib32/libppapi_stub.a(ppapi_plugin_start.o)
 .rodata        0x0000000010020178        0x8 /home/tx/workspace/nacl_sdk/pepper_29/toolchain/linux_x86_newlib/bin/../lib/gcc/x86_64-nacl/4.4.3/../../../../x86_64-nacl/lib/../lib32/libppapi_stub.a(thread_creator.o)
 .rodata.str1.1
                0x0000000010020180        0xc /home/tx/workspace/nacl_sdk/pepper_29/toolchain/linux_x86_newlib/bin/../lib/gcc/x86_64-nacl/4.4.3/../../../../x86_64-nacl/lib/../lib32/libpthread.a(nc_thread.o)
 .rodata        0x000000001002018c        0x4 /home/tx/workspace/nacl_sdk/pepper_29/toolchain/linux_x86_newlib/bin/../lib/gcc/x86_64-nacl/4.4.3/../../../../x86_64-nacl/lib/../lib32/libpthread.a(nc_thread.o)
                0x000000001002018c                __nc_kMaxCachedMemoryBlocks
 .rodata.str1.1
                0x0000000010020190       0x4a /home/tx/workspace/nacl_sdk/pepper_29/toolchain/linux_x86_newlib/bin/../lib/gcc/x86_64-nacl/4.4.3/../../../../x86_64-nacl/lib/../lib32/libpthread.a(nc_init_irt.o)
 .rodata.str1.1
                0x00000000100201da       0x14 /home/tx/workspace/nacl_sdk/pepper_29/toolchain/linux_x86_newlib/bin/../lib/gcc/x86_64-nacl/4.4.3/../../../../x86_64-nacl/lib/../lib32/libpthread.a(dynamic_annotations.o)
                                         0x16 (size before relaxing)
 .rodata.str1.1
                0x00000000100201ee       0x23 /home/tx/workspace/nacl_sdk/pepper_29/toolchain/linux_x86_newlib/bin/../lib/gcc/x86_64-nacl/4.4.3/../../../../x86_64-nacl/lib/../lib32/libpthread.a(futex.o)
 .rodata        0x0000000010020211       0x47 /home/tx/workspace/nacl_sdk/pepper_29/toolchain/linux_x86_newlib/bin/../lib/gcc/x86_64-nacl/4.4.3/../../../../x86_64-nacl/lib/../lib32/libpthread.a(futex.o)
 .rodata.str1.1
                0x0000000010020258        0xd /home/tx/workspace/nacl_sdk/pepper_29/toolchain/linux_x86_newlib/bin/../lib/gcc/x86_64-nacl/4.4.3/../../../../x86_64-nacl/lib/../lib32/libcrt_common.a(lib_a-assert.o)
                                          0xe (size before relaxing)
 *fill*         0x0000000010020265        0x3 00
 .rodata.str1.4
                0x0000000010020268       0x2f /home/tx/workspace/nacl_sdk/pepper_29/toolchain/linux_x86_newlib/bin/../lib/gcc/x86_64-nacl/4.4.3/../../../../x86_64-nacl/lib/../lib32/libcrt_common.a(lib_a-assert.o)
 *fill*         0x0000000010020297        0x1 00
 .rodata        0x0000000010020298        0x4 /home/tx/workspace/nacl_sdk/pepper_29/toolchain/linux_x86_newlib/bin/../lib/gcc/x86_64-nacl/4.4.3/../../../../x86_64-nacl/lib/../lib32/libcrt_common.a(lib_a-impure.o)
                0x0000000010020298                _global_impure_ptr
 .rodata.str1.1
                0x0000000000000000        0xd /home/tx/workspace/nacl_sdk/pepper_29/toolchain/linux_x86_newlib/bin/../lib/gcc/x86_64-nacl/4.4.3/../../../../x86_64-nacl/lib/../lib32/libcrt_common.a(lib_a-impure.o)
                                          0x2 (size before relaxing)
 .rodata.str1.1
                0x000000001002029c       0x29 /home/tx/workspace/nacl_sdk/pepper_29/toolchain/linux_x86_newlib/bin/../lib/gcc/x86_64-nacl/4.4.3/../../../../x86_64-nacl/lib/../lib32/libcrt_common.a(lib_a-vfiprintf.o)
 *fill*         0x00000000100202c5        0x3 00
 .rodata        0x00000000100202c8      0x18c /home/tx/workspace/nacl_sdk/pepper_29/toolchain/linux_x86_newlib/bin/../lib/gcc/x86_64-nacl/4.4.3/../../../../x86_64-nacl/lib/../lib32/libcrt_common.a(lib_a-vfiprintf.o)
 .rodata.str1.1
                0x0000000010020454       0xea /home/tx/workspace/nacl_sdk/pepper_29/toolchain/linux_x86_newlib/bin/../lib/gcc/x86_64-nacl/4.4.3/../../../../x86_64-nacl/lib/../lib32/libcrt_common.a(lib_a-locale.o)
                                         0xf4 (size before relaxing)
 *fill*         0x000000001002053e        0x2 00
 .rodata        0x0000000010020540       0xf0 /home/tx/workspace/nacl_sdk/pepper_29/toolchain/linux_x86_newlib/bin/../lib/gcc/x86_64-nacl/4.4.3/../../../../x86_64-nacl/lib/../lib32/libcrt_common.a(lib_a-locale.o)
 *fill*         0x0000000010020630       0x10 00
 .rodata        0x0000000010020640      0x260 /home/tx/workspace/nacl_sdk/pepper_29/toolchain/linux_x86_newlib/bin/../lib/gcc/x86_64-nacl/4.4.3/../../../../x86_64-nacl/lib/../lib32/libcrt_common.a(lib_a-mbtowc_r.o)
 .rodata        0x00000000100208a0      0x2a0 /home/tx/workspace/nacl_sdk/pepper_29/toolchain/linux_x86_newlib/bin/../lib/gcc/x86_64-nacl/4.4.3/../../../../x86_64-nacl/lib/../lib32/libcrt_common.a(lib_a-ctype_.o)
                0x00000000100208a0                _ctype_
 .rodata.str1.4
                0x0000000010020b40       0x58 /home/tx/workspace/nacl_sdk/pepper_29/toolchain/linux_x86_newlib/bin/../lib/gcc/x86_64-nacl/4.4.3/../../../../x86_64-nacl/lib/../lib32/libnacl.a(nacl_irt.o)
 .rodata.str1.1
                0x0000000010020b98       0xa0 /home/tx/workspace/nacl_sdk/pepper_29/toolchain/linux_x86_newlib/bin/../lib/gcc/x86_64-nacl/4.4.3/../../../../x86_64-nacl/lib/../lib32/libnacl.a(nacl_irt.o)
 .rodata.str1.1
                0x0000000010020c38       0x4e /home/tx/workspace/nacl_sdk/pepper_29/toolchain/linux_x86_newlib/bin/../lib/gcc/x86_64-nacl/4.4.3/../../../../x86_64-nacl/lib/../lib32/libnacl.a(malloc.o)
 .rodata.str1.1
                0x0000000010020c86       0x10 /home/tx/workspace/nacl_sdk/pepper_29/toolchain/linux_x86_newlib/bin/../lib/gcc/x86_64-nacl/4.4.3/../../../../x86_64-nacl/lib/../lib32/libcrt_common.a(lib_a-vfprintf.o)
                                         0x3b (size before relaxing)
 *fill*         0x0000000010020c96        0x2 00
 .rodata        0x0000000010020c98      0x18c /home/tx/workspace/nacl_sdk/pepper_29/toolchain/linux_x86_newlib/bin/../lib/gcc/x86_64-nacl/4.4.3/../../../../x86_64-nacl/lib/../lib32/libcrt_common.a(lib_a-vfprintf.o)
 .rodata.cst4   0x0000000010020e24        0xc /home/tx/workspace/nacl_sdk/pepper_29/toolchain/linux_x86_newlib/bin/../lib/gcc/x86_64-nacl/4.4.3/../../../../x86_64-nacl/lib/../lib32/libcrt_common.a(lib_a-vfprintf.o)
 .rodata.str1.1
                0x0000000010020e30        0xd /home/tx/workspace/nacl_sdk/pepper_29/toolchain/linux_x86_newlib/bin/../lib/gcc/x86_64-nacl/4.4.3/../../../../x86_64-nacl/lib/../lib32/libcrt_common.a(lib_a-dtoa.o)
                                          0xf (size before relaxing)
 *fill*         0x0000000010020e3d        0x3 00
 .rodata.cst4   0x0000000010020e40       0x14 /home/tx/workspace/nacl_sdk/pepper_29/toolchain/linux_x86_newlib/bin/../lib/gcc/x86_64-nacl/4.4.3/../../../../x86_64-nacl/lib/../lib32/libcrt_common.a(lib_a-dtoa.o)
                                         0x18 (size before relaxing)
 *fill*         0x0000000010020e54        0x4 00
 .rodata.cst8   0x0000000010020e58       0x18 /home/tx/workspace/nacl_sdk/pepper_29/toolchain/linux_x86_newlib/bin/../lib/gcc/x86_64-nacl/4.4.3/../../../../x86_64-nacl/lib/../lib32/libcrt_common.a(lib_a-dtoa.o)
 *fill*         0x0000000010020e70       0x10 00
 .rodata        0x0000000010020e80      0x154 /home/tx/workspace/nacl_sdk/pepper_29/toolchain/linux_x86_newlib/bin/../lib/gcc/x86_64-nacl/4.4.3/../../../../x86_64-nacl/lib/../lib32/libcrt_common.a(lib_a-mprec.o)
                0x0000000010020e80                __mprec_tens
                0x0000000010020f60                __mprec_bigtens
                0x0000000010020fa0                __mprec_tinytens
 .rodata.cst4   0x0000000000000000        0x4 /home/tx/workspace/nacl_sdk/pepper_29/toolchain/linux_x86_newlib/bin/../lib/gcc/x86_64-nacl/4.4.3/../../../../x86_64-nacl/lib/../lib32/libcrt_common.a(lib_a-mprec.o)
 .rodata.cst4   0x0000000010020fd4        0x4 /home/tx/workspace/nacl_sdk/pepper_29/toolchain/linux_x86_newlib/bin/../lib/gcc/x86_64-nacl/4.4.3/../../../../x86_64-nacl/lib/../lib32/libcrt_common.a(lib_a-s_frexp.o)

.rodata1
 *(.rodata1)

.nacl_rpc_methods
 *(.nacl_rpc_methods)

.eh_frame_hdr   0x0000000010020fd8      0x524
 *(.eh_frame_hdr)
 .eh_frame_hdr  0x0000000010020fd8      0x524 /home/tx/workspace/nacl_sdk/pepper_29/toolchain/linux_x86_newlib/bin/../lib/gcc/x86_64-nacl/4.4.3/../../../../x86_64-nacl/lib/../lib32/libppapi_stub.a(plugin_main_irt.o)

.eh_frame       0x00000000100214fc      0xfc0
 *(.eh_frame)
 .eh_frame      0x00000000100214fc        0x0 /home/tx/workspace/nacl_sdk/pepper_29/toolchain/linux_x86_newlib/bin/../lib/gcc/x86_64-nacl/4.4.3/32/crtbegin.o
 .eh_frame      0x00000000100214fc       0x34 /home/tx/workspace/nacl_sdk/pepper_29/toolchain/linux_x86_newlib/bin/../lib/gcc/x86_64-nacl/4.4.3/../../../../x86_64-nacl/lib/../lib32/libppapi_stub.a(plugin_main_irt.o)
 .eh_frame      0x0000000010021530       0x14 /home/tx/workspace/nacl_sdk/pepper_29/toolchain/linux_x86_newlib/bin/../lib/gcc/x86_64-nacl/4.4.3/../../../../x86_64-nacl/lib/../lib32/libppapi_stub.a(ppapi_plugin_main.o)
                                         0x2c (size before relaxing)
 .eh_frame      0x0000000010021544       0x38 /home/tx/workspace/nacl_sdk/pepper_29/toolchain/linux_x86_newlib/bin/../lib/gcc/x86_64-nacl/4.4.3/../../../../x86_64-nacl/lib/../lib32/libppapi_stub.a(ppapi_plugin_start.o)
                                         0x50 (size before relaxing)
 .eh_frame      0x000000001002157c       0x3c /home/tx/workspace/nacl_sdk/pepper_29/toolchain/linux_x86_newlib/bin/../lib/gcc/x86_64-nacl/4.4.3/../../../../x86_64-nacl/lib/../lib32/libppapi_stub.a(thread_creator.o)
                                         0x54 (size before relaxing)
 .eh_frame      0x00000000100215b8      0x398 /home/tx/workspace/nacl_sdk/pepper_29/toolchain/linux_x86_newlib/bin/../lib/gcc/x86_64-nacl/4.4.3/../../../../x86_64-nacl/lib/../lib32/libpthread.a(nc_thread.o)
                                        0x3b0 (size before relaxing)
 .eh_frame      0x0000000010021950      0x110 /home/tx/workspace/nacl_sdk/pepper_29/toolchain/linux_x86_newlib/bin/../lib/gcc/x86_64-nacl/4.4.3/../../../../x86_64-nacl/lib/../lib32/libpthread.a(nc_mutex.o)
                                        0x128 (size before relaxing)
 .eh_frame      0x0000000010021a60       0x98 /home/tx/workspace/nacl_sdk/pepper_29/toolchain/linux_x86_newlib/bin/../lib/gcc/x86_64-nacl/4.4.3/../../../../x86_64-nacl/lib/../lib32/libpthread.a(nc_condvar.o)
                                         0xb0 (size before relaxing)
 .eh_frame      0x0000000010021af8       0x14 /home/tx/workspace/nacl_sdk/pepper_29/toolchain/linux_x86_newlib/bin/../lib/gcc/x86_64-nacl/4.4.3/../../../../x86_64-nacl/lib/../lib32/libpthread.a(nc_init_irt.o)
                                         0x2c (size before relaxing)
 .eh_frame      0x0000000010021b0c      0x300 /home/tx/workspace/nacl_sdk/pepper_29/toolchain/linux_x86_newlib/bin/../lib/gcc/x86_64-nacl/4.4.3/../../../../x86_64-nacl/lib/../lib32/libpthread.a(dynamic_annotations.o)
                                        0x318 (size before relaxing)
 .eh_frame      0x0000000010021e0c       0x74 /home/tx/workspace/nacl_sdk/pepper_29/toolchain/linux_x86_newlib/bin/../lib/gcc/x86_64-nacl/4.4.3/../../../../x86_64-nacl/lib/../lib32/libpthread.a(futex.o)
                                         0x8c (size before relaxing)
 .eh_frame      0x0000000010021e80       0x60 /home/tx/workspace/nacl_sdk/pepper_29/toolchain/linux_x86_newlib/bin/../lib/gcc/x86_64-nacl/4.4.3/../../../../x86_64-nacl/lib/../lib32/libnacl.a(nacl_irt.o)
                                         0x78 (size before relaxing)
 .eh_frame      0x0000000010021ee0       0x1c /home/tx/workspace/nacl_sdk/pepper_29/toolchain/linux_x86_newlib/bin/../lib/gcc/x86_64-nacl/4.4.3/../../../../x86_64-nacl/lib/../lib32/libnacl.a(close.o)
                                         0x34 (size before relaxing)
 .eh_frame      0x0000000010021efc       0x14 /home/tx/workspace/nacl_sdk/pepper_29/toolchain/linux_x86_newlib/bin/../lib/gcc/x86_64-nacl/4.4.3/../../../../x86_64-nacl/lib/../lib32/libnacl.a(_exit.o)
                                         0x2c (size before relaxing)
 .eh_frame      0x0000000010021f10       0x1c /home/tx/workspace/nacl_sdk/pepper_29/toolchain/linux_x86_newlib/bin/../lib/gcc/x86_64-nacl/4.4.3/../../../../x86_64-nacl/lib/../lib32/libnacl.a(fstat.o)
                                         0x34 (size before relaxing)
 .eh_frame      0x0000000010021f2c       0x1c /home/tx/workspace/nacl_sdk/pepper_29/toolchain/linux_x86_newlib/bin/../lib/gcc/x86_64-nacl/4.4.3/../../../../x86_64-nacl/lib/../lib32/libnacl.a(lseek.o)
                                         0x34 (size before relaxing)
 .eh_frame      0x0000000010021f48      0x3b0 /home/tx/workspace/nacl_sdk/pepper_29/toolchain/linux_x86_newlib/bin/../lib/gcc/x86_64-nacl/4.4.3/../../../../x86_64-nacl/lib/../lib32/libnacl.a(malloc.o)
                                        0x3c8 (size before relaxing)
 .eh_frame      0x00000000100222f8       0x1c /home/tx/workspace/nacl_sdk/pepper_29/toolchain/linux_x86_newlib/bin/../lib/gcc/x86_64-nacl/4.4.3/../../../../x86_64-nacl/lib/../lib32/libnacl.a(mmap.o)
                                         0x34 (size before relaxing)
 .eh_frame      0x0000000010022314       0x1c /home/tx/workspace/nacl_sdk/pepper_29/toolchain/linux_x86_newlib/bin/../lib/gcc/x86_64-nacl/4.4.3/../../../../x86_64-nacl/lib/../lib32/libnacl.a(munmap.o)
                                         0x34 (size before relaxing)
 .eh_frame      0x0000000010022330       0x14 /home/tx/workspace/nacl_sdk/pepper_29/toolchain/linux_x86_newlib/bin/../lib/gcc/x86_64-nacl/4.4.3/../../../../x86_64-nacl/lib/../lib32/libnacl.a(nacl_read_tp.o)
                                         0x2c (size before relaxing)
 .eh_frame      0x0000000010022344       0x1c /home/tx/workspace/nacl_sdk/pepper_29/toolchain/linux_x86_newlib/bin/../lib/gcc/x86_64-nacl/4.4.3/../../../../x86_64-nacl/lib/../lib32/libnacl.a(read.o)
                                         0x34 (size before relaxing)
 .eh_frame      0x0000000010022360       0x1c /home/tx/workspace/nacl_sdk/pepper_29/toolchain/linux_x86_newlib/bin/../lib/gcc/x86_64-nacl/4.4.3/../../../../x86_64-nacl/lib/../lib32/libnacl.a(pthread_initialize_minimal.o)
                                         0x34 (size before relaxing)
 .eh_frame      0x000000001002237c       0x1c /home/tx/workspace/nacl_sdk/pepper_29/toolchain/linux_x86_newlib/bin/../lib/gcc/x86_64-nacl/4.4.3/../../../../x86_64-nacl/lib/../lib32/libnacl.a(sbrk.o)
                                         0x34 (size before relaxing)
 .eh_frame      0x0000000010022398       0x1c /home/tx/workspace/nacl_sdk/pepper_29/toolchain/linux_x86_newlib/bin/../lib/gcc/x86_64-nacl/4.4.3/../../../../x86_64-nacl/lib/../lib32/libnacl.a(sched_yield.o)
                                         0x34 (size before relaxing)
 .eh_frame      0x00000000100223b4       0x20 /home/tx/workspace/nacl_sdk/pepper_29/toolchain/linux_x86_newlib/bin/../lib/gcc/x86_64-nacl/4.4.3/../../../../x86_64-nacl/lib/../lib32/libnacl.a(start.o)
                                         0x38 (size before relaxing)
 .eh_frame      0x00000000100223d4       0x1c /home/tx/workspace/nacl_sdk/pepper_29/toolchain/linux_x86_newlib/bin/../lib/gcc/x86_64-nacl/4.4.3/../../../../x86_64-nacl/lib/../lib32/libnacl.a(sysconf.o)
                                         0x34 (size before relaxing)
 .eh_frame      0x00000000100223f0       0x58 /home/tx/workspace/nacl_sdk/pepper_29/toolchain/linux_x86_newlib/bin/../lib/gcc/x86_64-nacl/4.4.3/../../../../x86_64-nacl/lib/../lib32/libnacl.a(tls.o)
                                         0x70 (size before relaxing)
 .eh_frame      0x0000000010022448       0x1c /home/tx/workspace/nacl_sdk/pepper_29/toolchain/linux_x86_newlib/bin/../lib/gcc/x86_64-nacl/4.4.3/../../../../x86_64-nacl/lib/../lib32/libnacl.a(write.o)
                                         0x34 (size before relaxing)
 .eh_frame      0x0000000010022464       0x14 /home/tx/workspace/nacl_sdk/pepper_29/toolchain/linux_x86_newlib/bin/../lib/gcc/x86_64-nacl/4.4.3/../../../../x86_64-nacl/lib/../lib32/libnacl.a(nacl_tls_init.o)
                                         0x2c (size before relaxing)
 .eh_frame      0x0000000010022478       0x20 /home/tx/workspace/nacl_sdk/pepper_29/toolchain/linux_x86_newlib/bin/../lib/gcc/x86_64-nacl/4.4.3/32/libgcc.a(_udivdi3.o)
                                         0x38 (size before relaxing)
 .eh_frame      0x0000000010022498       0x20 /home/tx/workspace/nacl_sdk/pepper_29/toolchain/linux_x86_newlib/bin/../lib/gcc/x86_64-nacl/4.4.3/32/libgcc.a(_umoddi3.o)
                                         0x38 (size before relaxing)
 .eh_frame      0x00000000100224b8        0x4 /home/tx/workspace/nacl_sdk/pepper_29/toolchain/linux_x86_newlib/bin/../lib/gcc/x86_64-nacl/4.4.3/32/crtend.o

.gcc_except_table
 *(.gcc_except_table .gcc_except_table.*)
                0x00000000100224bc                . = (ALIGN (0x10000) - ((0x10000 - .) & 0xffff))
                0x0000000010030000                . = (0x10000 DATA_SEGMENT_ALIGN 0x10000)

.eh_frame
 *(.eh_frame)

.gcc_except_table
 *(.gcc_except_table .gcc_except_table.*)

.tdata          0x0000000010030000      0x460
                0x0000000010030000                PROVIDE (__tls_template_start, .)
 *(.tdata .tdata.* .gnu.linkonce.td.*)
 .tdata         0x0000000010030000      0x460 /home/tx/workspace/nacl_sdk/pepper_29/toolchain/linux_x86_newlib/bin/../lib/gcc/x86_64-nacl/4.4.3/../../../../x86_64-nacl/lib/../lib32/libcrt_common.a(lib_a-impure.o)
                0x0000000010030000                _impure_ptr
                0x0000000010030460                . = ALIGN (0x20)
                0x0000000010030460                PROVIDE (__tls_template_tdata_end, .)

.tbss           0x0000000010030460       0x20
 *(.tbss .tbss.* .gnu.linkonce.tb.*)
 .tbss          0x0000000010030460        0x8 /home/tx/workspace/nacl_sdk/pepper_29/toolchain/linux_x86_newlib/bin/../lib/gcc/x86_64-nacl/4.4.3/../../../../x86_64-nacl/lib/../lib32/libpthread.a(nc_thread.o)
 .tbss          0x0000000010030468       0x14 /home/tx/workspace/nacl_sdk/pepper_29/toolchain/linux_x86_newlib/bin/../lib/gcc/x86_64-nacl/4.4.3/../../../../x86_64-nacl/lib/../lib32/libpthread.a(futex.o)
 *(.tcommon)
                0x0000000010030480                . = ALIGN (0x20)
 *fill*         0x000000001003047c        0x4 00
                0x00000000100304a0                PROVIDE (__tls_template_end, (. + SIZEOF (.tbss)))

.preinit_array  0x0000000010030460        0x0
                0x0000000010030460                PROVIDE (__preinit_array_start, .)
 *(.preinit_array)
                0x0000000010030460                PROVIDE (__preinit_array_end, .)

.init_array     0x0000000010030460        0x0
                0x0000000010030460                PROVIDE (__init_array_start, .)
 *(SORT(.init_array.*))
 *(.init_array)
                0x0000000010030460                PROVIDE (__init_array_end, .)

.fini_array     0x0000000010030460        0x0
                0x0000000010030460                PROVIDE (__fini_array_start, .)
 *(.fini_array)
 *(SORT(.fini_array.*))
                0x0000000010030460                PROVIDE (__fini_array_end, .)

.ctors          0x0000000010030460        0x8
 *crtbegin.o(.ctors)
 .ctors         0x0000000010030460        0x4 /home/tx/workspace/nacl_sdk/pepper_29/toolchain/linux_x86_newlib/bin/../lib/gcc/x86_64-nacl/4.4.3/32/crtbegin.o
 *crtbegin?.o(.ctors)
 *(EXCLUDE_FILE(*crtend?.o *crtend.o) .ctors)
 *(SORT(.ctors.*))
 *(.ctors)
 .ctors         0x0000000010030464        0x4 /home/tx/workspace/nacl_sdk/pepper_29/toolchain/linux_x86_newlib/bin/../lib/gcc/x86_64-nacl/4.4.3/32/crtend.o

.dtors          0x0000000010030468        0x8
 *crtbegin.o(.dtors)
 .dtors         0x0000000010030468        0x4 /home/tx/workspace/nacl_sdk/pepper_29/toolchain/linux_x86_newlib/bin/../lib/gcc/x86_64-nacl/4.4.3/32/crtbegin.o
 *crtbegin?.o(.dtors)
 *(EXCLUDE_FILE(*crtend?.o *crtend.o) .dtors)
 *(SORT(.dtors.*))
 *(.dtors)
 .dtors         0x000000001003046c        0x4 /home/tx/workspace/nacl_sdk/pepper_29/toolchain/linux_x86_newlib/bin/../lib/gcc/x86_64-nacl/4.4.3/32/crtend.o
                0x000000001003046c                __DTOR_END__

.jcr            0x0000000010030470        0x4
 *(.jcr)
 .jcr           0x0000000010030470        0x0 /home/tx/workspace/nacl_sdk/pepper_29/toolchain/linux_x86_newlib/bin/../lib/gcc/x86_64-nacl/4.4.3/32/crtbegin.o
 .jcr           0x0000000010030470        0x4 /home/tx/workspace/nacl_sdk/pepper_29/toolchain/linux_x86_newlib/bin/../lib/gcc/x86_64-nacl/4.4.3/32/crtend.o

.data.rel.ro
 *(.data.rel.ro.local* .gnu.linkonce.d.rel.ro.local.*)
 *(.data.rel.ro* .gnu.linkonce.d.rel.ro.*)

.dynamic
 *(.dynamic)

.got            0x0000000010030474        0x0
 *(.got)
 .got           0x0000000000000000        0x0 /home/tx/workspace/nacl_sdk/pepper_29/toolchain/linux_x86_newlib/bin/../lib/gcc/x86_64-nacl/4.4.3/32/crtbegin.o
 *(.igot)
                0x0000000010030474                . = (. DATA_SEGMENT_RELRO_END 0xc)
                0x0000000010040000                . = ALIGN (0x10000)

.got.plt        0x0000000010040000        0xc
 *(.got.plt)
 .got.plt       0x0000000010040000        0xc /home/tx/workspace/nacl_sdk/pepper_29/toolchain/linux_x86_newlib/bin/../lib/gcc/x86_64-nacl/4.4.3/32/crtbegin.o
                0x0000000010040000                _GLOBAL_OFFSET_TABLE_
 *(.igot.plt)
 .igot.plt      0x0000000000000000        0x0 /home/tx/workspace/nacl_sdk/pepper_29/toolchain/linux_x86_newlib/bin/../lib/gcc/x86_64-nacl/4.4.3/32/crtbegin.o

.data           0x0000000010040020      0x69c
 *(.data .data.* .gnu.linkonce.d.*)
 .data          0x0000000010040020        0x0 /home/tx/workspace/nacl_sdk/pepper_29/toolchain/linux_x86_newlib/bin/../lib/gcc/x86_64-nacl/4.4.3/../../../../x86_64-nacl/lib/../lib32/crti.o
 .data          0x0000000010040020        0x4 /home/tx/workspace/nacl_sdk/pepper_29/toolchain/linux_x86_newlib/bin/../lib/gcc/x86_64-nacl/4.4.3/32/crtbegin.o
                0x0000000010040020                __dso_handle
 .data          0x0000000010040024       0x18 newlib/Debug/tmp_x86_32.o
 .data          0x000000001004003c        0x0 /home/tx/workspace/nacl_sdk/pepper_29/toolchain/linux_x86_newlib/bin/../lib/gcc/x86_64-nacl/4.4.3/../../../../x86_64-nacl/lib/../lib32/libppapi_stub.a(plugin_main_irt.o)
 .data          0x000000001004003c        0x0 /home/tx/workspace/nacl_sdk/pepper_29/toolchain/linux_x86_newlib/bin/../lib/gcc/x86_64-nacl/4.4.3/../../../../x86_64-nacl/lib/../lib32/libppapi_stub.a(ppapi_plugin_main.o)
 .data          0x000000001004003c        0x0 /home/tx/workspace/nacl_sdk/pepper_29/toolchain/linux_x86_newlib/bin/../lib/gcc/x86_64-nacl/4.4.3/../../../../x86_64-nacl/lib/../lib32/libppapi_stub.a(ppapi_plugin_start.o)
 .data          0x000000001004003c        0x0 /home/tx/workspace/nacl_sdk/pepper_29/toolchain/linux_x86_newlib/bin/../lib/gcc/x86_64-nacl/4.4.3/../../../../x86_64-nacl/lib/../lib32/libppapi_stub.a(thread_creator.o)
 .data          0x000000001004003c        0x4 /home/tx/workspace/nacl_sdk/pepper_29/toolchain/linux_x86_newlib/bin/../lib/gcc/x86_64-nacl/4.4.3/../../../../x86_64-nacl/lib/../lib32/libpthread.a(nc_thread.o)
                0x000000001004003c                __nc_running_threads_counter
 .data          0x0000000010040040        0x0 /home/tx/workspace/nacl_sdk/pepper_29/toolchain/linux_x86_newlib/bin/../lib/gcc/x86_64-nacl/4.4.3/../../../../x86_64-nacl/lib/../lib32/libpthread.a(nc_mutex.o)
 .data          0x0000000010040040        0x0 /home/tx/workspace/nacl_sdk/pepper_29/toolchain/linux_x86_newlib/bin/../lib/gcc/x86_64-nacl/4.4.3/../../../../x86_64-nacl/lib/../lib32/libpthread.a(nc_condvar.o)
 .data          0x0000000010040040        0x0 /home/tx/workspace/nacl_sdk/pepper_29/toolchain/linux_x86_newlib/bin/../lib/gcc/x86_64-nacl/4.4.3/../../../../x86_64-nacl/lib/../lib32/libpthread.a(nc_init_irt.o)
 .data          0x0000000010040040        0x4 /home/tx/workspace/nacl_sdk/pepper_29/toolchain/linux_x86_newlib/bin/../lib/gcc/x86_64-nacl/4.4.3/../../../../x86_64-nacl/lib/../lib32/libpthread.a(dynamic_annotations.o)
 .data          0x0000000010040044        0xc /home/tx/workspace/nacl_sdk/pepper_29/toolchain/linux_x86_newlib/bin/../lib/gcc/x86_64-nacl/4.4.3/../../../../x86_64-nacl/lib/../lib32/libpthread.a(futex.o)
 .data          0x0000000010040050        0x0 /home/tx/workspace/nacl_sdk/pepper_29/toolchain/linux_x86_newlib/bin/../lib/gcc/x86_64-nacl/4.4.3/../../../../x86_64-nacl/lib/../lib32/libcrt_common.a(lib_a-assert.o)
 .data          0x0000000010040050        0x4 /home/tx/workspace/nacl_sdk/pepper_29/toolchain/linux_x86_newlib/bin/../lib/gcc/x86_64-nacl/4.4.3/../../../../x86_64-nacl/lib/../lib32/libcrt_common.a(lib_a-environ.o)
                0x0000000010040050                environ
 .data          0x0000000010040054        0x0 /home/tx/workspace/nacl_sdk/pepper_29/toolchain/linux_x86_newlib/bin/../lib/gcc/x86_64-nacl/4.4.3/../../../../x86_64-nacl/lib/../lib32/libcrt_common.a(lib_a-exit.o)
 .data          0x0000000010040054        0x0 /home/tx/workspace/nacl_sdk/pepper_29/toolchain/linux_x86_newlib/bin/../lib/gcc/x86_64-nacl/4.4.3/../../../../x86_64-nacl/lib/../lib32/libcrt_common.a(lib_a-fiprintf.o)
 .data          0x0000000010040054        0x0 /home/tx/workspace/nacl_sdk/pepper_29/toolchain/linux_x86_newlib/bin/../lib/gcc/x86_64-nacl/4.4.3/../../../../x86_64-nacl/lib/../lib32/libcrt_common.a(lib_a-getenv.o)
 .data          0x0000000010040054        0x0 /home/tx/workspace/nacl_sdk/pepper_29/toolchain/linux_x86_newlib/bin/../lib/gcc/x86_64-nacl/4.4.3/../../../../x86_64-nacl/lib/../lib32/libcrt_common.a(lib_a-getenv_r.o)
 *fill*         0x0000000010040054        0xc 00
 .data          0x0000000010040060      0x458 /home/tx/workspace/nacl_sdk/pepper_29/toolchain/linux_x86_newlib/bin/../lib/gcc/x86_64-nacl/4.4.3/../../../../x86_64-nacl/lib/../lib32/libcrt_common.a(lib_a-impure.o)
 .data          0x00000000100404b8        0x0 /home/tx/workspace/nacl_sdk/pepper_29/toolchain/linux_x86_newlib/bin/../lib/gcc/x86_64-nacl/4.4.3/../../../../x86_64-nacl/lib/../lib32/libcrt_common.a(lib_a-memcpy.o)
 .data          0x00000000100404b8        0x0 /home/tx/workspace/nacl_sdk/pepper_29/toolchain/linux_x86_newlib/bin/../lib/gcc/x86_64-nacl/4.4.3/../../../../x86_64-nacl/lib/../lib32/libcrt_common.a(lib_a-strcat.o)
 .data          0x00000000100404b8        0x0 /home/tx/workspace/nacl_sdk/pepper_29/toolchain/linux_x86_newlib/bin/../lib/gcc/x86_64-nacl/4.4.3/../../../../x86_64-nacl/lib/../lib32/libcrt_common.a(lib_a-strcmp.o)
 .data          0x00000000100404b8        0x0 /home/tx/workspace/nacl_sdk/pepper_29/toolchain/linux_x86_newlib/bin/../lib/gcc/x86_64-nacl/4.4.3/../../../../x86_64-nacl/lib/../lib32/libcrt_common.a(lib_a-strcpy.o)
 .data          0x00000000100404b8        0x0 /home/tx/workspace/nacl_sdk/pepper_29/toolchain/linux_x86_newlib/bin/../lib/gcc/x86_64-nacl/4.4.3/../../../../x86_64-nacl/lib/../lib32/libcrt_common.a(lib_a-strlen.o)
 .data          0x00000000100404b8        0x0 /home/tx/workspace/nacl_sdk/pepper_29/toolchain/linux_x86_newlib/bin/../lib/gcc/x86_64-nacl/4.4.3/../../../../x86_64-nacl/lib/../lib32/libcrt_common.a(lib_a-strncmp.o)
 .data          0x00000000100404b8        0x0 /home/tx/workspace/nacl_sdk/pepper_29/toolchain/linux_x86_newlib/bin/../lib/gcc/x86_64-nacl/4.4.3/../../../../x86_64-nacl/lib/../lib32/libcrt_common.a(lib_a-vfiprintf.o)
 .data          0x00000000100404b8        0x0 /home/tx/workspace/nacl_sdk/pepper_29/toolchain/linux_x86_newlib/bin/../lib/gcc/x86_64-nacl/4.4.3/../../../../x86_64-nacl/lib/../lib32/libcrt_common.a(lib_a-wcrtomb.o)
 .data          0x00000000100404b8        0x0 /home/tx/workspace/nacl_sdk/pepper_29/toolchain/linux_x86_newlib/bin/../lib/gcc/x86_64-nacl/4.4.3/../../../../x86_64-nacl/lib/../lib32/libcrt_common.a(lib_a-wcsrtombs.o)
 .data          0x00000000100404b8        0x4 /home/tx/workspace/nacl_sdk/pepper_29/toolchain/linux_x86_newlib/bin/../lib/gcc/x86_64-nacl/4.4.3/../../../../x86_64-nacl/lib/../lib32/libcrt_common.a(lib_a-wctomb_r.o)
                0x00000000100404b8                __wctomb
 .data          0x00000000100404bc        0x0 /home/tx/workspace/nacl_sdk/pepper_29/toolchain/linux_x86_newlib/bin/../lib/gcc/x86_64-nacl/4.4.3/../../../../x86_64-nacl/lib/../lib32/libcrt_common.a(lib_a-wsetup.o)
 .data          0x00000000100404bc        0x0 /home/tx/workspace/nacl_sdk/pepper_29/toolchain/linux_x86_newlib/bin/../lib/gcc/x86_64-nacl/4.4.3/../../../../x86_64-nacl/lib/../lib32/libcrt_common.a(lib_a-abort.o)
 .data          0x00000000100404bc        0x0 /home/tx/workspace/nacl_sdk/pepper_29/toolchain/linux_x86_newlib/bin/../lib/gcc/x86_64-nacl/4.4.3/../../../../x86_64-nacl/lib/../lib32/libcrt_common.a(lib_a-__call_atexit.o)
 .data          0x00000000100404bc       0x14 /home/tx/workspace/nacl_sdk/pepper_29/toolchain/linux_x86_newlib/bin/../lib/gcc/x86_64-nacl/4.4.3/../../../../x86_64-nacl/lib/../lib32/libcrt_common.a(lib_a-envlock.o)
 .data          0x00000000100404d0        0x0 /home/tx/workspace/nacl_sdk/pepper_29/toolchain/linux_x86_newlib/bin/../lib/gcc/x86_64-nacl/4.4.3/../../../../x86_64-nacl/lib/../lib32/libcrt_common.a(lib_a-fflush.o)
 .data          0x00000000100404d0       0x28 /home/tx/workspace/nacl_sdk/pepper_29/toolchain/linux_x86_newlib/bin/../lib/gcc/x86_64-nacl/4.4.3/../../../../x86_64-nacl/lib/../lib32/libcrt_common.a(lib_a-findfp.o)
 .data          0x00000000100404f8        0x0 /home/tx/workspace/nacl_sdk/pepper_29/toolchain/linux_x86_newlib/bin/../lib/gcc/x86_64-nacl/4.4.3/../../../../x86_64-nacl/lib/../lib32/libcrt_common.a(lib_a-fputwc.o)
 .data          0x00000000100404f8        0x0 /home/tx/workspace/nacl_sdk/pepper_29/toolchain/linux_x86_newlib/bin/../lib/gcc/x86_64-nacl/4.4.3/../../../../x86_64-nacl/lib/../lib32/libcrt_common.a(lib_a-fvwrite.o)
 .data          0x00000000100404f8        0x0 /home/tx/workspace/nacl_sdk/pepper_29/toolchain/linux_x86_newlib/bin/../lib/gcc/x86_64-nacl/4.4.3/../../../../x86_64-nacl/lib/../lib32/libcrt_common.a(lib_a-fwalk.o)
 *fill*         0x00000000100404f8        0x8 00
 .data          0x0000000010040500      0x1a0 /home/tx/workspace/nacl_sdk/pepper_29/toolchain/linux_x86_newlib/bin/../lib/gcc/x86_64-nacl/4.4.3/../../../../x86_64-nacl/lib/../lib32/libcrt_common.a(lib_a-locale.o)
                0x0000000010040500                __mb_cur_max
                0x0000000010040520                __default_locale
 .data          0x00000000100406a0        0x0 /home/tx/workspace/nacl_sdk/pepper_29/toolchain/linux_x86_newlib/bin/../lib/gcc/x86_64-nacl/4.4.3/../../../../x86_64-nacl/lib/../lib32/libcrt_common.a(lib_a-makebuf.o)
 .data          0x00000000100406a0        0x4 /home/tx/workspace/nacl_sdk/pepper_29/toolchain/linux_x86_newlib/bin/../lib/gcc/x86_64-nacl/4.4.3/../../../../x86_64-nacl/lib/../lib32/libcrt_common.a(lib_a-mbtowc_r.o)
                0x00000000100406a0                __mbtowc
 .data          0x00000000100406a4        0x0 /home/tx/workspace/nacl_sdk/pepper_29/toolchain/linux_x86_newlib/bin/../lib/gcc/x86_64-nacl/4.4.3/../../../../x86_64-nacl/lib/../lib32/libcrt_common.a(lib_a-memchr.o)
 .data          0x00000000100406a4        0x0 /home/tx/workspace/nacl_sdk/pepper_29/toolchain/linux_x86_newlib/bin/../lib/gcc/x86_64-nacl/4.4.3/../../../../x86_64-nacl/lib/../lib32/libcrt_common.a(lib_a-memmove.o)
 .data          0x00000000100406a4        0x0 /home/tx/workspace/nacl_sdk/pepper_29/toolchain/linux_x86_newlib/bin/../lib/gcc/x86_64-nacl/4.4.3/../../../../x86_64-nacl/lib/../lib32/libcrt_common.a(lib_a-memset.o)
 .data          0x00000000100406a4        0x0 /home/tx/workspace/nacl_sdk/pepper_29/toolchain/linux_x86_newlib/bin/../lib/gcc/x86_64-nacl/4.4.3/../../../../x86_64-nacl/lib/../lib32/libcrt_common.a(lib_a-stdio.o)
 .data          0x00000000100406a4        0x0 /home/tx/workspace/nacl_sdk/pepper_29/toolchain/linux_x86_newlib/bin/../lib/gcc/x86_64-nacl/4.4.3/../../../../x86_64-nacl/lib/../lib32/libcrt_common.a(lib_a-strcasecmp.o)
 .data          0x00000000100406a4        0x0 /home/tx/workspace/nacl_sdk/pepper_29/toolchain/linux_x86_newlib/bin/../lib/gcc/x86_64-nacl/4.4.3/../../../../x86_64-nacl/lib/../lib32/libcrt_common.a(lib_a-strchr.o)
 .data          0x00000000100406a4        0x0 /home/tx/workspace/nacl_sdk/pepper_29/toolchain/linux_x86_newlib/bin/../lib/gcc/x86_64-nacl/4.4.3/../../../../x86_64-nacl/lib/../lib32/libcrt_common.a(lib_a-strlcpy.o)
 .data          0x00000000100406a4        0x0 /home/tx/workspace/nacl_sdk/pepper_29/toolchain/linux_x86_newlib/bin/../lib/gcc/x86_64-nacl/4.4.3/../../../../x86_64-nacl/lib/../lib32/libcrt_common.a(lib_a-strncasecmp.o)
 .data          0x00000000100406a4        0x0 /home/tx/workspace/nacl_sdk/pepper_29/toolchain/linux_x86_newlib/bin/../lib/gcc/x86_64-nacl/4.4.3/../../../../x86_64-nacl/lib/../lib32/libcrt_common.a(lib_a-strncpy.o)
 .data          0x00000000100406a4        0x0 /home/tx/workspace/nacl_sdk/pepper_29/toolchain/linux_x86_newlib/bin/../lib/gcc/x86_64-nacl/4.4.3/../../../../x86_64-nacl/lib/../lib32/libcrt_common.a(lib_a-strtol.o)
 .data          0x00000000100406a4        0x0 /home/tx/workspace/nacl_sdk/pepper_29/toolchain/linux_x86_newlib/bin/../lib/gcc/x86_64-nacl/4.4.3/../../../../x86_64-nacl/lib/../lib32/libcrt_common.a(lib_a-wbuf.o)
 .data          0x00000000100406a4        0x0 /home/tx/workspace/nacl_sdk/pepper_29/toolchain/linux_x86_newlib/bin/../lib/gcc/x86_64-nacl/4.4.3/../../../../x86_64-nacl/lib/../lib32/libcrt_common.a(lib_a-wcsnrtombs.o)
 .data          0x00000000100406a4        0x0 /home/tx/workspace/nacl_sdk/pepper_29/toolchain/linux_x86_newlib/bin/../lib/gcc/x86_64-nacl/4.4.3/../../../../x86_64-nacl/lib/../lib32/libcrt_common.a(lib_a-writer.o)
 .data          0x00000000100406a4       0x14 /home/tx/workspace/nacl_sdk/pepper_29/toolchain/linux_x86_newlib/bin/../lib/gcc/x86_64-nacl/4.4.3/../../../../x86_64-nacl/lib/../lib32/libcrt_common.a(lib_a-__atexit.o)
                0x00000000100406a4                __atexit_lock
 .data          0x00000000100406b8        0x0 /home/tx/workspace/nacl_sdk/pepper_29/toolchain/linux_x86_newlib/bin/../lib/gcc/x86_64-nacl/4.4.3/../../../../x86_64-nacl/lib/../lib32/libcrt_common.a(lib_a-closer.o)
 .data          0x00000000100406b8        0x4 /home/tx/workspace/nacl_sdk/pepper_29/toolchain/linux_x86_newlib/bin/../lib/gcc/x86_64-nacl/4.4.3/../../../../x86_64-nacl/lib/../lib32/libcrt_common.a(lib_a-ctype_.o)
                0x00000000100406b8                __ctype_ptr__
 .data          0x00000000100406bc        0x0 /home/tx/workspace/nacl_sdk/pepper_29/toolchain/linux_x86_newlib/bin/../lib/gcc/x86_64-nacl/4.4.3/../../../../x86_64-nacl/lib/../lib32/libcrt_common.a(lib_a-fclose.o)
 .data          0x00000000100406bc        0x0 /home/tx/workspace/nacl_sdk/pepper_29/toolchain/linux_x86_newlib/bin/../lib/gcc/x86_64-nacl/4.4.3/../../../../x86_64-nacl/lib/../lib32/libcrt_common.a(lib_a-fstatr.o)
 .data          0x00000000100406bc        0x0 /home/tx/workspace/nacl_sdk/pepper_29/toolchain/linux_x86_newlib/bin/../lib/gcc/x86_64-nacl/4.4.3/../../../../x86_64-nacl/lib/../lib32/libcrt_common.a(lib_a-isattyr.o)
 .data          0x00000000100406bc        0x0 /home/tx/workspace/nacl_sdk/pepper_29/toolchain/linux_x86_newlib/bin/../lib/gcc/x86_64-nacl/4.4.3/../../../../x86_64-nacl/lib/../lib32/libcrt_common.a(lib_a-lseekr.o)
 .data          0x00000000100406bc        0x0 /home/tx/workspace/nacl_sdk/pepper_29/toolchain/linux_x86_newlib/bin/../lib/gcc/x86_64-nacl/4.4.3/../../../../x86_64-nacl/lib/../lib32/libcrt_common.a(lib_a-readr.o)
 .data          0x00000000100406bc        0x0 /home/tx/workspace/nacl_sdk/pepper_29/toolchain/linux_x86_newlib/bin/../lib/gcc/x86_64-nacl/4.4.3/../../../../x86_64-nacl/lib/../lib32/libcrt_common.a(lib_a-reent.o)
 .data          0x00000000100406bc        0x0 /home/tx/workspace/nacl_sdk/pepper_29/toolchain/linux_x86_newlib/bin/../lib/gcc/x86_64-nacl/4.4.3/../../../../x86_64-nacl/lib/../lib32/libcrt_common.a(lib_a-isatty.o)
 .data          0x00000000100406bc        0x0 /home/tx/workspace/nacl_sdk/pepper_29/toolchain/linux_x86_newlib/bin/../lib/gcc/x86_64-nacl/4.4.3/../../../../x86_64-nacl/lib/../lib32/libcrt_common.a(lib_a-_isatty.o)
 .data          0x00000000100406bc        0x0 /home/tx/workspace/nacl_sdk/pepper_29/toolchain/linux_x86_newlib/bin/../lib/gcc/x86_64-nacl/4.4.3/../../../../x86_64-nacl/lib/../lib32/libcrt_common.a(lib_a-errno.o)
 .data          0x00000000100406bc        0x0 /home/tx/workspace/nacl_sdk/pepper_29/toolchain/linux_x86_newlib/bin/../lib/gcc/x86_64-nacl/4.4.3/../../../../x86_64-nacl/lib/../lib32/libnacl.a(nacl_irt.o)
 .data          0x00000000100406bc        0x0 /home/tx/workspace/nacl_sdk/pepper_29/toolchain/linux_x86_newlib/bin/../lib/gcc/x86_64-nacl/4.4.3/../../../../x86_64-nacl/lib/../lib32/libnacl.a(close.o)
 .data          0x00000000100406bc        0x0 /home/tx/workspace/nacl_sdk/pepper_29/toolchain/linux_x86_newlib/bin/../lib/gcc/x86_64-nacl/4.4.3/../../../../x86_64-nacl/lib/../lib32/libnacl.a(_exit.o)
 .data          0x00000000100406bc        0x0 /home/tx/workspace/nacl_sdk/pepper_29/toolchain/linux_x86_newlib/bin/../lib/gcc/x86_64-nacl/4.4.3/../../../../x86_64-nacl/lib/../lib32/libnacl.a(fstat.o)
 .data          0x00000000100406bc        0x0 /home/tx/workspace/nacl_sdk/pepper_29/toolchain/linux_x86_newlib/bin/../lib/gcc/x86_64-nacl/4.4.3/../../../../x86_64-nacl/lib/../lib32/libnacl.a(lseek.o)
 .data          0x00000000100406bc        0x0 /home/tx/workspace/nacl_sdk/pepper_29/toolchain/linux_x86_newlib/bin/../lib/gcc/x86_64-nacl/4.4.3/../../../../x86_64-nacl/lib/../lib32/libnacl.a(malloc.o)
 .data          0x00000000100406bc        0x0 /home/tx/workspace/nacl_sdk/pepper_29/toolchain/linux_x86_newlib/bin/../lib/gcc/x86_64-nacl/4.4.3/../../../../x86_64-nacl/lib/../lib32/libnacl.a(mmap.o)
 .data          0x00000000100406bc        0x0 /home/tx/workspace/nacl_sdk/pepper_29/toolchain/linux_x86_newlib/bin/../lib/gcc/x86_64-nacl/4.4.3/../../../../x86_64-nacl/lib/../lib32/libnacl.a(munmap.o)
 .data          0x00000000100406bc        0x0 /home/tx/workspace/nacl_sdk/pepper_29/toolchain/linux_x86_newlib/bin/../lib/gcc/x86_64-nacl/4.4.3/../../../../x86_64-nacl/lib/../lib32/libnacl.a(nacl_read_tp.o)
 .data          0x00000000100406bc        0x0 /home/tx/workspace/nacl_sdk/pepper_29/toolchain/linux_x86_newlib/bin/../lib/gcc/x86_64-nacl/4.4.3/../../../../x86_64-nacl/lib/../lib32/libnacl.a(read.o)
 .data          0x00000000100406bc        0x0 /home/tx/workspace/nacl_sdk/pepper_29/toolchain/linux_x86_newlib/bin/../lib/gcc/x86_64-nacl/4.4.3/../../../../x86_64-nacl/lib/../lib32/libnacl.a(pthread_initialize_minimal.o)
 .data          0x00000000100406bc        0x0 /home/tx/workspace/nacl_sdk/pepper_29/toolchain/linux_x86_newlib/bin/../lib/gcc/x86_64-nacl/4.4.3/../../../../x86_64-nacl/lib/../lib32/libnacl.a(sbrk.o)
 .data          0x00000000100406bc        0x0 /home/tx/workspace/nacl_sdk/pepper_29/toolchain/linux_x86_newlib/bin/../lib/gcc/x86_64-nacl/4.4.3/../../../../x86_64-nacl/lib/../lib32/libnacl.a(sched_yield.o)
 .data          0x00000000100406bc        0x0 /home/tx/workspace/nacl_sdk/pepper_29/toolchain/linux_x86_newlib/bin/../lib/gcc/x86_64-nacl/4.4.3/../../../../x86_64-nacl/lib/../lib32/libnacl.a(start.o)
 .data          0x00000000100406bc        0x0 /home/tx/workspace/nacl_sdk/pepper_29/toolchain/linux_x86_newlib/bin/../lib/gcc/x86_64-nacl/4.4.3/../../../../x86_64-nacl/lib/../lib32/libnacl.a(sysconf.o)
 .data          0x00000000100406bc        0x0 /home/tx/workspace/nacl_sdk/pepper_29/toolchain/linux_x86_newlib/bin/../lib/gcc/x86_64-nacl/4.4.3/../../../../x86_64-nacl/lib/../lib32/libnacl.a(tls.o)
 .data          0x00000000100406bc        0x0 /home/tx/workspace/nacl_sdk/pepper_29/toolchain/linux_x86_newlib/bin/../lib/gcc/x86_64-nacl/4.4.3/../../../../x86_64-nacl/lib/../lib32/libnacl.a(write.o)
 .data          0x00000000100406bc        0x0 /home/tx/workspace/nacl_sdk/pepper_29/toolchain/linux_x86_newlib/bin/../lib/gcc/x86_64-nacl/4.4.3/../../../../x86_64-nacl/lib/../lib32/libnacl.a(nacl_tls_init.o)
 .data          0x00000000100406bc        0x0 /home/tx/workspace/nacl_sdk/pepper_29/toolchain/linux_x86_newlib/bin/../lib/gcc/x86_64-nacl/4.4.3/../../../../x86_64-nacl/lib/../lib32/libcrt_common.a(lib_a-atexit.o)
 .data          0x00000000100406bc        0x0 /home/tx/workspace/nacl_sdk/pepper_29/toolchain/linux_x86_newlib/bin/../lib/gcc/x86_64-nacl/4.4.3/../../../../x86_64-nacl/lib/../lib32/libcrt_common.a(lib_a-fini.o)
 .data          0x00000000100406bc        0x0 /home/tx/workspace/nacl_sdk/pepper_29/toolchain/linux_x86_newlib/bin/../lib/gcc/x86_64-nacl/4.4.3/../../../../x86_64-nacl/lib/../lib32/libcrt_common.a(lib_a-fprintf.o)
 .data          0x00000000100406bc        0x0 /home/tx/workspace/nacl_sdk/pepper_29/toolchain/linux_x86_newlib/bin/../lib/gcc/x86_64-nacl/4.4.3/../../../../x86_64-nacl/lib/../lib32/libcrt_common.a(lib_a-init.o)
 .data          0x00000000100406bc        0x0 /home/tx/workspace/nacl_sdk/pepper_29/toolchain/linux_x86_newlib/bin/../lib/gcc/x86_64-nacl/4.4.3/../../../../x86_64-nacl/lib/../lib32/libcrt_common.a(lib_a-vfprintf.o)
 .data          0x00000000100406bc        0x0 /home/tx/workspace/nacl_sdk/pepper_29/toolchain/linux_x86_newlib/bin/../lib/gcc/x86_64-nacl/4.4.3/../../../../x86_64-nacl/lib/../lib32/libcrt_common.a(lib_a-dtoa.o)
 .data          0x00000000100406bc        0x0 /home/tx/workspace/nacl_sdk/pepper_29/toolchain/linux_x86_newlib/bin/../lib/gcc/x86_64-nacl/4.4.3/../../../../x86_64-nacl/lib/../lib32/libcrt_common.a(lib_a-mprec.o)
 .data          0x00000000100406bc        0x0 /home/tx/workspace/nacl_sdk/pepper_29/toolchain/linux_x86_newlib/bin/../lib/gcc/x86_64-nacl/4.4.3/../../../../x86_64-nacl/lib/../lib32/libcrt_common.a(lib_a-s_fpclassify.o)
 .data          0x00000000100406bc        0x0 /home/tx/workspace/nacl_sdk/pepper_29/toolchain/linux_x86_newlib/bin/../lib/gcc/x86_64-nacl/4.4.3/../../../../x86_64-nacl/lib/../lib32/libcrt_common.a(lib_a-s_frexp.o)
 .data          0x00000000100406bc        0x0 /home/tx/workspace/nacl_sdk/pepper_29/toolchain/linux_x86_newlib/bin/../lib/gcc/x86_64-nacl/4.4.3/32/libgcc.a(_udivdi3.o)
 .data          0x00000000100406bc        0x0 /home/tx/workspace/nacl_sdk/pepper_29/toolchain/linux_x86_newlib/bin/../lib/gcc/x86_64-nacl/4.4.3/32/libgcc.a(_umoddi3.o)
 .data          0x00000000100406bc        0x0 /home/tx/workspace/nacl_sdk/pepper_29/toolchain/linux_x86_newlib/bin/../lib/gcc/x86_64-nacl/4.4.3/32/crtend.o
 .data          0x00000000100406bc        0x0 /home/tx/workspace/nacl_sdk/pepper_29/toolchain/linux_x86_newlib/bin/../lib/gcc/x86_64-nacl/4.4.3/../../../../x86_64-nacl/lib/../lib32/crtn.o

.data1
 *(.data1)
                0x00000000100406bc                _edata = .
                0x00000000100406bc                PROVIDE (edata, .)
                0x00000000100406bc                __bss_start = .

.bss            0x00000000100406c0     0x1688
 *(.dynbss)
 *(.bss .bss.* .gnu.linkonce.b.*)
 .bss           0x00000000100406c0        0x0 /home/tx/workspace/nacl_sdk/pepper_29/toolchain/linux_x86_newlib/bin/../lib/gcc/x86_64-nacl/4.4.3/../../../../x86_64-nacl/lib/../lib32/crti.o
 .bss           0x00000000100406c0       0x20 /home/tx/workspace/nacl_sdk/pepper_29/toolchain/linux_x86_newlib/bin/../lib/gcc/x86_64-nacl/4.4.3/32/crtbegin.o
 .bss           0x00000000100406e0        0xc newlib/Debug/tmp_x86_32.o
 .bss           0x00000000100406ec        0x0 /home/tx/workspace/nacl_sdk/pepper_29/toolchain/linux_x86_newlib/bin/../lib/gcc/x86_64-nacl/4.4.3/../../../../x86_64-nacl/lib/../lib32/libppapi_stub.a(plugin_main_irt.o)
 .bss           0x00000000100406ec        0x0 /home/tx/workspace/nacl_sdk/pepper_29/toolchain/linux_x86_newlib/bin/../lib/gcc/x86_64-nacl/4.4.3/../../../../x86_64-nacl/lib/../lib32/libppapi_stub.a(ppapi_plugin_main.o)
 .bss           0x00000000100406ec        0x0 /home/tx/workspace/nacl_sdk/pepper_29/toolchain/linux_x86_newlib/bin/../lib/gcc/x86_64-nacl/4.4.3/../../../../x86_64-nacl/lib/../lib32/libppapi_stub.a(ppapi_plugin_start.o)
 .bss           0x00000000100406ec        0x0 /home/tx/workspace/nacl_sdk/pepper_29/toolchain/linux_x86_newlib/bin/../lib/gcc/x86_64-nacl/4.4.3/../../../../x86_64-nacl/lib/../lib32/libppapi_stub.a(thread_creator.o)
 *fill*         0x00000000100406ec       0x14 00
 .bss           0x0000000010040700     0x1020 /home/tx/workspace/nacl_sdk/pepper_29/toolchain/linux_x86_newlib/bin/../lib/gcc/x86_64-nacl/4.4.3/../../../../x86_64-nacl/lib/../lib32/libpthread.a(nc_thread.o)
 .bss           0x0000000010041720        0x0 /home/tx/workspace/nacl_sdk/pepper_29/toolchain/linux_x86_newlib/bin/../lib/gcc/x86_64-nacl/4.4.3/../../../../x86_64-nacl/lib/../lib32/libpthread.a(nc_mutex.o)
 .bss           0x0000000010041720        0x0 /home/tx/workspace/nacl_sdk/pepper_29/toolchain/linux_x86_newlib/bin/../lib/gcc/x86_64-nacl/4.4.3/../../../../x86_64-nacl/lib/../lib32/libpthread.a(nc_condvar.o)
 .bss           0x0000000010041720        0x0 /home/tx/workspace/nacl_sdk/pepper_29/toolchain/linux_x86_newlib/bin/../lib/gcc/x86_64-nacl/4.4.3/../../../../x86_64-nacl/lib/../lib32/libpthread.a(nc_init_irt.o)
 .bss           0x0000000010041720        0x0 /home/tx/workspace/nacl_sdk/pepper_29/toolchain/linux_x86_newlib/bin/../lib/gcc/x86_64-nacl/4.4.3/../../../../x86_64-nacl/lib/../lib32/libpthread.a(dynamic_annotations.o)
 .bss           0x0000000010041720        0x0 /home/tx/workspace/nacl_sdk/pepper_29/toolchain/linux_x86_newlib/bin/../lib/gcc/x86_64-nacl/4.4.3/../../../../x86_64-nacl/lib/../lib32/libpthread.a(futex.o)
 .bss           0x0000000010041720        0x0 /home/tx/workspace/nacl_sdk/pepper_29/toolchain/linux_x86_newlib/bin/../lib/gcc/x86_64-nacl/4.4.3/../../../../x86_64-nacl/lib/../lib32/libcrt_common.a(lib_a-assert.o)
 .bss           0x0000000010041720        0x4 /home/tx/workspace/nacl_sdk/pepper_29/toolchain/linux_x86_newlib/bin/../lib/gcc/x86_64-nacl/4.4.3/../../../../x86_64-nacl/lib/../lib32/libcrt_common.a(lib_a-environ.o)
 .bss           0x0000000010041724        0x0 /home/tx/workspace/nacl_sdk/pepper_29/toolchain/linux_x86_newlib/bin/../lib/gcc/x86_64-nacl/4.4.3/../../../../x86_64-nacl/lib/../lib32/libcrt_common.a(lib_a-exit.o)
 .bss           0x0000000010041724        0x0 /home/tx/workspace/nacl_sdk/pepper_29/toolchain/linux_x86_newlib/bin/../lib/gcc/x86_64-nacl/4.4.3/../../../../x86_64-nacl/lib/../lib32/libcrt_common.a(lib_a-fiprintf.o)
 .bss           0x0000000010041724        0x0 /home/tx/workspace/nacl_sdk/pepper_29/toolchain/linux_x86_newlib/bin/../lib/gcc/x86_64-nacl/4.4.3/../../../../x86_64-nacl/lib/../lib32/libcrt_common.a(lib_a-getenv.o)
 .bss           0x0000000010041724        0x0 /home/tx/workspace/nacl_sdk/pepper_29/toolchain/linux_x86_newlib/bin/../lib/gcc/x86_64-nacl/4.4.3/../../../../x86_64-nacl/lib/../lib32/libcrt_common.a(lib_a-getenv_r.o)
 .bss           0x0000000010041724        0x0 /home/tx/workspace/nacl_sdk/pepper_29/toolchain/linux_x86_newlib/bin/../lib/gcc/x86_64-nacl/4.4.3/../../../../x86_64-nacl/lib/../lib32/libcrt_common.a(lib_a-impure.o)
 .bss           0x0000000010041724        0x0 /home/tx/workspace/nacl_sdk/pepper_29/toolchain/linux_x86_newlib/bin/../lib/gcc/x86_64-nacl/4.4.3/../../../../x86_64-nacl/lib/../lib32/libcrt_common.a(lib_a-memcpy.o)
 .bss           0x0000000010041724        0x0 /home/tx/workspace/nacl_sdk/pepper_29/toolchain/linux_x86_newlib/bin/../lib/gcc/x86_64-nacl/4.4.3/../../../../x86_64-nacl/lib/../lib32/libcrt_common.a(lib_a-strcat.o)
 .bss           0x0000000010041724        0x0 /home/tx/workspace/nacl_sdk/pepper_29/toolchain/linux_x86_newlib/bin/../lib/gcc/x86_64-nacl/4.4.3/../../../../x86_64-nacl/lib/../lib32/libcrt_common.a(lib_a-strcmp.o)
 .bss           0x0000000010041724        0x0 /home/tx/workspace/nacl_sdk/pepper_29/toolchain/linux_x86_newlib/bin/../lib/gcc/x86_64-nacl/4.4.3/../../../../x86_64-nacl/lib/../lib32/libcrt_common.a(lib_a-strcpy.o)
 .bss           0x0000000010041724        0x0 /home/tx/workspace/nacl_sdk/pepper_29/toolchain/linux_x86_newlib/bin/../lib/gcc/x86_64-nacl/4.4.3/../../../../x86_64-nacl/lib/../lib32/libcrt_common.a(lib_a-strlen.o)
 .bss           0x0000000010041724        0x0 /home/tx/workspace/nacl_sdk/pepper_29/toolchain/linux_x86_newlib/bin/../lib/gcc/x86_64-nacl/4.4.3/../../../../x86_64-nacl/lib/../lib32/libcrt_common.a(lib_a-strncmp.o)
 .bss           0x0000000010041724        0x0 /home/tx/workspace/nacl_sdk/pepper_29/toolchain/linux_x86_newlib/bin/../lib/gcc/x86_64-nacl/4.4.3/../../../../x86_64-nacl/lib/../lib32/libcrt_common.a(lib_a-vfiprintf.o)
 .bss           0x0000000010041724        0x0 /home/tx/workspace/nacl_sdk/pepper_29/toolchain/linux_x86_newlib/bin/../lib/gcc/x86_64-nacl/4.4.3/../../../../x86_64-nacl/lib/../lib32/libcrt_common.a(lib_a-wcrtomb.o)
 .bss           0x0000000010041724        0x0 /home/tx/workspace/nacl_sdk/pepper_29/toolchain/linux_x86_newlib/bin/../lib/gcc/x86_64-nacl/4.4.3/../../../../x86_64-nacl/lib/../lib32/libcrt_common.a(lib_a-wcsrtombs.o)